<html>
<body>
<pre>
<h1>µVision Build Log</h1>
<h2>Tool Versions:</h2>
IDE-Version: µVision V5.21.1.0
Copyright (C) 2016 ARM Ltd and ARM Germany GmbH. All rights reserved.
License Information: Joel O'Halleron Northumbria University Flex license: error obtaining information 
Tool Versions:
Toolchain:       MDK-Lite  Version: 5.21a
Toolchain Path:  C:\Keil_v5\ARM\ARMCC\Bin
C Compiler:      Armcc.exe V5.06 update 3 (build 300)
Assembler:       Armasm.exe V5.06 update 3 (build 300)
Linker/Locator:  ArmLink.exe V5.06 update 3 (build 300)
Library Manager: ArmAr.exe V5.06 update 3 (build 300)
Hex Converter:   FromElf.exe V5.06 update 3 (build 300)
CPU DLL:         SARMCM3.DLL V5.21a
Dialog DLL:      DCM.DLL V1.13.8.0
Target DLL:      CMSIS_AGDI.dll V1.26.5.0
Dialog DLL:      TCM.DLL V1.14.14.0
 
<h2>Project:</h2>
F:\Documents\Final Year\Individual Project\8Ball\cm0506_ws\Game\Game.uvprojx
Project File Date:  01/26/2018

<h2>Output:</h2>
*** Using Compiler 'V5.06 update 3 (build 300)', folder: 'C:\Keil_v5\ARM\ARMCC\Bin'
Build Project 'Game' - Target 'NXP LPC4088'
assembling startup_LPC407x_8x_177x_8x.S...
compiling main.cpp...
compiling cmsis_nvic.c...
compiling system_LPC407x_8x_177x_8x.c...
compiling sys_helper.cpp...
compiling sys.cpp...
linking...
F:\Documents\Final Year\Individual Project\8Ball\cm0506_ws\mbed_nxp_lpc408x\targets\cmsis\TARGET_NXP\TARGET_LPC408X\TOOLCHAIN_ARM_STD\LPC407X_8X.sct(28): warning: L6314W: No section matches pattern *.o(SPIFI_MEM).
Program Size: Code=29560 RO-data=4144 RW-data=148 ZI-data=1568  
Finished: 0 information, 1 warning and 0 error messages.
".\Objects\mbed_example.axf" - 0 Error(s), 1 Warning(s).

<h2>Collection of Component include folders:</h2>
  F:\Documents\Final Year\Individual Project\8Ball\cm0506_ws\Game\RTE
  C:\Keil_v5\ARM\PACK\Keil\LPC4000_DFP\2.0.0\Device\Include

<h2>Collection of Component Files used:</h2>
Build Time Elapsed:  00:00:02
</pre>
</body>
</html>
