Component: ARM Compiler 5.06 update 3 (build 300) Tool: armlink [4d35c9]

==============================================================================

Section Cross References

    main.o(i._Z12timerHandlerv) refers to main.o(i._Z9gpio_readP6gpio_t) for gpio_read(gpio_t*)
    main.o(i._Z12timerHandlerv) refers to assert.o(i.mbed_assert_internal) for mbed_assert_internal
    main.o(i._Z12timerHandlerv) refers to main.o(.data) for tickCt
    main.o(i._Z12timerHandlerv) refers to main.o(.bss) for led1
    main.o(i._Z12timerHandlerv) refers to main.o(.conststring) for .conststring
    main.o(i._Z13jsPrsdAndRlsd7btnId_t) refers to main.o(i._Z9gpio_readP6gpio_t) for gpio_read(gpio_t*)
    main.o(i._Z13jsPrsdAndRlsd7btnId_t) refers to main.o(.bss) for jsBtns
    main.o(i._Z13jsPrsdAndRlsd7btnId_t) refers to main.o(.data) for savedState
    main.o(i._Z7accInitR7MMA7455) refers to mma7455.o(i._ZN7MMA74557setModeENS_4ModeE) for MMA7455::setMode(MMA7455::Mode)
    main.o(i._Z7accInitR7MMA7455) refers to mma7455.o(i._ZN7MMA74559calibrateEv) for MMA7455::calibrate()
    main.o(i._Z9gpio_readP6gpio_t) refers to assert.o(i.mbed_assert_internal) for mbed_assert_internal
    main.o(i._Z9gpio_readP6gpio_t) refers to main.o(.conststring) for .conststring
    main.o(i.__sti___8_main_cpp_led1) refers to rt_memclr_w.o(.text) for __aeabi_memclr4
    main.o(i.__sti___8_main_cpp_led1) refers to gpio.o(i.gpio_init_out) for gpio_init_out
    main.o(i.__sti___8_main_cpp_led1) refers to main.o(i._ZN4mbed9DigitalInC1E7PinName) for mbed::DigitalIn::DigitalIn(PinName)
    main.o(i.__sti___8_main_cpp_led1) refers to analogin_api.o(i.analogin_init) for analogin_init
    main.o(i.__sti___8_main_cpp_led1) refers to mma7455.o(i._ZN7MMA7455C1E7PinNameS0_) for MMA7455::MMA7455(PinName, PinName)
    main.o(i.__sti___8_main_cpp_led1) refers to lm75b.o(i._ZN5LM75BC1E7PinNameS0_NS_7AddressEi) for LM75B::LM75B(PinName, PinName, LM75B::Address, int)
    main.o(i.__sti___8_main_cpp_led1) refers to display.o(i._ZN7Display10theDisplayEv) for Display::theDisplay()
    main.o(i.__sti___8_main_cpp_led1) refers to main.o(.bss) for led1
    main.o(i.__sti___8_main_cpp_led1) refers to main.o(.data) for pot
    main.o(i.main) refers to adafruit_gfx.o(i._ZN12Adafruit_GFX12setTextColorEtt) for Adafruit_GFX::setTextColor(unsigned short, unsigned short)
    main.o(i.main) refers to timerevent.o(i._ZN4mbed10TimerEventC2Ev) for mbed::TimerEvent::TimerEvent__sub_object()
    main.o(i.main) refers to main.o(t._ZN4mbed19FunctionPointerArg1IvvE6attachEPFvvE) for mbed::FunctionPointerArg1<void, void>::attach(void(*)())
    main.o(i.main) refers to ticker.o(i._ZN4mbed6Ticker5setupEj) for mbed::Ticker::setup(unsigned)
    main.o(i.main) refers to ticker.o(i._ZN4mbed6Ticker6detachEv) for mbed::Ticker::detach()
    main.o(i.main) refers to timerevent.o(i._ZN4mbed10TimerEventD2Ev) for mbed::TimerEvent::~TimerEvent__sub_object()
    main.o(i.main) refers to main.o(.data) for screen
    main.o(i.main) refers to ticker.o(.constdata__ZTVN4mbed6TickerE) for vtable for mbed::Ticker
    main.o(i.main) refers to main.o(i._Z12timerHandlerv) for timerHandler()
    main.o(.ARM.exidx) refers to main.o(i._Z9gpio_readP6gpio_t) for i._Z9gpio_readP6gpio_t
    main.o(.ARM.exidx) refers to main.o(i._Z12timerHandlerv) for i._Z12timerHandlerv
    main.o(.ARM.exidx) refers to main.o(i.main) for i.main
    main.o(.ARM.exidx) refers to main.o(i._Z7accInitR7MMA7455) for i._Z7accInitR7MMA7455
    main.o(.ARM.exidx) refers to main.o(i._Z13jsPrsdAndRlsd7btnId_t) for i._Z13jsPrsdAndRlsd7btnId_t
    main.o(.ARM.exidx) refers to main.o(i.__sti___8_main_cpp_led1) for i.__sti___8_main_cpp_led1
    main.o(.init_array) refers to main.o(i.__sti___8_main_cpp_led1) for __sti___8_main_cpp_led1
    main.o(.init_array) refers to init_aeabi.o(.text) for __cpp_initialize__aeabi_
    physics.o(i._Z17InitialiseObjectsi) refers to physics.o(.bss) for Bodies
    physics.o(i.__sti___11_Physics_cpp_Bodies) refers to aeabi_vec_ctor_nocookie_nodtor.o(i.__aeabi_vec_ctor_nocookie_nodtor) for __aeabi_vec_ctor_nocookie_nodtor
    physics.o(i.__sti___11_Physics_cpp_Bodies) refers to physics.o(i._ZN10_RigidBodyC1Ev) for _RigidBody::_RigidBody()
    physics.o(i.__sti___11_Physics_cpp_Bodies) refers to physics.o(.bss) for Bodies
    physics.o(i.__sti___11_Physics_cpp_Bodies) refers to physics.o(i._ZN10_CollisionC1Ev) for _Collision::_Collision()
    physics.o(.ARM.exidx) refers to physics.o(i._Z17InitialiseObjectsi) for i._Z17InitialiseObjectsi
    physics.o(.ARM.exidx) refers to physics.o(i.__sti___11_Physics_cpp_Bodies) for i.__sti___11_Physics_cpp_Bodies
    physics.o(.init_array) refers to physics.o(i.__sti___11_Physics_cpp_Bodies) for __sti___11_Physics_cpp_Bodies
    physics.o(.init_array) refers to init_aeabi.o(.text) for __cpp_initialize__aeabi_
    startup_lpc407x_8x_177x_8x.o(RESET) refers to startup_lpc407x_8x_177x_8x.o(.text) for Reset_Handler
[...]
    filesystemlike.o(.constdata__ZTVN4mbed9DirHandleE) refers to filesystemlike.o(.constdata__ZTIN4mbed9DirHandleE) for typeinfo for mbed::DirHandle
    filesystemlike.o(.constdata__ZTVN4mbed9DirHandleE) refers to pure_virt.o(i.__cxa_pure_virtual) for __cxa_pure_virtual
    filesystemlike.o(.constdata__ZTVN4mbed9DirHandleE) refers to filesystemlike.o(i._ZN4mbed9DirHandle7telldirEv) for mbed::DirHandle::telldir()
    filesystemlike.o(.constdata__ZTVN4mbed9DirHandleE) refers to filesystemlike.o(i._ZN4mbed9DirHandle7seekdirEl) for mbed::DirHandle::seekdir(long)
    filesystemlike.o(.constdata__ZTVN4mbed9DirHandleE) refers to filesystemlike.o(i._ZN4mbed9DirHandleD2Ev) for mbed::DirHandle::~DirHandle__sub_object()
    filesystemlike.o(.constdata__ZTVN4mbed9DirHandleE) refers to filesystemlike.o(i._ZN4mbed9DirHandleD0Ev) for mbed::DirHandle::~DirHandle__deallocating()
    filesystemlike.o(.constdata__ZTVN4mbed13BaseDirHandleE) refers to filesystemlike.o(.constdata__ZTIN4mbed13BaseDirHandleE) for typeinfo for mbed::BaseDirHandle
    filesystemlike.o(.constdata__ZTVN4mbed13BaseDirHandleE) refers to filesystemlike.o(i._ZN4mbed13BaseDirHandle8closedirEv) for mbed::BaseDirHandle::closedir()
    filesystemlike.o(.constdata__ZTVN4mbed13BaseDirHandleE) refers to filesystemlike.o(i._ZN4mbed13BaseDirHandle7readdirEv) for mbed::BaseDirHandle::readdir()
    filesystemlike.o(.constdata__ZTVN4mbed13BaseDirHandleE) refers to filesystemlike.o(i._ZN4mbed13BaseDirHandle9rewinddirEv) for mbed::BaseDirHandle::rewinddir()
    filesystemlike.o(.constdata__ZTVN4mbed13BaseDirHandleE) refers to filesystemlike.o(i._ZN4mbed13BaseDirHandle7telldirEv) for mbed::BaseDirHandle::telldir()
    filesystemlike.o(.constdata__ZTVN4mbed13BaseDirHandleE) refers to filesystemlike.o(i._ZN4mbed13BaseDirHandle7seekdirEl) for mbed::BaseDirHandle::seekdir(long)
    filesystemlike.o(.constdata__ZTVN4mbed13BaseDirHandleE) refers to filesystemlike.o(i._ZN4mbed13BaseDirHandleD1Ev) for mbed::BaseDirHandle::~BaseDirHandle()
    filesystemlike.o(.constdata__ZTVN4mbed13BaseDirHandleE) refers to filesystemlike.o(i._ZN4mbed13BaseDirHandleD0Ev) for mbed::BaseDirHandle::~BaseDirHandle__deallocating()
    filesystemlike.o(.constdata__ZTIN4mbed14FileSystemLikeE) refers to lib_rtti_impl.o(.constdata__ZTVN10__cxxabiv120__si_class_type_infoE) for vtable for __cxxabiv1::__si_class_type_info
    filesystemlike.o(.constdata__ZTIN4mbed14FileSystemLikeE) refers to filesystemlike.o(.constdata__ZTSN4mbed14FileSystemLikeE) for typeinfo name for mbed::FileSystemLike
    filesystemlike.o(.constdata__ZTIN4mbed14FileSystemLikeE) refers to filebase.o(.constdata__ZTIN4mbed8FileBaseE) for typeinfo for mbed::FileBase
    filesystemlike.o(.constdata__ZTIN4mbed13BaseDirHandleE) refers to lib_rtti_impl.o(.constdata__ZTVN10__cxxabiv120__si_class_type_infoE) for vtable for __cxxabiv1::__si_class_type_info
    filesystemlike.o(.constdata__ZTIN4mbed13BaseDirHandleE) refers to filesystemlike.o(.constdata__ZTSN4mbed13BaseDirHandleE) for typeinfo name for mbed::BaseDirHandle
    filesystemlike.o(.constdata__ZTIN4mbed13BaseDirHandleE) refers to filesystemlike.o(.constdata__ZTIN4mbed9DirHandleE) for typeinfo for mbed::DirHandle
    filesystemlike.o(.constdata__ZTIN4mbed9DirHandleE) refers to lib_rtti_impl.o(.constdata__ZTVN10__cxxabiv117__class_type_infoE) for vtable for __cxxabiv1::__class_type_info
    filesystemlike.o(.constdata__ZTIN4mbed9DirHandleE) refers to filesystemlike.o(.constdata__ZTSN4mbed9DirHandleE) for typeinfo name for mbed::DirHandle
    filesystemlike.o(.ARM.exidx) refers to filesystemlike.o(i._ZN4mbed9DirHandle7telldirEv) for i._ZN4mbed9DirHandle7telldirEv
    filesystemlike.o(.ARM.exidx) refers to filesystemlike.o(i._ZN4mbed9DirHandle7seekdirEl) for i._ZN4mbed9DirHandle7seekdirEl
    filesystemlike.o(.ARM.exidx) refers to filesystemlike.o(i._ZN4mbed9DirHandleD2Ev) for i._ZN4mbed9DirHandleD2Ev
    filesystemlike.o(i._ZN4mbed9DirHandleD0Ev) refers to delete.o(i._ZdlPv) for operator delete (void*)
    filesystemlike.o(.ARM.exidx) refers to filesystemlike.o(i._ZN4mbed9DirHandleD0Ev) for i._ZN4mbed9DirHandleD0Ev
    filesystemlike.o(.ARM.exidx) refers to filesystemlike.o(i._ZN4mbed13BaseDirHandle8closedirEv) for i._ZN4mbed13BaseDirHandle8closedirEv
    filesystemlike.o(i._ZN4mbed13BaseDirHandle7readdirEv) refers to filebase.o(i._ZN4mbed8FileBase3getEi) for mbed::FileBase::get(int)
    filesystemlike.o(i._ZN4mbed13BaseDirHandle7readdirEv) refers to filebase.o(i._ZN4mbed8FileBase7getNameEv) for mbed::FileBase::getName()
    filesystemlike.o(i._ZN4mbed13BaseDirHandle7readdirEv) refers to strncpy.o(.text) for strncpy
    filesystemlike.o(.ARM.exidx) refers to filesystemlike.o(i._ZN4mbed13BaseDirHandle7readdirEv) for i._ZN4mbed13BaseDirHandle7readdirEv
    filesystemlike.o(.ARM.exidx) refers to filesystemlike.o(i._ZN4mbed13BaseDirHandle7telldirEv) for i._ZN4mbed13BaseDirHandle7telldirEv
    filesystemlike.o(.ARM.exidx) refers to filesystemlike.o(i._ZN4mbed13BaseDirHandle7seekdirEl) for i._ZN4mbed13BaseDirHandle7seekdirEl
    filesystemlike.o(.ARM.exidx) refers to filesystemlike.o(i._ZN4mbed13BaseDirHandle9rewinddirEv) for i._ZN4mbed13BaseDirHandle9rewinddirEv
    filesystemlike.o(.ARM.exidx) refers to filesystemlike.o(i._ZN4mbed13BaseDirHandleD1Ev) for i._ZN4mbed13BaseDirHandleD1Ev
    filesystemlike.o(i._ZN4mbed13BaseDirHandleD0Ev) refers to filesystemlike.o(i._ZN4mbed13BaseDirHandleD1Ev) for mbed::BaseDirHandle::~BaseDirHandle()
    filesystemlike.o(i._ZN4mbed13BaseDirHandleD0Ev) refers to delete.o(i._ZdlPv) for operator delete (void*)
    filesystemlike.o(.ARM.exidx) refers to filesystemlike.o(i._ZN4mbed13BaseDirHandleD0Ev) for i._ZN4mbed13BaseDirHandleD0Ev
    lib_rtti_impl.o(.constdata__ZTVN10__cxxabiv123__fundamental_type_infoE) refers to lib_rtti_impl.o(.constdata__ZTIN10__cxxabiv123__fundamental_type_infoE) for typeinfo for __cxxabiv1::__fundamental_type_info
    lib_rtti_impl.o(.constdata__ZTVN10__cxxabiv123__fundamental_type_infoE) refers to lib_rtti_impl.o(i._ZN10__cxxabiv123__fundamental_type_infoD1Ev) for __cxxabiv1::__fundamental_type_info::~__fundamental_type_info()
    lib_rtti_impl.o(.constdata__ZTVN10__cxxabiv123__fundamental_type_infoE) refers to lib_rtti_impl.o(i._ZN10__cxxabiv123__fundamental_type_infoD0Ev) for __cxxabiv1::__fundamental_type_info::~__fundamental_type_info__deallocating()
    lib_rtti_impl.o(.constdata__ZTVN10__cxxabiv117__array_type_infoE) refers to lib_rtti_impl.o(.constdata__ZTIN10__cxxabiv117__array_type_infoE) for typeinfo for __cxxabiv1::__array_type_info
    lib_rtti_impl.o(.constdata__ZTVN10__cxxabiv117__array_type_infoE) refers to lib_rtti_impl.o(i._ZN10__cxxabiv117__array_type_infoD1Ev) for __cxxabiv1::__array_type_info::~__array_type_info()
    lib_rtti_impl.o(.constdata__ZTVN10__cxxabiv117__array_type_infoE) refers to lib_rtti_impl.o(i._ZN10__cxxabiv117__array_type_infoD0Ev) for __cxxabiv1::__array_type_info::~__array_type_info__deallocating()
    lib_rtti_impl.o(.constdata__ZTVN10__cxxabiv120__function_type_infoE) refers to lib_rtti_impl.o(.constdata__ZTIN10__cxxabiv120__function_type_infoE) for typeinfo for __cxxabiv1::__function_type_info
    lib_rtti_impl.o(.constdata__ZTVN10__cxxabiv120__function_type_infoE) refers to lib_rtti_impl.o(i._ZN10__cxxabiv120__function_type_infoD1Ev) for __cxxabiv1::__function_type_info::~__function_type_info()
    lib_rtti_impl.o(.constdata__ZTVN10__cxxabiv120__function_type_infoE) refers to lib_rtti_impl.o(i._ZN10__cxxabiv120__function_type_infoD0Ev) for __cxxabiv1::__function_type_info::~__function_type_info__deallocating()
    lib_rtti_impl.o(.constdata__ZTVN10__cxxabiv116__enum_type_infoE) refers to lib_rtti_impl.o(.constdata__ZTIN10__cxxabiv116__enum_type_infoE) for typeinfo for __cxxabiv1::__enum_type_info
    lib_rtti_impl.o(.constdata__ZTVN10__cxxabiv116__enum_type_infoE) refers to lib_rtti_impl.o(i._ZN10__cxxabiv116__enum_type_infoD1Ev) for __cxxabiv1::__enum_type_info::~__enum_type_info()
    lib_rtti_impl.o(.constdata__ZTVN10__cxxabiv116__enum_type_infoE) refers to lib_rtti_impl.o(i._ZN10__cxxabiv116__enum_type_infoD0Ev) for __cxxabiv1::__enum_type_info::~__enum_type_info__deallocating()
    lib_rtti_impl.o(.constdata__ZTVN10__cxxabiv117__class_type_infoE) refers to lib_rtti_impl.o(.constdata__ZTIN10__cxxabiv117__class_type_infoE) for typeinfo for __cxxabiv1::__class_type_info
    lib_rtti_impl.o(.constdata__ZTVN10__cxxabiv117__class_type_infoE) refers to lib_rtti_impl.o(i._ZN10__cxxabiv117__class_type_infoD1Ev) for __cxxabiv1::__class_type_info::~__class_type_info()
    lib_rtti_impl.o(.constdata__ZTVN10__cxxabiv117__class_type_infoE) refers to lib_rtti_impl.o(i._ZN10__cxxabiv117__class_type_infoD0Ev) for __cxxabiv1::__class_type_info::~__class_type_info__deallocating()
    lib_rtti_impl.o(.constdata__ZTVN10__cxxabiv120__si_class_type_infoE) refers to lib_rtti_impl.o(.constdata__ZTIN10__cxxabiv120__si_class_type_infoE) for typeinfo for __cxxabiv1::__si_class_type_info
    lib_rtti_impl.o(.constdata__ZTVN10__cxxabiv120__si_class_type_infoE) refers to lib_rtti_impl.o(i._ZN10__cxxabiv120__si_class_type_infoD1Ev) for __cxxabiv1::__si_class_type_info::~__si_class_type_info()
    lib_rtti_impl.o(.constdata__ZTVN10__cxxabiv120__si_class_type_infoE) refers to lib_rtti_impl.o(i._ZN10__cxxabiv120__si_class_type_infoD0Ev) for __cxxabiv1::__si_class_type_info::~__si_class_type_info__deallocating()
    lib_rtti_impl.o(.constdata__ZTVN10__cxxabiv121__vmi_class_type_infoE) refers to lib_rtti_impl.o(.constdata__ZTIN10__cxxabiv121__vmi_class_type_infoE) for typeinfo for __cxxabiv1::__vmi_class_type_info
    lib_rtti_impl.o(.constdata__ZTVN10__cxxabiv121__vmi_class_type_infoE) refers to lib_rtti_impl.o(i._ZN10__cxxabiv121__vmi_class_type_infoD1Ev) for __cxxabiv1::__vmi_class_type_info::~__vmi_class_type_info()
    lib_rtti_impl.o(.constdata__ZTVN10__cxxabiv121__vmi_class_type_infoE) refers to lib_rtti_impl.o(i._ZN10__cxxabiv121__vmi_class_type_infoD0Ev) for __cxxabiv1::__vmi_class_type_info::~__vmi_class_type_info__deallocating()
    lib_rtti_impl.o(.constdata__ZTVN10__cxxabiv117__pbase_type_infoE) refers to lib_rtti_impl.o(.constdata__ZTIN10__cxxabiv117__pbase_type_infoE) for typeinfo for __cxxabiv1::__pbase_type_info
    lib_rtti_impl.o(.constdata__ZTVN10__cxxabiv117__pbase_type_infoE) refers to lib_rtti_impl.o(i._ZN10__cxxabiv117__pbase_type_infoD1Ev) for __cxxabiv1::__pbase_type_info::~__pbase_type_info()
    lib_rtti_impl.o(.constdata__ZTVN10__cxxabiv117__pbase_type_infoE) refers to lib_rtti_impl.o(i._ZN10__cxxabiv117__pbase_type_infoD0Ev) for __cxxabiv1::__pbase_type_info::~__pbase_type_info__deallocating()
    lib_rtti_impl.o(.constdata__ZTVN10__cxxabiv119__pointer_type_infoE) refers to lib_rtti_impl.o(.constdata__ZTIN10__cxxabiv119__pointer_type_infoE) for typeinfo for __cxxabiv1::__pointer_type_info
    lib_rtti_impl.o(.constdata__ZTVN10__cxxabiv119__pointer_type_infoE) refers to lib_rtti_impl.o(i._ZN10__cxxabiv119__pointer_type_infoD1Ev) for __cxxabiv1::__pointer_type_info::~__pointer_type_info()
    lib_rtti_impl.o(.constdata__ZTVN10__cxxabiv119__pointer_type_infoE) refers to lib_rtti_impl.o(i._ZN10__cxxabiv119__pointer_type_infoD0Ev) for __cxxabiv1::__pointer_type_info::~__pointer_type_info__deallocating()
    lib_rtti_impl.o(.constdata__ZTVN10__cxxabiv129__pointer_to_member_type_infoE) refers to lib_rtti_impl.o(.constdata__ZTIN10__cxxabiv129__pointer_to_member_type_infoE) for typeinfo for __cxxabiv1::__pointer_to_member_type_info
    lib_rtti_impl.o(.constdata__ZTVN10__cxxabiv129__pointer_to_member_type_infoE) refers to lib_rtti_impl.o(i._ZN10__cxxabiv129__pointer_to_member_type_infoD1Ev) for __cxxabiv1::__pointer_to_member_type_info::~__pointer_to_member_type_info()
    lib_rtti_impl.o(.constdata__ZTVN10__cxxabiv129__pointer_to_member_type_infoE) refers to lib_rtti_impl.o(i._ZN10__cxxabiv129__pointer_to_member_type_infoD0Ev) for __cxxabiv1::__pointer_to_member_type_info::~__pointer_to_member_type_info__deallocating()
    lib_rtti_impl.o(.ARM.exidx) refers to lib_rtti_impl.o(i._ZNSt9type_infodlEPv) for i._ZNSt9type_infodlEPv
    lib_rtti_impl.o(.constdata__ZTIN10__cxxabiv123__fundamental_type_infoE) refers to lib_rtti_impl.o(.constdata__ZTVN10__cxxabiv120__si_class_type_infoE) for vtable for __cxxabiv1::__si_class_type_info
    lib_rtti_impl.o(.constdata__ZTIN10__cxxabiv123__fundamental_type_infoE) refers to lib_rtti_impl.o(.constdata__ZTSN10__cxxabiv123__fundamental_type_infoE) for typeinfo name for __cxxabiv1::__fundamental_type_info
    lib_rtti_impl.o(.constdata__ZTIN10__cxxabiv123__fundamental_type_infoE) refers to type_info_dtor.o(.constdata__ZTISt9type_info) for typeinfo for std::type_info
    lib_rtti_impl.o(.constdata__ZTIN10__cxxabiv117__array_type_infoE) refers to lib_rtti_impl.o(.constdata__ZTVN10__cxxabiv120__si_class_type_infoE) for vtable for __cxxabiv1::__si_class_type_info
    lib_rtti_impl.o(.constdata__ZTIN10__cxxabiv117__array_type_infoE) refers to lib_rtti_impl.o(.constdata__ZTSN10__cxxabiv117__array_type_infoE) for typeinfo name for __cxxabiv1::__array_type_info
    lib_rtti_impl.o(.constdata__ZTIN10__cxxabiv117__array_type_infoE) refers to type_info_dtor.o(.constdata__ZTISt9type_info) for typeinfo for std::type_info
    lib_rtti_impl.o(.constdata__ZTIN10__cxxabiv120__function_type_infoE) refers to lib_rtti_impl.o(.constdata__ZTVN10__cxxabiv120__si_class_type_infoE) for vtable for __cxxabiv1::__si_class_type_info
    lib_rtti_impl.o(.constdata__ZTIN10__cxxabiv120__function_type_infoE) refers to lib_rtti_impl.o(.constdata__ZTSN10__cxxabiv120__function_type_infoE) for typeinfo name for __cxxabiv1::__function_type_info
    lib_rtti_impl.o(.constdata__ZTIN10__cxxabiv120__function_type_infoE) refers to type_info_dtor.o(.constdata__ZTISt9type_info) for typeinfo for std::type_info
    lib_rtti_impl.o(.constdata__ZTIN10__cxxabiv116__enum_type_infoE) refers to lib_rtti_impl.o(.constdata__ZTVN10__cxxabiv120__si_class_type_infoE) for vtable for __cxxabiv1::__si_class_type_info
    lib_rtti_impl.o(.constdata__ZTIN10__cxxabiv116__enum_type_infoE) refers to lib_rtti_impl.o(.constdata__ZTSN10__cxxabiv116__enum_type_infoE) for typeinfo name for __cxxabiv1::__enum_type_info
    lib_rtti_impl.o(.constdata__ZTIN10__cxxabiv116__enum_type_infoE) refers to type_info_dtor.o(.constdata__ZTISt9type_info) for typeinfo for std::type_info
    lib_rtti_impl.o(.constdata__ZTIN10__cxxabiv117__class_type_infoE) refers to lib_rtti_impl.o(.constdata__ZTVN10__cxxabiv120__si_class_type_infoE) for vtable for __cxxabiv1::__si_class_type_info
    lib_rtti_impl.o(.constdata__ZTIN10__cxxabiv117__class_type_infoE) refers to lib_rtti_impl.o(.constdata__ZTSN10__cxxabiv117__class_type_infoE) for typeinfo name for __cxxabiv1::__class_type_info
    lib_rtti_impl.o(.constdata__ZTIN10__cxxabiv117__class_type_infoE) refers to type_info_dtor.o(.constdata__ZTISt9type_info) for typeinfo for std::type_info
    lib_rtti_impl.o(.constdata__ZTIN10__cxxabiv120__si_class_type_infoE) refers to lib_rtti_impl.o(.constdata__ZTVN10__cxxabiv120__si_class_type_infoE) for vtable for __cxxabiv1::__si_class_type_info
    lib_rtti_impl.o(.constdata__ZTIN10__cxxabiv120__si_class_type_infoE) refers to lib_rtti_impl.o(.constdata__ZTSN10__cxxabiv120__si_class_type_infoE) for typeinfo name for __cxxabiv1::__si_class_type_info
    lib_rtti_impl.o(.constdata__ZTIN10__cxxabiv120__si_class_type_infoE) refers to lib_rtti_impl.o(.constdata__ZTIN10__cxxabiv117__class_type_infoE) for typeinfo for __cxxabiv1::__class_type_info
    lib_rtti_impl.o(.constdata__ZTIN10__cxxabiv121__vmi_class_type_infoE) refers to lib_rtti_impl.o(.constdata__ZTVN10__cxxabiv120__si_class_type_infoE) for vtable for __cxxabiv1::__si_class_type_info
    lib_rtti_impl.o(.constdata__ZTIN10__cxxabiv121__vmi_class_type_infoE) refers to lib_rtti_impl.o(.constdata__ZTSN10__cxxabiv121__vmi_class_type_infoE) for typeinfo name for __cxxabiv1::__vmi_class_type_info
    lib_rtti_impl.o(.constdata__ZTIN10__cxxabiv121__vmi_class_type_infoE) refers to lib_rtti_impl.o(.constdata__ZTIN10__cxxabiv117__class_type_infoE) for typeinfo for __cxxabiv1::__class_type_info
    lib_rtti_impl.o(.constdata__ZTIN10__cxxabiv117__pbase_type_infoE) refers to lib_rtti_impl.o(.constdata__ZTVN10__cxxabiv120__si_class_type_infoE) for vtable for __cxxabiv1::__si_class_type_info
    lib_rtti_impl.o(.constdata__ZTIN10__cxxabiv117__pbase_type_infoE) refers to lib_rtti_impl.o(.constdata__ZTSN10__cxxabiv117__pbase_type_infoE) for typeinfo name for __cxxabiv1::__pbase_type_info
    lib_rtti_impl.o(.constdata__ZTIN10__cxxabiv117__pbase_type_infoE) refers to type_info_dtor.o(.constdata__ZTISt9type_info) for typeinfo for std::type_info
    lib_rtti_impl.o(.constdata__ZTIN10__cxxabiv119__pointer_type_infoE) refers to lib_rtti_impl.o(.constdata__ZTVN10__cxxabiv120__si_class_type_infoE) for vtable for __cxxabiv1::__si_class_type_info
    lib_rtti_impl.o(.constdata__ZTIN10__cxxabiv119__pointer_type_infoE) refers to lib_rtti_impl.o(.constdata__ZTSN10__cxxabiv119__pointer_type_infoE) for typeinfo name for __cxxabiv1::__pointer_type_info
    lib_rtti_impl.o(.constdata__ZTIN10__cxxabiv119__pointer_type_infoE) refers to lib_rtti_impl.o(.constdata__ZTIN10__cxxabiv117__pbase_type_infoE) for typeinfo for __cxxabiv1::__pbase_type_info
    lib_rtti_impl.o(.constdata__ZTIN10__cxxabiv129__pointer_to_member_type_infoE) refers to lib_rtti_impl.o(.constdata__ZTVN10__cxxabiv120__si_class_type_infoE) for vtable for __cxxabiv1::__si_class_type_info
    lib_rtti_impl.o(.constdata__ZTIN10__cxxabiv129__pointer_to_member_type_infoE) refers to lib_rtti_impl.o(.constdata__ZTSN10__cxxabiv129__pointer_to_member_type_infoE) for typeinfo name for __cxxabiv1::__pointer_to_member_type_info
    lib_rtti_impl.o(.constdata__ZTIN10__cxxabiv129__pointer_to_member_type_infoE) refers to lib_rtti_impl.o(.constdata__ZTIN10__cxxabiv117__pbase_type_infoE) for typeinfo for __cxxabiv1::__pbase_type_info
    lib_rtti_impl.o(i.__ARM_common_noexcept_landing) refers to arm_exceptions_callterm.o(.text) for __cxa_call_terminate
    lib_rtti_impl.o(.ARM.exidx) refers to lib_rtti_impl.o(i.__ARM_common_noexcept_landing) for i.__ARM_common_noexcept_landing
    bad_alloc_dtor.o(.constdata__ZTVSt9bad_alloc) refers to bad_alloc_dtor.o(.constdata__ZTISt9bad_alloc) for typeinfo for std::bad_alloc
    bad_alloc_dtor.o(.constdata__ZTVSt9bad_alloc) refers to bad_alloc_dtor.o(i._ZNSt9bad_allocD1Ev) for std::bad_alloc::~bad_alloc()
    bad_alloc_dtor.o(.constdata__ZTVSt9bad_alloc) refers to bad_alloc_dtor.o(i._ZNSt9bad_allocD0Ev) for std::bad_alloc::~bad_alloc__deallocating()
    bad_alloc_dtor.o(.constdata__ZTVSt9bad_alloc) refers to bad_alloc_what.o(i._ZNKSt9bad_alloc4whatEv) for std::bad_alloc::what() const
    bad_alloc_dtor.o(.constdata__ZTISt9bad_alloc) refers to lib_rtti_impl.o(.constdata__ZTVN10__cxxabiv120__si_class_type_infoE) for vtable for __cxxabiv1::__si_class_type_info
    bad_alloc_dtor.o(.constdata__ZTISt9bad_alloc) refers to bad_alloc_dtor.o(.constdata__ZTSSt9bad_alloc) for typeinfo name for std::bad_alloc
    bad_alloc_dtor.o(.constdata__ZTISt9bad_alloc) refers to exception_dtor.o(.constdata__ZTISt9exception) for typeinfo for std::exception
    type_info_dtor.o(.constdata__ZTVSt9type_info) refers to type_info_dtor.o(.constdata__ZTISt9type_info) for typeinfo for std::type_info
    type_info_dtor.o(.constdata__ZTVSt9type_info) refers to type_info_dtor.o(i._ZNSt9type_infoD1Ev) for std::type_info::~type_info()
    type_info_dtor.o(.constdata__ZTVSt9type_info) refers to type_info_dtor.o(i._ZNSt9type_infoD0Ev) for std::type_info::~type_info__deallocating()
    type_info_dtor.o(.constdata__ZTISt9type_info) refers to lib_rtti_impl.o(.constdata__ZTVN10__cxxabiv117__class_type_infoE) for vtable for __cxxabiv1::__class_type_info
    type_info_dtor.o(.constdata__ZTISt9type_info) refers to type_info_dtor.o(.constdata__ZTSSt9type_info) for typeinfo name for std::type_info
    exception_dtor.o(.constdata__ZTVSt9exception) refers to exception_dtor.o(.constdata__ZTISt9exception) for typeinfo for std::exception
    exception_dtor.o(.constdata__ZTVSt9exception) refers to exception_dtor.o(i._ZNSt9exceptionD1Ev) for std::exception::~exception()
    exception_dtor.o(.constdata__ZTVSt9exception) refers to exception_dtor.o(i._ZNSt9exceptionD0Ev) for std::exception::~exception__deallocating()
    exception_dtor.o(.constdata__ZTVSt9exception) refers to exception_what.o(i._ZNKSt9exception4whatEv) for std::exception::what() const
    exception_dtor.o(.constdata__ZTISt9exception) refers to lib_rtti_impl.o(.constdata__ZTVN10__cxxabiv117__class_type_infoE) for vtable for __cxxabiv1::__class_type_info
    exception_dtor.o(.constdata__ZTISt9exception) refers to exception_dtor.o(.constdata__ZTSSt9exception) for typeinfo name for std::exception


==============================================================================

Removing Unused input sections from the image.

    Removing main.o(.rev16_text), (4 bytes).
    Removing main.o(.revsh_text), (4 bytes).
    Removing main.o(i._Z13jsPrsdAndRlsd7btnId_t), (60 bytes).
    Removing main.o(i._Z7accInitR7MMA7455), (32 bytes).
    Removing main.o(.ARM.exidx), (8 bytes).
    Removing main.o(.ARM.exidx), (8 bytes).
    Removing main.o(.ARM.exidx), (8 bytes).
    Removing main.o(.ARM.exidx), (8 bytes).
    Removing main.o(.ARM.exidx), (8 bytes).
    Removing main.o(.ARM.exidx), (8 bytes).
    Removing physics.o(i._Z17InitialiseObjectsi), (304 bytes).
    Removing physics.o(.ARM.exidx), (8 bytes).
    Removing physics.o(.ARM.exidx), (8 bytes).
    Removing physics.o(.data), (4 bytes).
    Removing cmsis_nvic.o(.rev16_text), (4 bytes).
    Removing cmsis_nvic.o(.revsh_text), (4 bytes).
    Removing cmsis_nvic.o(i.NVIC_GetVector), (20 bytes).
    Removing system_lpc407x_8x_177x_8x.o(.rev16_text), (4 bytes).
    Removing system_lpc407x_8x_177x_8x.o(.revsh_text), (4 bytes).
    Removing sys.o(.ARM.exidx), (8 bytes).
    Removing sys_helper.o(i.__reserved_stack_size), (4 bytes).
    Removing sys_helper.o(.ARM.exidx), (8 bytes).
    Removing gpio.o(.rev16_text), (4 bytes).
    Removing gpio.o(.revsh_text), (4 bytes).
    Removing gpio.o(i.gpio_init_inout), (56 bytes).
    Removing ticker.o(.rev16_text), (4 bytes).
    Removing ticker.o(.revsh_text), (4 bytes).
    Removing ticker.o(.ARM.exidx), (8 bytes).
    Removing ticker.o(.ARM.exidx), (8 bytes).
    Removing ticker.o(.ARM.exidx), (8 bytes).
    Removing timerevent.o(.rev16_text), (4 bytes).
    Removing timerevent.o(.revsh_text), (4 bytes).
    Removing timerevent.o(i._ZN4mbed10TimerEventC2EPK13ticker_data_t), (40 bytes).
    Removing timerevent.o(i._ZN4mbed10TimerEventD0Ev), (18 bytes).
    Removing timerevent.o(.ARM.exidx), (8 bytes).
    Removing timerevent.o(.ARM.exidx), (8 bytes).
    Removing timerevent.o(.ARM.exidx), (8 bytes).
    Removing timerevent.o(.ARM.exidx), (8 bytes).
    Removing timerevent.o(.ARM.exidx), (8 bytes).
    Removing timerevent.o(.ARM.exidx), (8 bytes).
    Removing timerevent.o(.ARM.exidx), (8 bytes).
    Removing analogin_api.o(.rev16_text), (4 bytes).
    Removing analogin_api.o(.revsh_text), (4 bytes).
    Removing analogin_api.o(i.adc_read), (80 bytes).
    Removing analogin_api.o(i.adc_read_u32), (58 bytes).
    Removing analogin_api.o(i.analogin_read), (40 bytes).
    Removing analogin_api.o(i.analogin_read_u16), (24 bytes).
    Removing analogin_api.o(i.order), (20 bytes).
    Removing adafruit_gfx.o(.rev16_text), (4 bytes).
    Removing adafruit_gfx.o(.revsh_text), (4 bytes).
    Removing adafruit_gfx.o(i._ZN12Adafruit_GFX10drawBitmapEssPKhsst), (110 bytes).
    Removing adafruit_gfx.o(i._ZN12Adafruit_GFX10drawCircleEssst), (356 bytes).
    Removing adafruit_gfx.o(i._ZN12Adafruit_GFX10fillCircleEssst), (64 bytes).
    Removing adafruit_gfx.o(i._ZN12Adafruit_GFX10fillScreenEt), (32 bytes).
    Removing adafruit_gfx.o(i._ZN12Adafruit_GFX11getRotationEv), (6 bytes).
    Removing adafruit_gfx.o(i._ZN12Adafruit_GFX11setRotationEh), (52 bytes).
    Removing adafruit_gfx.o(i._ZN12Adafruit_GFX11setTextSizeEh), (14 bytes).
    Removing adafruit_gfx.o(i._ZN12Adafruit_GFX11setTextWrapEb), (4 bytes).
    Removing adafruit_gfx.o(i._ZN12Adafruit_GFX12drawTriangleEsssssst), (86 bytes).
    Removing adafruit_gfx.o(i._ZN12Adafruit_GFX12fillTriangleEsssssst), (440 bytes).
    Removing adafruit_gfx.o(i._ZN12Adafruit_GFX12setTextColorEt), (6 bytes).
    Removing adafruit_gfx.o(i._ZN12Adafruit_GFX13drawFastHLineEssst), (44 bytes).
    Removing adafruit_gfx.o(i._ZN12Adafruit_GFX13drawRoundRectEssssst), (258 bytes).
    Removing adafruit_gfx.o(i._ZN12Adafruit_GFX13fillRoundRectEssssst), (126 bytes).
    Removing adafruit_gfx.o(i._ZN12Adafruit_GFX13invertDisplayEb), (2 bytes).
    Removing adafruit_gfx.o(i._ZN12Adafruit_GFX16drawCircleHelperEsssht), (298 bytes).
    Removing adafruit_gfx.o(i._ZN12Adafruit_GFX16fillCircleHelperEssshst), (246 bytes).
    Removing adafruit_gfx.o(i._ZN12Adafruit_GFX8drawRectEsssst), (104 bytes).
    Removing adafruit_gfx.o(i._ZN12Adafruit_GFX9setCursorEss), (6 bytes).
    Removing adafruit_gfx.o(.ARM.exidx), (8 bytes).
    Removing adafruit_gfx.o(.ARM.exidx), (8 bytes).
    Removing adafruit_gfx.o(.ARM.exidx), (8 bytes).
    Removing adafruit_gfx.o(.ARM.exidx), (8 bytes).
    Removing adafruit_gfx.o(.ARM.exidx), (8 bytes).
    Removing adafruit_gfx.o(.ARM.exidx), (8 bytes).
    Removing adafruit_gfx.o(.ARM.exidx), (8 bytes).
    Removing adafruit_gfx.o(.ARM.exidx), (8 bytes).
    Removing adafruit_gfx.o(.ARM.exidx), (8 bytes).
    Removing adafruit_gfx.o(.ARM.exidx), (8 bytes).
    Removing adafruit_gfx.o(.ARM.exidx), (8 bytes).
    Removing adafruit_gfx.o(.ARM.exidx), (8 bytes).
    Removing adafruit_gfx.o(.ARM.exidx), (8 bytes).
    Removing adafruit_gfx.o(.ARM.exidx), (8 bytes).
    Removing adafruit_gfx.o(.ARM.exidx), (8 bytes).
    Removing adafruit_gfx.o(.ARM.exidx), (8 bytes).
    Removing adafruit_gfx.o(.ARM.exidx), (8 bytes).
    Removing adafruit_gfx.o(.ARM.exidx), (8 bytes).
    Removing adafruit_gfx.o(.ARM.exidx), (8 bytes).
    Removing adafruit_gfx.o(.ARM.exidx), (8 bytes).
    Removing adafruit_gfx.o(.ARM.exidx), (8 bytes).
    Removing adafruit_gfx.o(.ARM.exidx), (8 bytes).
    Removing adafruit_gfx.o(.ARM.exidx), (8 bytes).
    Removing adafruit_gfx.o(.ARM.exidx), (8 bytes).
    Removing adafruit_gfx.o(.ARM.exidx), (8 bytes).
    Removing adafruit_gfx.o(.ARM.exidx), (8 bytes).
    Removing adafruit_gfx.o(.ARM.exidx), (8 bytes).
    Removing adafruit_gfx.o(.ARM.exidx), (8 bytes).
    Removing mma7455.o(.rev16_text), (4 bytes).
    Removing mma7455.o(.revsh_text), (4 bytes).
    Removing mma7455.o(i._ZN7MMA745514getModeControlEv), (66 bytes).
    Removing mma7455.o(i._ZN7MMA745514setModeControlEh), (52 bytes).
    Removing mma7455.o(i._ZN7MMA745521getCalibrationOffsetsERiS0_S0_), (20 bytes).
    Removing mma7455.o(i._ZN7MMA745521setCalibrationOffsetsEiii), (14 bytes).
    Removing mma7455.o(i._ZN7MMA74554readERiS0_S0_), (242 bytes).
    Removing mma7455.o(i._ZN7MMA74557setModeENS_4ModeE), (62 bytes).
    Removing mma7455.o(i._ZN7MMA74558setRangeENS_5RangeE), (64 bytes).
    Removing mma7455.o(i._ZN7MMA74559calibrateEv), (170 bytes).
    Removing mma7455.o(i._ZN7MMA74559getStatusEv), (66 bytes).
    Removing mma7455.o(.ARM.exidx), (8 bytes).
    Removing mma7455.o(.ARM.exidx), (8 bytes).
    Removing mma7455.o(.ARM.exidx), (8 bytes).
    Removing mma7455.o(.ARM.exidx), (8 bytes).
    Removing mma7455.o(.ARM.exidx), (8 bytes).
    Removing mma7455.o(.ARM.exidx), (8 bytes).
    Removing mma7455.o(.ARM.exidx), (8 bytes).
    Removing mma7455.o(.ARM.exidx), (8 bytes).
    Removing mma7455.o(.ARM.exidx), (8 bytes).
    Removing mma7455.o(.ARM.exidx), (8 bytes).
    Removing lm75b.o(.rev16_text), (4 bytes).
    Removing lm75b.o(.revsh_text), (4 bytes).
    Removing lm75b.o(i._ZN5LM75B10osPolarityENS_10OSPolarityE), (42 bytes).
    Removing lm75b.o(i._ZN5LM75B10osPolarityEv), (28 bytes).
    Removing lm75b.o(i._ZN5LM75B12osFaultQueueENS_12OSFaultQueueE), (60 bytes).
    Removing lm75b.o(i._ZN5LM75B12osFaultQueueEv), (66 bytes).
    Removing lm75b.o(i._ZN5LM75B19readAlertTempHelperEc), (80 bytes).
    Removing lm75b.o(i._ZN5LM75B20writeAlertTempHelperEcf), (148 bytes).
    Removing lm75b.o(i._ZN5LM75B4openEv), (30 bytes).
    Removing lm75b.o(i._ZN5LM75B4tempEv), (80 bytes).
    Removing lm75b.o(i._ZN5LM75B5read8Ec), (46 bytes).
    Removing lm75b.o(i._ZN5LM75B6osModeENS_6OSModeE), (42 bytes).
    Removing lm75b.o(i._ZN5LM75B6osModeEv), (28 bytes).
    Removing lm75b.o(i._ZN5LM75B6read16Ec), (54 bytes).
    Removing lm75b.o(i._ZN5LM75B6write8Ecc), (34 bytes).
    Removing lm75b.o(i._ZN5LM75B7write16Ect), (42 bytes).
    Removing lm75b.o(i._ZN5LM75B9alertHystEf), (30 bytes).
    Removing lm75b.o(i._ZN5LM75B9alertHystEv), (14 bytes).
    Removing lm75b.o(i._ZN5LM75B9alertTempEf), (30 bytes).
    Removing lm75b.o(i._ZN5LM75B9alertTempEv), (14 bytes).
    Removing lm75b.o(i._ZN5LM75B9powerModeENS_9PowerModeE), (42 bytes).
    Removing lm75b.o(i._ZN5LM75B9powerModeEv), (28 bytes).
    Removing lm75b.o(i._ZN5LM75BcvfEv), (12 bytes).
    Removing lm75b.o(.ARM.exidx), (8 bytes).
    Removing lm75b.o(.ARM.exidx), (8 bytes).
    Removing lm75b.o(.ARM.exidx), (8 bytes).
    Removing lm75b.o(.ARM.exidx), (8 bytes).
    Removing lm75b.o(.ARM.exidx), (8 bytes).
    Removing lm75b.o(.ARM.exidx), (8 bytes).
    Removing lm75b.o(.ARM.exidx), (8 bytes).
    Removing lm75b.o(.ARM.exidx), (8 bytes).
    Removing lm75b.o(.ARM.exidx), (8 bytes).
    Removing lm75b.o(.ARM.exidx), (8 bytes).
    Removing lm75b.o(.ARM.exidx), (8 bytes).
    Removing lm75b.o(.ARM.exidx), (8 bytes).
    Removing lm75b.o(.ARM.exidx), (8 bytes).
    Removing lm75b.o(.ARM.exidx), (8 bytes).
    Removing lm75b.o(.ARM.exidx), (8 bytes).
    Removing lm75b.o(.ARM.exidx), (8 bytes).
    Removing lm75b.o(.ARM.exidx), (8 bytes).
    Removing lm75b.o(.ARM.exidx), (8 bytes).
    Removing lm75b.o(.ARM.exidx), (8 bytes).
    Removing lm75b.o(.ARM.exidx), (8 bytes).
    Removing lm75b.o(.ARM.exidx), (8 bytes).
    Removing lm75b.o(.ARM.exidx), (8 bytes).
    Removing display.o(.rev16_text), (4 bytes).
    Removing display.o(.revsh_text), (4 bytes).
    Removing display.o(i._ZN7Display5_getcEv), (8 bytes).
    Removing display.o(i._ZN7Display6initOkEv), (16 bytes).
    Removing display.o(i._ZN7DisplayD0Ev), (18 bytes).
    Removing display.o(i._ZN7DisplayD1Ev), (52 bytes).
    Removing display.o(i._ZThn4_N7DisplayD0Ev), (14 bytes).
    Removing display.o(i._ZThn4_N7DisplayD1Ev), (14 bytes).
    Removing display.o(.ARM.exidx), (8 bytes).
    Removing display.o(.ARM.exidx), (8 bytes).
    Removing display.o(.ARM.exidx), (8 bytes).
    Removing display.o(.ARM.exidx), (8 bytes).
    Removing display.o(.ARM.exidx), (8 bytes).
    Removing display.o(.ARM.exidx), (8 bytes).
    Removing display.o(.ARM.exidx), (8 bytes).
    Removing display.o(.ARM.exidx), (8 bytes).
    Removing display.o(.ARM.exidx), (8 bytes).
    Removing error.o(.rev16_text), (4 bytes).
    Removing error.o(.revsh_text), (4 bytes).
    Removing pinmap_common.o(.rev16_text), (4 bytes).
    Removing pinmap_common.o(.revsh_text), (4 bytes).
    Removing pinmap_common.o(i.pinmap_find_function), (32 bytes).
    Removing pinmap_common.o(i.pinmap_function), (76 bytes).
    Removing ticker_api.o(.rev16_text), (4 bytes).
    Removing ticker_api.o(.revsh_text), (4 bytes).
    Removing ticker_api.o(i.ticker_get_next_timestamp), (26 bytes).
    Removing us_ticker_api.o(.rev16_text), (4 bytes).
    Removing us_ticker_api.o(.revsh_text), (4 bytes).
    Removing wait_api.o(.rev16_text), (4 bytes).
    Removing wait_api.o(.revsh_text), (4 bytes).
    Removing i2c.o(.rev16_text), (4 bytes).
    Removing i2c.o(.revsh_text), (4 bytes).
    Removing i2c.o(i._ZN4mbed3I2C4readEi), (28 bytes).
    Removing i2c.o(i._ZN4mbed3I2C4stopEv), (12 bytes).
    Removing i2c.o(i._ZN4mbed3I2C5startEv), (12 bytes).
    Removing i2c.o(i._ZN4mbed3I2C5writeEi), (16 bytes).
    Removing i2c.o(.ARM.exidx), (8 bytes).
    Removing i2c.o(.ARM.exidx), (8 bytes).
    Removing i2c.o(.ARM.exidx), (8 bytes).
    Removing i2c.o(.ARM.exidx), (8 bytes).
    Removing i2c.o(.ARM.exidx), (8 bytes).
    Removing i2c.o(.ARM.exidx), (8 bytes).
    Removing i2c.o(.ARM.exidx), (8 bytes).
    Removing i2c.o(.ARM.exidx), (8 bytes).
    Removing i2c.o(.ARM.exidx), (8 bytes).
    Removing stream.o(.rev16_text), (4 bytes).
    Removing stream.o(.revsh_text), (4 bytes).
    Removing stream.o(i._ZN4mbed6Stream4getcEv), (18 bytes).
    Removing stream.o(i._ZN4mbed6Stream4getsEPci), (26 bytes).
    Removing stream.o(i._ZN4mbed6Stream4putcEi), (22 bytes).
    Removing stream.o(i._ZN4mbed6Stream4putsEPKc), (22 bytes).
    Removing stream.o(i._ZN4mbed6Stream4readEPvj), (54 bytes).
    Removing stream.o(i._ZN4mbed6Stream5fsyncEv), (6 bytes).
    Removing stream.o(i._ZN4mbed6Stream5scanfEPKcz), (40 bytes).
    Removing stream.o(i._ZN4mbed6Stream6printfEPKcz), (40 bytes).
    Removing stream.o(i._ZN4mbed6StreamD0Ev), (18 bytes).
    Removing stream.o(i._ZN4mbed6StreamD2Ev), (36 bytes).
    Removing stream.o(i._ZThn4_N4mbed6StreamD0Ev), (14 bytes).
    Removing stream.o(i._ZThn4_N4mbed6StreamD1Ev), (14 bytes).
    Removing stream.o(.ARM.exidx), (8 bytes).
    Removing stream.o(.ARM.exidx), (8 bytes).
    Removing stream.o(.ARM.exidx), (8 bytes).
    Removing stream.o(.ARM.exidx), (8 bytes).
    Removing stream.o(.ARM.exidx), (8 bytes).
    Removing stream.o(.ARM.exidx), (8 bytes).
    Removing stream.o(.ARM.exidx), (8 bytes).
    Removing stream.o(.ARM.exidx), (8 bytes).
    Removing stream.o(.ARM.exidx), (8 bytes).
    Removing stream.o(.ARM.exidx), (8 bytes).
    Removing stream.o(.ARM.exidx), (8 bytes).
    Removing stream.o(.ARM.exidx), (8 bytes).
    Removing stream.o(.ARM.exidx), (8 bytes).
    Removing stream.o(.ARM.exidx), (8 bytes).
    Removing stream.o(.ARM.exidx), (8 bytes).
    Removing stream.o(.ARM.exidx), (8 bytes).
    Removing stream.o(.ARM.exidx), (8 bytes).
    Removing stream.o(.ARM.exidx), (8 bytes).
    Removing gpio_api.o(.rev16_text), (4 bytes).
    Removing gpio_api.o(.revsh_text), (4 bytes).
    Removing ealcdboardgpio.o(.rev16_text), (4 bytes).
    Removing ealcdboardgpio.o(.revsh_text), (4 bytes).
    Removing ealcdboardgpio.o(.ARM.exidx), (8 bytes).
    Removing ealcdboardgpio.o(.ARM.exidx), (8 bytes).
    Removing ealcdboardgpio.o(.ARM.exidx), (8 bytes).
    Removing ealcdboardgpio.o(.ARM.exidx), (8 bytes).
    Removing ealcdboardgpio.o(.ARM.exidx), (8 bytes).
    Removing ealcdboardgpio.o(.ARM.exidx), (8 bytes).
    Removing ealcdboard.o(.rev16_text), (4 bytes).
    Removing ealcdboard.o(.revsh_text), (4 bytes).
    Removing ealcdboard.o(i._ZN10EaLcdBoard11eepromWriteEPhtt), (178 bytes).
    Removing ealcdboard.o(i._ZN10EaLcdBoard13getDisplayMfgEPci), (68 bytes).
    Removing ealcdboard.o(i._ZN10EaLcdBoard14getDisplayNameEPci), (64 bytes).
    Removing ealcdboard.o(i._ZN10EaLcdBoard15getPowerDownSeqEPci), (88 bytes).
    Removing ealcdboard.o(i._ZN10EaLcdBoard15setWriteProtectEb), (36 bytes).
    Removing ealcdboard.o(i._ZN10EaLcdBoard15storeParametersEPKcS1_PN13LcdController6ConfigES1_S1_PNS_13TouchParams_tEb), (436 bytes).
    Removing ealcdboard.o(i._ZN10EaLcdBoard18getTouchParametersEPNS_13TouchParams_tE), (92 bytes).
    Removing ealcdboard.o(i._ZN10EaLcdBoard5closeEv), (54 bytes).
    Removing ealcdboard.o(.ARM.exidx), (8 bytes).
    Removing ealcdboard.o(.ARM.exidx), (8 bytes).
    Removing ealcdboard.o(.ARM.exidx), (8 bytes).
    Removing ealcdboard.o(.ARM.exidx), (8 bytes).
    Removing ealcdboard.o(.ARM.exidx), (8 bytes).
    Removing ealcdboard.o(.ARM.exidx), (8 bytes).
    Removing ealcdboard.o(.ARM.exidx), (8 bytes).
    Removing ealcdboard.o(.ARM.exidx), (8 bytes).
    Removing ealcdboard.o(.ARM.exidx), (8 bytes).
    Removing ealcdboard.o(.ARM.exidx), (8 bytes).
    Removing ealcdboard.o(.ARM.exidx), (8 bytes).
    Removing ealcdboard.o(.ARM.exidx), (8 bytes).
    Removing ealcdboard.o(.ARM.exidx), (8 bytes).
    Removing ealcdboard.o(.ARM.exidx), (8 bytes).
    Removing ealcdboard.o(.ARM.exidx), (8 bytes).
    Removing ealcdboard.o(.ARM.exidx), (8 bytes).
    Removing ealcdboard.o(.ARM.exidx), (8 bytes).
    Removing ealcdboard.o(.ARM.exidx), (8 bytes).
    Removing ealcdboard.o(.ARM.exidx), (8 bytes).
    Removing ealcdboard.o(.ARM.exidx), (8 bytes).
    Removing ealcdboard.o(.ARM.exidx), (8 bytes).
    Removing ealcdboard.o(.ARM.exidx), (8 bytes).
    Removing ealcdboard.o(.ARM.exidx), (8 bytes).
    Removing ealcdboard.o(.ARM.exidx), (8 bytes).
    Removing ealcdboard.o(.ARM.exidx), (8 bytes).
    Removing ealcdboard.o(.ARM.exidx), (8 bytes).
    Removing ealcdboard.o(.ARM.exidx), (8 bytes).
    Removing ealcdboard.o(.ARM.exidx), (8 bytes).
    Removing ealcdboard.o(.ARM.exidx), (8 bytes).
    Removing ealcdboard.o(.ARM.exidx), (8 bytes).
    Removing ealcdboard.o(.ARM.exidx), (8 bytes).
    Removing ealcdboard.o(.ARM.exidx), (8 bytes).
    Removing gfxfb.o(.rev16_text), (4 bytes).
    Removing gfxfb.o(.revsh_text), (4 bytes).
    Removing gfxfb.o(i._ZN5GFXFb11writeStringEPKc), (34 bytes).
    Removing gfxfb.o(i._ZN5GFXFb13drawFastHLineEssst), (98 bytes).
    Removing gfxfb.o(i._ZN5GFXFb14getStringWidthEPKc), (30 bytes).
    Removing gfxfb.o(i._ZN5GFXFb15getStringHeightEPKc), (6 bytes).
    Removing gfxfb.o(.ARM.exidx), (8 bytes).
    Removing gfxfb.o(.ARM.exidx), (8 bytes).
    Removing gfxfb.o(.ARM.exidx), (8 bytes).
    Removing gfxfb.o(.ARM.exidx), (8 bytes).
    Removing gfxfb.o(.ARM.exidx), (8 bytes).
    Removing gfxfb.o(.ARM.exidx), (8 bytes).
    Removing gfxfb.o(.ARM.exidx), (8 bytes).
    Removing gfxfb.o(.ARM.exidx), (8 bytes).
    Removing sdram.o(.rev16_text), (4 bytes).
    Removing sdram.o(.revsh_text), (4 bytes).
    Removing sdram.o(i._Z24sdram_disableMallocSdramv), (12 bytes).
    Removing sdram.o(.ARM.exidx), (8 bytes).
    Removing sdram.o(.ARM.exidx), (8 bytes).
    Removing sdram.o(.ARM.exidx), (8 bytes).
    Removing sdram.o(.ARM.exidx), (8 bytes).
    Removing sdram.o(.ARM.exidx), (8 bytes).
    Removing sdram.o(.ARM.exidx), (8 bytes).
    Removing sdram.o(.ARM.exidx), (8 bytes).
    Removing sdram.o(.ARM.exidx), (8 bytes).
    Removing sdram.o(.ARM.exidx), (8 bytes).
    Removing sdram.o(.ARM.exidx), (8 bytes).
    Removing filelike.o(.rev16_text), (4 bytes).
    Removing filelike.o(.revsh_text), (4 bytes).
    Removing filelike.o(i._ZN4mbed8FileLikeD0Ev), (18 bytes).
    Removing filelike.o(i._ZN4mbed8FileLikeD2Ev), (24 bytes).
    Removing filelike.o(i._ZThn4_N4mbed8FileLikeD0Ev), (14 bytes).
    Removing filelike.o(i._ZThn4_N4mbed8FileLikeD1Ev), (14 bytes).
    Removing filelike.o(.ARM.exidx), (8 bytes).
    Removing filelike.o(.ARM.exidx), (8 bytes).
    Removing filelike.o(.ARM.exidx), (8 bytes).
    Removing filelike.o(.ARM.exidx), (8 bytes).
    Removing filelike.o(.ARM.exidx), (8 bytes).
    Removing pinmap.o(.rev16_text), (4 bytes).
    Removing pinmap.o(.revsh_text), (4 bytes).
    Removing us_ticker.o(.rev16_text), (4 bytes).
    Removing us_ticker.o(.revsh_text), (4 bytes).
    Removing i2c_api.o(.rev16_text), (4 bytes).
    Removing i2c_api.o(.revsh_text), (4 bytes).
    Removing i2c_api.o(i.i2c_byte_read), (18 bytes).
    Removing i2c_api.o(i.i2c_byte_write), (64 bytes).
    Removing i2c_api.o(i.i2c_reset), (12 bytes).
    Removing i2c_api.o(i.i2c_slave_address), (48 bytes).
    Removing i2c_api.o(i.i2c_slave_mode), (60 bytes).
    Removing i2c_api.o(i.i2c_slave_read), (92 bytes).
    Removing i2c_api.o(i.i2c_slave_receive), (48 bytes).
    Removing i2c_api.o(i.i2c_slave_write), (70 bytes).
    Removing pwmout_api.o(.rev16_text), (4 bytes).
    Removing pwmout_api.o(.revsh_text), (4 bytes).
    Removing pwmout_api.o(i.pwmout_free), (2 bytes).
    Removing pwmout_api.o(i.pwmout_period), (32 bytes).
    Removing pwmout_api.o(i.pwmout_pulsewidth), (32 bytes).
    Removing pwmout_api.o(i.pwmout_pulsewidth_ms), (22 bytes).
    Removing pwmout_api.o(i.pwmout_pulsewidth_us), (48 bytes).
    Removing pwmout_api.o(i.pwmout_read), (58 bytes).
    Removing retarget.o(.rev16_text), (4 bytes).
    Removing retarget.o(.revsh_text), (4 bytes).
    Removing retarget.o(i._ZN4mbed10FileHandleD0Ev), (18 bytes).
    Removing retarget.o(i._ZN4mbed10FileHandleD2Ev), (48 bytes).
    Removing retarget.o(i._ZN4mbed9mbed_getcEPSt6__FILE), (12 bytes).
    Removing retarget.o(i._ZN4mbed9mbed_getsEPciPSt6__FILE), (20 bytes).
    Removing retarget.o(i._sys_command_string), (6 bytes).
    Removing retarget.o(i._sys_ensure), (44 bytes).
    Removing retarget.o(i._sys_read), (92 bytes).
    Removing retarget.o(i.closedir), (14 bytes).
    Removing retarget.o(i.mkdir), (58 bytes).
    Removing retarget.o(i.opendir), (68 bytes).
    Removing retarget.o(i.readdir), (14 bytes).
    Removing retarget.o(i.remove), (54 bytes).
    Removing retarget.o(i.rename), (88 bytes).
    Removing retarget.o(i.rewinddir), (14 bytes).
    Removing retarget.o(i.seekdir), (18 bytes).
    Removing retarget.o(i.telldir), (14 bytes).
    Removing retarget.o(i.tmpfile), (4 bytes).
    Removing retarget.o(i.tmpnam), (6 bytes).
    Removing retarget.o(.ARM.exidx), (8 bytes).
    Removing retarget.o(.ARM.exidx), (8 bytes).
    Removing retarget.o(.ARM.exidx), (8 bytes).
    Removing retarget.o(.ARM.exidx), (8 bytes).
    Removing retarget.o(.ARM.exidx), (8 bytes).
    Removing retarget.o(.ARM.exidx), (8 bytes).
    Removing retarget.o(.ARM.exidx), (8 bytes).
    Removing retarget.o(.ARM.exidx), (8 bytes).
    Removing retarget.o(.ARM.exidx), (8 bytes).
    Removing retarget.o(.ARM.exidx), (8 bytes).
    Removing retarget.o(.ARM.exidx), (8 bytes).
    Removing retarget.o(.ARM.exidx), (8 bytes).
    Removing retarget.o(.ARM.exidx), (8 bytes).
    Removing retarget.o(.ARM.exidx), (8 bytes).
    Removing retarget.o(.ARM.exidx), (8 bytes).
    Removing retarget.o(.ARM.exidx), (8 bytes).
    Removing retarget.o(.ARM.exidx), (8 bytes).
    Removing retarget.o(.ARM.exidx), (8 bytes).
    Removing retarget.o(.ARM.exidx), (8 bytes).
    Removing retarget.o(.ARM.exidx), (8 bytes).
    Removing retarget.o(.ARM.exidx), (8 bytes).
    Removing retarget.o(.ARM.exidx), (8 bytes).
    Removing retarget.o(.ARM.exidx), (8 bytes).
    Removing retarget.o(.ARM.exidx), (8 bytes).
    Removing retarget.o(.ARM.exidx), (8 bytes).
    Removing retarget.o(.ARM.exidx), (8 bytes).
    Removing retarget.o(.ARM.exidx), (8 bytes).
    Removing retarget.o(.ARM.exidx), (8 bytes).
    Removing retarget.o(.ARM.exidx), (8 bytes).
    Removing retarget.o(.ARM.exidx), (8 bytes).
    Removing lcdcontroller.o(.rev16_text), (4 bytes).
    Removing lcdcontroller.o(.revsh_text), (4 bytes).
    Removing lcdcontroller.o(i._ZN13LcdController5closeEv), (52 bytes).
    Removing lcdcontroller.o(.ARM.exidx), (8 bytes).
    Removing lcdcontroller.o(.ARM.exidx), (8 bytes).
    Removing lcdcontroller.o(.ARM.exidx), (8 bytes).
    Removing lcdcontroller.o(.ARM.exidx), (8 bytes).
    Removing lcdcontroller.o(.ARM.exidx), (8 bytes).
    Removing lcdcontroller.o(.ARM.exidx), (8 bytes).
    Removing lcdcontroller.o(.ARM.exidx), (8 bytes).
    Removing lcdcontroller.o(.ARM.exidx), (8 bytes).
    Removing filebase.o(.rev16_text), (4 bytes).
    Removing filebase.o(.revsh_text), (4 bytes).
    Removing filebase.o(i._ZN4mbed8FileBase3getEi), (36 bytes).
    Removing filebase.o(i._ZN4mbed8FileBase7getNameEv), (6 bytes).
    Removing filebase.o(i._ZN4mbed8FileBaseD0Ev), (18 bytes).
    Removing filebase.o(i._ZN4mbed8FileBaseD1Ev), (56 bytes).
    Removing filebase.o(.ARM.exidx), (8 bytes).
    Removing filebase.o(.ARM.exidx), (8 bytes).
    Removing filebase.o(.ARM.exidx), (8 bytes).
    Removing filebase.o(.ARM.exidx), (8 bytes).
    Removing filebase.o(.ARM.exidx), (8 bytes).
    Removing filebase.o(.ARM.exidx), (8 bytes).
    Removing filebase.o(.ARM.exidx), (8 bytes).
    Removing filepath.o(.rev16_text), (4 bytes).
    Removing filepath.o(.revsh_text), (4 bytes).
    Removing filepath.o(.ARM.exidx), (8 bytes).
    Removing filepath.o(.ARM.exidx), (8 bytes).
    Removing filepath.o(.ARM.exidx), (8 bytes).
    Removing filepath.o(.ARM.exidx), (8 bytes).
    Removing filepath.o(.ARM.exidx), (8 bytes).
    Removing filepath.o(.ARM.exidx), (8 bytes).
    Removing filepath.o(.ARM.exidx), (8 bytes).
    Removing filesystemlike.o(.rev16_text), (4 bytes).
    Removing filesystemlike.o(.revsh_text), (4 bytes).
    Removing filesystemlike.o(i._ZN4mbed14FileSystemLike7opendirEv), (52 bytes).
    Removing filesystemlike.o(i._ZN4mbed14FileSystemLikeC2EPKc), (32 bytes).
    Removing filesystemlike.o(i._ZN4mbed14FileSystemLikeD0Ev), (18 bytes).
    Removing filesystemlike.o(i._ZN4mbed14FileSystemLikeD2Ev), (16 bytes).
    Removing filesystemlike.o(.ARM.exidx), (8 bytes).
    Removing filesystemlike.o(.ARM.exidx), (8 bytes).
    Removing filesystemlike.o(.ARM.exidx), (8 bytes).
    Removing filesystemlike.o(.ARM.exidx), (8 bytes).
    Removing serial_api.o(.rev16_text), (4 bytes).
    Removing serial_api.o(.revsh_text), (4 bytes).
    Removing serial_api.o(i.serial_break_clear), (14 bytes).
    Removing serial_api.o(i.serial_break_set), (14 bytes).
    Removing serial_api.o(i.serial_clear), (8 bytes).
    Removing serial_api.o(i.serial_free), (16 bytes).
    Removing serial_api.o(i.serial_getc), (22 bytes).
    Removing serial_api.o(i.serial_irq_handler), (24 bytes).
    Removing serial_api.o(i.serial_irq_set), (256 bytes).
    Removing serial_api.o(i.serial_pinout_tx), (20 bytes).
    Removing serial_api.o(i.serial_readable), (12 bytes).
    Removing serial_api.o(i.uart0_irq), (24 bytes).
    Removing serial_api.o(i.uart1_irq), (24 bytes).
    Removing serial_api.o(i.uart2_irq), (24 bytes).
    Removing serial_api.o(i.uart3_irq), (24 bytes).
    Removing serial_api.o(i.uart4_irq), (24 bytes).
    Removing serial_api.o(i.uart_irq), (64 bytes).
    Removing serial_api.o(.bss), (20 bytes).
    Removing board.o(.rev16_text), (4 bytes).
    Removing board.o(.revsh_text), (4 bytes).
    Removing main.o(.ARM.exidx), (8 bytes).
    Removing main.o(.ARM.exidx), (8 bytes).
    Removing physics.o(.ARM.exidx), (8 bytes).
    Removing physics.o(.ARM.exidx), (8 bytes).
    Removing ticker.o(i._ZN4mbed6TickerD1Ev), (32 bytes).
    Removing ticker.o(.ARM.exidx), (8 bytes).
    Removing ticker.o(i._ZN4mbed6TickerD0Ev), (18 bytes).
    Removing ticker.o(.ARM.exidx), (8 bytes).
    Removing ticker.o(.constdata__ZTIN4mbed6TickerE), (12 bytes).
    Removing ticker.o(.constdata__ZTSN4mbed6TickerE), (15 bytes).
    Removing timerevent.o(.constdata__ZTIN4mbed10TimerEventE), (8 bytes).
    Removing timerevent.o(.constdata__ZTSN4mbed10TimerEventE), (20 bytes).
    Removing adafruit_gfx.o(.constdata__ZTI12Adafruit_GFX), (8 bytes).
    Removing adafruit_gfx.o(.constdata__ZTS12Adafruit_GFX), (15 bytes).
    Removing display.o(.ARM.exidx), (8 bytes).
    Removing display.o(.constdata__ZTI7Display), (32 bytes).
    Removing display.o(.constdata__ZTS7Display), (9 bytes).
    Removing stream.o(.constdata__ZTIN4mbed6StreamE), (12 bytes).
    Removing stream.o(.constdata__ZTSN4mbed6StreamE), (15 bytes).
    Removing ealcdboardgpio.o(.ARM.exidx), (8 bytes).
    Removing ealcdboardgpio.o(.ARM.exidx), (8 bytes).
    Removing ealcdboardgpio.o(.constdata__ZTI14EaLcdBoardGPIO), (12 bytes).
    Removing ealcdboardgpio.o(.constdata__ZTS14EaLcdBoardGPIO), (17 bytes).
    Removing ealcdboard.o(.constdata__ZTI10EaLcdBoard), (8 bytes).
    Removing ealcdboard.o(.constdata__ZTS10EaLcdBoard), (13 bytes).
    Removing gfxfb.o(.constdata__ZTI5GFXFb), (12 bytes).
    Removing gfxfb.o(.constdata__ZTS5GFXFb), (7 bytes).
    Removing filelike.o(.ARM.exidx), (8 bytes).
    Removing filelike.o(.constdata__ZTIN4mbed8FileLikeE), (32 bytes).
    Removing filelike.o(.constdata__ZTSN4mbed8FileLikeE), (17 bytes).
    Removing retarget.o(.constdata__ZTIN4mbed10FileHandleE), (8 bytes).
    Removing retarget.o(.constdata__ZTSN4mbed10FileHandleE), (20 bytes).
    Removing filebase.o(.constdata__ZTIN4mbed8FileBaseE), (8 bytes).
    Removing filebase.o(.constdata__ZTSN4mbed8FileBaseE), (17 bytes).
    Removing filesystemlike.o(.constdata__ZTVN4mbed14FileSystemLikeE), (36 bytes).
    Removing filesystemlike.o(i._ZN4mbed14FileSystemLike6removeEPKc), (8 bytes).
    Removing filesystemlike.o(.ARM.exidx), (8 bytes).
    Removing filesystemlike.o(i._ZN4mbed14FileSystemLike6renameEPKcS2_), (8 bytes).
    Removing filesystemlike.o(.ARM.exidx), (8 bytes).
    Removing filesystemlike.o(i._ZN4mbed14FileSystemLike7opendirEPKc), (6 bytes).
    Removing filesystemlike.o(.ARM.exidx), (8 bytes).
    Removing filesystemlike.o(i._ZN4mbed14FileSystemLike5mkdirEPKci), (8 bytes).
    Removing filesystemlike.o(.ARM.exidx), (8 bytes).
    Removing filesystemlike.o(.constdata__ZTVN4mbed9DirHandleE), (36 bytes).
    Removing filesystemlike.o(.constdata__ZTVN4mbed13BaseDirHandleE), (36 bytes).
    Removing filesystemlike.o(.constdata__ZTIN4mbed14FileSystemLikeE), (12 bytes).
    Removing filesystemlike.o(.constdata__ZTIN4mbed13BaseDirHandleE), (12 bytes).
    Removing filesystemlike.o(.constdata__ZTIN4mbed9DirHandleE), (8 bytes).
    Removing filesystemlike.o(.constdata__ZTSN4mbed14FileSystemLikeE), (24 bytes).
    Removing filesystemlike.o(.constdata__ZTSN4mbed9DirHandleE), (18 bytes).
    Removing filesystemlike.o(.constdata__ZTSN4mbed13BaseDirHandleE), (23 bytes).
    Removing filesystemlike.o(i._ZN4mbed9DirHandle7telldirEv), (8 bytes).
    Removing filesystemlike.o(.ARM.exidx), (8 bytes).
    Removing filesystemlike.o(i._ZN4mbed9DirHandle7seekdirEl), (2 bytes).
    Removing filesystemlike.o(.ARM.exidx), (8 bytes).
    Removing filesystemlike.o(i._ZN4mbed9DirHandleD2Ev), (2 bytes).
    Removing filesystemlike.o(.ARM.exidx), (8 bytes).
    Removing filesystemlike.o(i._ZN4mbed9DirHandleD0Ev), (16 bytes).
    Removing filesystemlike.o(.ARM.exidx), (8 bytes).
    Removing filesystemlike.o(i._ZN4mbed13BaseDirHandle8closedirEv), (18 bytes).
    Removing filesystemlike.o(.ARM.exidx), (8 bytes).
    Removing filesystemlike.o(i._ZN4mbed13BaseDirHandle7readdirEv), (50 bytes).
    Removing filesystemlike.o(.ARM.exidx), (8 bytes).
    Removing filesystemlike.o(i._ZN4mbed13BaseDirHandle7telldirEv), (6 bytes).
    Removing filesystemlike.o(.ARM.exidx), (8 bytes).
    Removing filesystemlike.o(i._ZN4mbed13BaseDirHandle7seekdirEl), (4 bytes).
    Removing filesystemlike.o(.ARM.exidx), (8 bytes).
    Removing filesystemlike.o(i._ZN4mbed13BaseDirHandle9rewinddirEv), (6 bytes).
    Removing filesystemlike.o(.ARM.exidx), (8 bytes).
    Removing filesystemlike.o(i._ZN4mbed13BaseDirHandleD1Ev), (4 bytes).
    Removing filesystemlike.o(.ARM.exidx), (8 bytes).
    Removing filesystemlike.o(i._ZN4mbed13BaseDirHandleD0Ev), (18 bytes).
    Removing filesystemlike.o(.ARM.exidx), (8 bytes).

538 unused section(s) (total 11774 bytes) removed from the image.

==============================================================================

Memory Map of the image

  Image Entry point : 0x00000000

  Load Region LR_IROM1 (Base: 0x00000000, Size: 0x000077fc, Max: 0x00080000, ABSOLUTE)

    Execution Region ER_IROM1 (Base: 0x00000000, Size: 0x00007768, Max: 0x00080000, ABSOLUTE)

    Base Addr    Size         Type   Attr      Idx    E Section Name        Object

    0x00000000   0x000000e4   Data   RO          459    RESET               startup_lpc407x_8x_177x_8x.o
    0x000000e4   0x00000008   Code   RO         4486  * !!!main             c_w.l(__main.o)
    0x000000ec   0x00000000   Code   RO         4429    .ARM.Collect$$_printf_percent$$00000000  c_w.l(_printf_percent.o)
    0x000000ec   0x00000006   Code   RO         4699    .ARM.Collect$$_printf_percent$$00000001  c_w.l(_printf_n.o)
    0x000000f2   0x00000006   Code   RO         4428    .ARM.Collect$$_printf_percent$$00000002  c_w.l(_printf_p.o)
    0x000000f8   0x00000006   Code   RO         4705    .ARM.Collect$$_printf_percent$$00000003  c_w.l(_printf_f.o)
    0x000000fe   0x00000006   Code   RO         4706    .ARM.Collect$$_printf_percent$$00000004  c_w.l(_printf_e.o)
    0x00000104   0x00000006   Code   RO         4707    .ARM.Collect$$_printf_percent$$00000005  c_w.l(_printf_g.o)
    0x0000010a   0x00000006   Code   RO         4708    .ARM.Collect$$_printf_percent$$00000006  c_w.l(_printf_a.o)
    0x00000110   0x0000000a   Code   RO         4713    .ARM.Collect$$_printf_percent$$00000007  c_w.l(_printf_ll.o)
    0x0000011a   0x00000006   Code   RO         4702    .ARM.Collect$$_printf_percent$$00000008  c_w.l(_printf_i.o)
    0x00000120   0x00000006   Code   RO         4703    .ARM.Collect$$_printf_percent$$00000009  c_w.l(_printf_d.o)
    0x00000126   0x00000006   Code   RO         4704    .ARM.Collect$$_printf_percent$$0000000A  c_w.l(_printf_u.o)
    0x0000012c   0x00000006   Code   RO         4701    .ARM.Collect$$_printf_percent$$0000000B  c_w.l(_printf_o.o)
    0x00000132   0x00000006   Code   RO         4700    .ARM.Collect$$_printf_percent$$0000000C  c_w.l(_printf_x.o)
    0x00000138   0x00000006   Code   RO         4710    .ARM.Collect$$_printf_percent$$0000000D  c_w.l(_printf_lli.o)
    0x0000013e   0x00000006   Code   RO         4711    .ARM.Collect$$_printf_percent$$0000000E  c_w.l(_printf_lld.o)
    0x00000144   0x00000006   Code   RO         4712    .ARM.Collect$$_printf_percent$$0000000F  c_w.l(_printf_llu.o)
    0x0000014a   0x00000006   Code   RO         4717    .ARM.Collect$$_printf_percent$$00000010  c_w.l(_printf_llo.o)
    0x00000150   0x00000006   Code   RO         4718    .ARM.Collect$$_printf_percent$$00000011  c_w.l(_printf_llx.o)
    0x00000156   0x0000000a   Code   RO         4714    .ARM.Collect$$_printf_percent$$00000012  c_w.l(_printf_l.o)
    0x00000160   0x00000006   Code   RO         4697    .ARM.Collect$$_printf_percent$$00000013  c_w.l(_printf_c.o)
    0x00000166   0x00000006   Code   RO         4698    .ARM.Collect$$_printf_percent$$00000014  c_w.l(_printf_s.o)
    0x0000016c   0x00000006   Code   RO         4715    .ARM.Collect$$_printf_percent$$00000015  c_w.l(_printf_lc.o)
    0x00000172   0x00000006   Code   RO         4716    .ARM.Collect$$_printf_percent$$00000016  c_w.l(_printf_ls.o)
    0x00000178   0x00000004   Code   RO         4709    .ARM.Collect$$_printf_percent$$00000017  c_w.l(_printf_percent_end.o)
    0x0000017c   0x00000002   Code   RO         5093    .ARM.Collect$$libinit$$00000000  c_w.l(libinit.o)
    0x0000017e   0x00000004   Code   RO         4766    .ARM.Collect$$libinit$$00000001  c_w.l(libinit2.o)
    0x00000182   0x00000000   Code   RO         4769    .ARM.Collect$$libinit$$00000004  c_w.l(libinit2.o)
    0x00000182   0x00000008   Code   RO         4770    .ARM.Collect$$libinit$$00000005  c_w.l(libinit2.o)
    0x0000018a   0x00000000   Code   RO         4772    .ARM.Collect$$libinit$$0000000A  c_w.l(libinit2.o)
    0x0000018a   0x00000000   Code   RO         4774    .ARM.Collect$$libinit$$0000000C  c_w.l(libinit2.o)
    0x0000018a   0x00000000   Code   RO         4776    .ARM.Collect$$libinit$$0000000E  c_w.l(libinit2.o)
    0x0000018a   0x00000006   Code   RO         4777    .ARM.Collect$$libinit$$0000000F  c_w.l(libinit2.o)
    0x00000190   0x00000000   Code   RO         4779    .ARM.Collect$$libinit$$00000011  c_w.l(libinit2.o)
    0x00000190   0x0000000c   Code   RO         4780    .ARM.Collect$$libinit$$00000012  c_w.l(libinit2.o)
    0x0000019c   0x00000000   Code   RO         4781    .ARM.Collect$$libinit$$00000013  c_w.l(libinit2.o)
    0x0000019c   0x00000000   Code   RO         4783    .ARM.Collect$$libinit$$00000015  c_w.l(libinit2.o)
    0x0000019c   0x0000000a   Code   RO         4784    .ARM.Collect$$libinit$$00000016  c_w.l(libinit2.o)
    0x000001a6   0x00000000   Code   RO         4785    .ARM.Collect$$libinit$$00000017  c_w.l(libinit2.o)
    0x000001a6   0x00000000   Code   RO         4787    .ARM.Collect$$libinit$$00000019  c_w.l(libinit2.o)
    0x000001a6   0x00000000   Code   RO         4789    .ARM.Collect$$libinit$$0000001B  c_w.l(libinit2.o)
    0x000001a6   0x00000000   Code   RO         4791    .ARM.Collect$$libinit$$0000001D  c_w.l(libinit2.o)
    0x000001a6   0x00000000   Code   RO         4793    .ARM.Collect$$libinit$$0000001F  c_w.l(libinit2.o)
    0x000001a6   0x00000000   Code   RO         4795    .ARM.Collect$$libinit$$00000021  c_w.l(libinit2.o)
    0x000001a6   0x00000000   Code   RO         4797    .ARM.Collect$$libinit$$00000023  c_w.l(libinit2.o)
    0x000001a6   0x00000004   Code   RO         4798    .ARM.Collect$$libinit$$00000024  c_w.l(libinit2.o)
    0x000001aa   0x00000000   Code   RO         4799    .ARM.Collect$$libinit$$00000025  c_w.l(libinit2.o)
    0x000001aa   0x00000000   Code   RO         4803    .ARM.Collect$$libinit$$0000002C  c_w.l(libinit2.o)
    0x000001aa   0x00000000   Code   RO         4805    .ARM.Collect$$libinit$$0000002E  c_w.l(libinit2.o)
    0x000001aa   0x00000000   Code   RO         4807    .ARM.Collect$$libinit$$00000030  c_w.l(libinit2.o)
    0x000001aa   0x00000004   Code   RO         4808    .ARM.Collect$$libinit$$00000031  c_w.l(libinit2.o)
    0x000001ae   0x00000000   Code   RO         4809    .ARM.Collect$$libinit$$00000032  c_w.l(libinit2.o)
    0x000001ae   0x00000002   Code   RO         4810    .ARM.Collect$$libinit$$00000033  c_w.l(libinit2.o)
    0x000001b0   0x00000000   Code   RO         4977    .ARM.Collect$$libshutdown$$00000004  c_w.l(libshutdown2.o)
    0x000001b0   0x00000000   Code   RO         4637    .ARM.Collect$$rtentry$$00000000  c_w.l(__rtentry.o)
    0x000001b0   0x00000000   Code   RO         4872    .ARM.Collect$$rtentry$$00000002  c_w.l(__rtentry2.o)
    0x000001b0   0x00000006   Code   RO         4884    .ARM.Collect$$rtentry$$00000004  c_w.l(__rtentry4.o)
    0x000001b6   0x00000000   Code   RO         4874    .ARM.Collect$$rtentry$$00000009  c_w.l(__rtentry2.o)
    0x000001b6   0x00000004   Code   RO         4875    .ARM.Collect$$rtentry$$0000000A  c_w.l(__rtentry2.o)
    0x000001ba   0x00000000   Code   RO         4877    .ARM.Collect$$rtentry$$0000000C  c_w.l(__rtentry2.o)
    0x000001ba   0x00000008   Code   RO         4878    .ARM.Collect$$rtentry$$0000000D  c_w.l(__rtentry2.o)
    0x000001c2   0x00000002   PAD
    0x000001c4   0x00000000   Code   RO         4890    .emb_text           c_w.l(maybetermalloc1.o)
    0x000001c4   0x00000024   Code   RO          461    .text               startup_lpc407x_8x_177x_8x.o
    0x000001e8   0x0000005e   Code   RO         4319    .text               c_w.l(h1_alloc.o)
    0x00000246   0x0000004e   Code   RO         4321    .text               c_w.l(h1_free.o)
    0x00000294   0x0000000a   Code   RO         4377    .text               c_w.l(vfprintf.o)
    0x0000029e   0x00000002   PAD
    0x000002a0   0x0000002c   Code   RO         4381    .text               c_w.l(__2sprintf.o)
    0x000002cc   0x00000014   Code   RO         4452    .text               c_w.l(setbuf.o)
    0x000002e0   0x00000008   Code   RO         4638    .text               c_w.l(rt_heap_descriptor.o)
    0x000002e8   0x00000008   Code   RO         4643    .text               c_w.l(rt_new_handler_addr.o)
    0x000002f0   0x00000004   Code   RO         4648    .text               c_w.l(hguard.o)
    0x000002f4   0x00000008   Code   RO         4737    .text               c_w.l(ferror.o)
    0x000002fc   0x00000004   Code   RO          460    .ARM.__at_0x02FC    startup_lpc407x_8x_177x_8x.o
    0x00000300   0x00000094   Code   RO         4405    .text               c_w.l(_printf_hex_int_ll_ptr.o)
    0x00000394   0x00000188   Code   RO         4425    .text               c_w.l(__printf_flags_ss_wp.o)
    0x0000051c   0x0000003c   Code   RO         4432    .text               c_w.l(__0sscanf.o)
    0x00000558   0x0000014c   Code   RO         4434    .text               c_w.l(_scanf_int.o)
    0x000006a4   0x00000064   Code   RO         4436    .text               c_w.l(fflush.o)
    0x00000708   0x000000ec   Code   RO         4450    .text               c_w.l(fopen.o)
    0x000007f4   0x0000004c   Code   RO         4460    .text               c_w.l(fclose.o)
    0x00000840   0x0000003e   Code   RO         4472    .text               c_w.l(strlen.o)
    0x0000087e   0x00000096   Code   RO         4474    .text               c_w.l(strncmp.o)
    0x00000914   0x00000044   Code   RO         4478    .text               c_w.l(rt_memclr.o)
    0x00000958   0x0000004e   Code   RO         4480    .text               c_w.l(rt_memclr_w.o)
    0x000009a6   0x00000002   PAD
    0x000009a8   0x00000080   Code   RO         4484    .text               c_w.l(strcmpv7m.o)
    0x00000a28   0x00000024   Code   RO         4491    .text               c_w.l(init_aeabi.o)
    0x00000a4c   0x0000008a   Code   RO         4650    .text               c_w.l(init_alloc.o)
    0x00000ad6   0x0000000e   Code   RO         4654    .text               c_w.l(h1_init.o)
    0x00000ae4   0x0000004e   Code   RO         4668    .text               c_w.l(_printf_pad.o)
    0x00000b32   0x00000024   Code   RO         4670    .text               c_w.l(_printf_truncate.o)
    0x00000b56   0x00000052   Code   RO         4672    .text               c_w.l(_printf_str.o)
    0x00000ba8   0x000000b2   Code   RO         4674    .text               c_w.l(_printf_intcommon.o)
    0x00000c5a   0x00000002   PAD
    0x00000c5c   0x00000078   Code   RO         4676    .text               c_w.l(_printf_dec.o)
    0x00000cd4   0x00000028   Code   RO         4678    .text               c_w.l(_printf_charcount.o)
    0x00000cfc   0x00000030   Code   RO         4680    .text               c_w.l(_printf_char_common.o)
    0x00000d2c   0x0000000a   Code   RO         4682    .text               c_w.l(_sputc.o)
    0x00000d36   0x00000002   PAD
    0x00000d38   0x00000024   Code   RO         4684    .text               c_w.l(_printf_char_file.o)
    0x00000d5c   0x000000bc   Code   RO         4686    .text               c_w.l(_printf_wctomb.o)
    0x00000e18   0x0000007c   Code   RO         4689    .text               c_w.l(_printf_longlong_dec.o)
    0x00000e94   0x00000070   Code   RO         4695    .text               c_w.l(_printf_oct_int_ll.o)
    0x00000f04   0x0000001c   Code   RO         4719    .text               c_w.l(_chval.o)
    0x00000f20   0x0000002c   Code   RO         4725    .text               c_w.l(scanf_char.o)
    0x00000f4c   0x00000040   Code   RO         4727    .text               c_w.l(_sgetc.o)
    0x00000f8c   0x000001d6   Code   RO         4741    .text               c_w.l(flsbuf.o)
    0x00001162   0x00000002   PAD
    0x00001164   0x000000f8   Code   RO         4743    .text               c_w.l(fseek.o)
    0x0000125c   0x00000046   Code   RO         4745    .text               c_w.l(setvbuf.o)
    0x000012a2   0x00000002   PAD
    0x000012a4   0x000000f0   Code   RO         4747    .text               c_w.l(stdio.o)
    0x00001394   0x00000138   Code   RO         4750    .text               c_w.l(initio.o)
    0x000014cc   0x0000000e   Code   RO         4758    .text               c_w.l(defsig_pvfn_outer.o)
    0x000014da   0x00000004   Code   RO         4818    .text               cpprt_w.l(arm_newhandler_noexceptions.o)
    0x000014de   0x00000034   Code   RO         4892    .text               c_w.l(h1_extend.o)
    0x00001512   0x0000008a   Code   RO         4896    .text               c_w.l(lludiv10.o)
    0x0000159c   0x00000012   Code   RO         4898    .text               c_w.l(isspace.o)
    0x000015ae   0x0000041a   Code   RO         4900    .text               c_w.l(_printf_fp_dec.o)
    0x000019c8   0x000002fc   Code   RO         4902    .text               c_w.l(_printf_fp_hex.o)
    0x00001cc4   0x0000002c   Code   RO         4907    .text               c_w.l(_printf_char.o)
    0x00001cf0   0x0000002c   Code   RO         4911    .text               c_w.l(_printf_wchar.o)
    0x00001d1c   0x00000374   Code   RO         4913    .text               c_w.l(_scanf.o)
    0x00002090   0x00000042   Code   RO         4923    .text               c_w.l(ftell.o)
    0x000020d2   0x00000040   Code   RO         4949    .text               c_w.l(_wcrtomb.o)
    0x00002112   0x0000000a   Code   RO         4951    .text               c_w.l(defsig_exit.o)
    0x0000211c   0x0000000e   Code   RO         4953    .text               c_w.l(defsig_rtred_outer.o)
    0x0000212a   0x0000000e   Code   RO         4957    .text               c_w.l(defsig_rtmem_outer.o)
    0x00002138   0x00000030   Code   RO         4961    .text               c_w.l(defsig_pvfn_inner.o)
    0x00002168   0x00000008   Code   RO         4970    .text               c_w.l(heapauxmm.o)
    0x00002170   0x0000001a   Code   RO         5010    .text               cpprt_w.l(arm_exceptions_terminate.o)
    0x0000218a   0x00000002   PAD
    0x0000218c   0x00000050   Code   RO         5013    .text               cpprt_w.l(arm_exceptions_globs.o)
    0x000021dc   0x0000000c   Code   RO         5021    .text               c_w.l(sys_exit.o)
    0x000021e8   0x00000010   Code   RO         5023    .text               c_w.l(rt_ctype_table.o)
    0x000021f8   0x00000008   Code   RO         5025    .text               c_w.l(rt_locale.o)
    0x00002200   0x00000008   Code   RO         5030    .text               c_w.l(rt_eh_globals_addr.o)
    0x00002208   0x00000008   Code   RO         5035    .text               c_w.l(rt_errno_addr.o)
    0x00002210   0x00000080   Code   RO         5042    .text               c_w.l(_printf_fp_infnan.o)
    0x00002290   0x000000dc   Code   RO         5044    .text               c_w.l(bigflt0.o)
    0x0000236c   0x00000016   Code   RO         5074    .text               c_w.l(abort.o)
    0x00002382   0x00000032   Code   RO         5078    .text               c_w.l(defsig_general.o)
    0x000023b4   0x00000034   Code   RO         5080    .text               c_w.l(defsig_rtred_inner.o)
    0x000023e8   0x00000050   Code   RO         5082    .text               c_w.l(defsig_rtmem_inner.o)
    0x00002438   0x0000003c   Code   RO         5097    .text               cpprt_w.l(arm_exceptions_mem.o)
    0x00002474   0x0000000e   Code   RO         5128    .text               c_w.l(sys_wrch.o)
    0x00002482   0x00000002   Code   RO         5130    .text               c_w.l(use_no_semi.o)
    0x00002484   0x00000000   Code   RO         5132    .text               c_w.l(indicate_semi.o)
    0x00002484   0x0000000e   Code   RO         5148    .text               c_w.l(defsig_abrt_outer.o)
    0x00002492   0x00000002   PAD
    0x00002494   0x00000030   Code   RO         5164    .text               c_w.l(defsig_abrt_inner.o)
    0x000024c4   0x0000003e   Code   RO         5047    CL$$btod_d2e        c_w.l(btod.o)
    0x00002502   0x00000046   Code   RO         5049    CL$$btod_d2e_denorm_low  c_w.l(btod.o)
    0x00002548   0x00000060   Code   RO         5048    CL$$btod_d2e_norm_op1  c_w.l(btod.o)
    0x000025a8   0x00000338   Code   RO         5057    CL$$btod_div_common  c_w.l(btod.o)
    0x000028e0   0x000000c6   Code   RO         5054    CL$$btod_e2e        c_w.l(btod.o)
    0x000029a6   0x00000028   Code   RO         5051    CL$$btod_ediv       c_w.l(btod.o)
    0x000029ce   0x00000028   Code   RO         5050    CL$$btod_emul       c_w.l(btod.o)
    0x000029f6   0x00000244   Code   RO         5056    CL$$btod_mult_common  c_w.l(btod.o)
    0x00002c3a   0x00000010   Code   RO         3511    i.$Sub$$main        mbed.lib(retarget.o)
    0x00002c4a   0x00000002   PAD
    0x00002c4c   0x00000040   Code   RO          470    i.NVIC_SetVector    cmsis_nvic.o
    0x00002c8c   0x000002d4   Code   RO          525    i.SystemCoreClockUpdate  system_lpc407x_8x_177x_8x.o
    0x00002f60   0x000000ec   Code   RO          526    i.SystemInit        system_lpc407x_8x_177x_8x.o
    0x0000304c   0x000000fc   Code   RO         3060    i._Z10sdram_initv   ebb.lib(sdram.o)
    0x00003148   0x0000005c   Code   RO         3061    i._Z10sdram_testv   ebb.lib(sdram.o)
    0x000031a4   0x00000048   Code   RO         3062    i._Z11calibrationv  ebb.lib(sdram.o)
    0x000031ec   0x00000084   Code   RO         3063    i._Z11find_cmddlyv  ebb.lib(sdram.o)
    0x00003270   0x00000020   Code   RO         3512    i._Z11init_serialv  mbed.lib(retarget.o)
    0x00003290   0x00000028   Code   RO         2761    i._Z11str_to_uintPcj  ebb.lib(ealcdboard.o)
    0x000032b8   0x00000084   Code   RO            3    i._Z12timerHandlerv  main.o
    0x0000333c   0x00000058   Code   RO         3064    i._Z13adjust_timingv  ebb.lib(sdram.o)
    0x00003394   0x00000084   Code   RO         3065    i._Z13find_fbclkdlyv  ebb.lib(sdram.o)
    0x00003418   0x00000048   Code   RO            6    i._Z9gpio_readP6gpio_t  main.o
    0x00003460   0x00000354   Code   RO         3067    i._Z9pinConfigv     ebb.lib(sdram.o)
    0x000037b4   0x0000000a   Code   RO         2762    i._Z9port_pin28PortNamei  ebb.lib(ealcdboard.o)
    0x000037be   0x0000007e   Code   RO         2763    i._ZN10EaLcdBoard10eepromReadEPhtt  ebb.lib(ealcdboard.o)
    0x0000383c   0x000000dc   Code   RO         2764    i._ZN10EaLcdBoard10execPinSetEPcj  ebb.lib(ealcdboard.o)
    0x00003918   0x00000058   Code   RO         2765    i._ZN10EaLcdBoard10getInitSeqEPci  ebb.lib(ealcdboard.o)
    0x00003970   0x00000084   Code   RO         2767    i._ZN10EaLcdBoard11execSeqCtrlEPcj  ebb.lib(ealcdboard.o)
    0x000039f4   0x00000020   Code   RO         2768    i._ZN10EaLcdBoard11set5VSignalEb  ebb.lib(ealcdboard.o)
    0x00003a14   0x0000003e   Code   RO         2769    i._ZN10EaLcdBoard11setLsStatesEtPhh  ebb.lib(ealcdboard.o)
    0x00003a52   0x00000022   Code   RO         2770    i._ZN10EaLcdBoard12checkVersionEPcj  ebb.lib(ealcdboard.o)
    0x00003a74   0x000000dc   Code   RO         2771    i._ZN10EaLcdBoard12getLcdConfigEPN13LcdController6ConfigE  ebb.lib(ealcdboard.o)
    0x00003b50   0x00000020   Code   RO         2772    i._ZN10EaLcdBoard12set3V3SignalEb  ebb.lib(ealcdboard.o)
    0x00003b70   0x00000044   Code   RO         2775    i._ZN10EaLcdBoard14setFrameBufferEj  ebb.lib(ealcdboard.o)
    0x00003bb4   0x000000be   Code   RO         2777    i._ZN10EaLcdBoard15parseInitStringEPcPN13LcdController6ConfigE  ebb.lib(ealcdboard.o)
    0x00003c72   0x0000002c   Code   RO         2778    i._ZN10EaLcdBoard15pca9532_setLedsEtt  ebb.lib(ealcdboard.o)
    0x00003c9e   0x0000002e   Code   RO         2782    i._ZN10EaLcdBoard20setBacklightContrastEj  ebb.lib(ealcdboard.o)
    0x00003ccc   0x00000036   Code   RO         2783    i._ZN10EaLcdBoard21pca9532_setBlink0DutyEh  ebb.lib(ealcdboard.o)
    0x00003d02   0x00000018   Code   RO         2784    i._ZN10EaLcdBoard21pca9532_setBlink0LedsEt  ebb.lib(ealcdboard.o)
    0x00003d1a   0x00000020   Code   RO         2785    i._ZN10EaLcdBoard22setDisplayEnableSignalEb  ebb.lib(ealcdboard.o)
    0x00003d3a   0x00000022   Code   RO         2786    i._ZN10EaLcdBoard23pca9532_setBlink0PeriodEh  ebb.lib(ealcdboard.o)
    0x00003d5c   0x0000004c   Code   RO         2787    i._ZN10EaLcdBoard4openEPN13LcdController6ConfigEPc  ebb.lib(ealcdboard.o)
    0x00003da8   0x0000006c   Code   RO         2789    i._ZN10EaLcdBoard7setLedsEv  ebb.lib(ealcdboard.o)
    0x00003e14   0x00000028   Code   RO         2790    i._ZN10EaLcdBoard8getStoreEPNS_7store_tE  ebb.lib(ealcdboard.o)
    0x00003e3c   0x0000001e   Code   RO         2791    i._ZN10EaLcdBoard9execDelayEPcj  ebb.lib(ealcdboard.o)
    0x00003e5a   0x00000002   PAD
    0x00003e5c   0x00000044   Code   RO         2792    i._ZN10EaLcdBoardC1E7PinNameS0_  ebb.lib(ealcdboard.o)
    0x00003ea0   0x0000003c   Code   RO          450    i._ZN10_CollisionC1Ev  physics.o
    0x00003edc   0x0000009c   Code   RO          447    i._ZN10_RigidBodyC1Ev  physics.o
    0x00003f78   0x00000006   Code   RO          982    i._ZN12Adafruit_GFX12setTextColorEtt  ebb.lib(adafruit_gfx.o)
    0x00003f7e   0x0000002e   Code   RO          984    i._ZN12Adafruit_GFX13drawFastVLineEssst  ebb.lib(adafruit_gfx.o)
    0x00003fac   0x00000008   Code   RO          990    i._ZN12Adafruit_GFX5widthEv  ebb.lib(adafruit_gfx.o)
    0x00003fb4   0x0000007a   Code   RO          991    i._ZN12Adafruit_GFX5writeEh  ebb.lib(adafruit_gfx.o)
    0x0000402e   0x00000008   Code   RO          992    i._ZN12Adafruit_GFX6heightEv  ebb.lib(adafruit_gfx.o)
    0x00004036   0x00000002   PAD
    0x00004038   0x00000104   Code   RO          993    i._ZN12Adafruit_GFX8drawCharEsshtth  ebb.lib(adafruit_gfx.o)
    0x0000413c   0x000000dc   Code   RO          994    i._ZN12Adafruit_GFX8drawLineEsssst  ebb.lib(adafruit_gfx.o)
    0x00004218   0x00000036   Code   RO          996    i._ZN12Adafruit_GFX8fillRectEsssst  ebb.lib(adafruit_gfx.o)
    0x0000424e   0x00000002   PAD
    0x00004250   0x00000030   Code   RO          998    i._ZN12Adafruit_GFXC2Ess  ebb.lib(adafruit_gfx.o)
    0x00004280   0x00000018   Code   RO         3786    i._ZN13LcdController14setFrameBufferEj  ebb.lib(lcdcontroller.o)
    0x00004298   0x0000003c   Code   RO         3787    i._ZN13LcdController15getClockDivisorEi  ebb.lib(lcdcontroller.o)
    0x000042d4   0x000001c0   Code   RO         3788    i._ZN13LcdController4initEPNS_6ConfigE  ebb.lib(lcdcontroller.o)
    0x00004494   0x00000048   Code   RO         3789    i._ZN13LcdController4openEPNS_6ConfigE  ebb.lib(lcdcontroller.o)
    0x000044dc   0x00000060   Code   RO         1979    i._ZN13LcdController6ConfigC1EiiiiiiiibbbbiNS_12BitsPerPixelEiNS_8LcdPanelEb  ebb.lib(display.o)
    0x0000453c   0x00000044   Code   RO         3791    i._ZN13LcdController8setPowerEb  ebb.lib(lcdcontroller.o)
    0x00004580   0x0000015c   Code   RO         3792    i._ZN13LcdController9pinConfigEv  ebb.lib(lcdcontroller.o)
    0x000046dc   0x00000006   Code   RO         3793    i._ZN13LcdControllerC1Ev  ebb.lib(lcdcontroller.o)
    0x000046e2   0x00000020   Code   RO         2646    i._ZN14EaLcdBoardGPIO11set5VSignalEb  ebb.lib(ealcdboardgpio.o)
    0x00004702   0x00000020   Code   RO         2647    i._ZN14EaLcdBoardGPIO12set3V3SignalEb  ebb.lib(ealcdboardgpio.o)
    0x00004722   0x00000002   Code   RO         2648    i._ZN14EaLcdBoardGPIO15setWriteProtectEb  ebb.lib(ealcdboardgpio.o)
    0x00004724   0x0000005c   Code   RO         2649    i._ZN14EaLcdBoardGPIO20setBacklightContrastEj  ebb.lib(ealcdboardgpio.o)
    0x00004780   0x00000038   Code   RO         2650    i._ZN14EaLcdBoardGPIO22setDisplayEnableSignalEb  ebb.lib(ealcdboardgpio.o)
    0x000047b8   0x0000009c   Code   RO         2651    i._ZN14EaLcdBoardGPIOC1E7PinNameS0_  ebb.lib(ealcdboardgpio.o)
    0x00004854   0x0000001a   Code   RO         2700    i._ZN4mbed10DigitalOutC1E7PinName  ebb.lib(ealcdboardgpio.o)
    0x0000486e   0x00000002   PAD
    0x00004870   0x0000005c   Code   RO         2694    i._ZN4mbed10DigitalOutaSEi  ebb.lib(ealcdboardgpio.o)
    0x000048cc   0x0000003a   Code   RO         3179    i._ZN4mbed10FileHandle4flenEv  mbed.lib(filelike.o)
    0x00004906   0x00000010   Code   RO          851    i._ZN4mbed10TimerEvent3irqEj  mbed.lib(timerevent.o)
    0x00004916   0x00000014   Code   RO          852    i._ZN4mbed10TimerEvent6insertEj  mbed.lib(timerevent.o)
    0x0000492a   0x0000000e   Code   RO          853    i._ZN4mbed10TimerEvent6removeEv  mbed.lib(timerevent.o)
    0x00004938   0x0000002c   Code   RO          855    i._ZN4mbed10TimerEventC2Ev  mbed.lib(timerevent.o)
    0x00004964   0x00000018   Code   RO          857    i._ZN4mbed10TimerEventD2Ev  mbed.lib(timerevent.o)
    0x0000497c   0x0000000e   Code   RO         3515    i._ZN4mbed26mbed_set_unbuffered_streamEPSt6__FILE  mbed.lib(retarget.o)
    0x0000498a   0x0000003a   Code   RO         2384    i._ZN4mbed3I2C4readEiPcib  mbed.lib(i2c.o)
    0x000049c4   0x0000003a   Code   RO         2388    i._ZN4mbed3I2C5writeEiPKcib  mbed.lib(i2c.o)
    0x000049fe   0x00000002   PAD
    0x00004a00   0x00000020   Code   RO         2389    i._ZN4mbed3I2C6aquireEv  mbed.lib(i2c.o)
    0x00004a20   0x0000001c   Code   RO         2390    i._ZN4mbed3I2C9frequencyEi  mbed.lib(i2c.o)
    0x00004a3c   0x0000002c   Code   RO         2391    i._ZN4mbed3I2CC1E7PinNameS1_  mbed.lib(i2c.o)
    0x00004a68   0x00000006   Code   RO         2471    i._ZN4mbed6Stream4flenEv  mbed.lib(stream.o)
    0x00004a6e   0x00000006   Code   RO         2477    i._ZN4mbed6Stream5closeEv  mbed.lib(stream.o)
    0x00004a74   0x00000006   Code   RO         2479    i._ZN4mbed6Stream5lseekEli  mbed.lib(stream.o)
    0x00004a7a   0x00000030   Code   RO         2481    i._ZN4mbed6Stream5writeEPKvj  mbed.lib(stream.o)
    0x00004aaa   0x00000006   Code   RO         2482    i._ZN4mbed6Stream6isattyEv  mbed.lib(stream.o)
    0x00004ab0   0x00000048   Code   RO         2484    i._ZN4mbed6StreamC2EPKc  mbed.lib(stream.o)
    0x00004af8   0x00000022   Code   RO          729    i._ZN4mbed6Ticker5setupEj  mbed.lib(ticker.o)
    0x00004b1a   0x00000016   Code   RO          730    i._ZN4mbed6Ticker6detachEv  mbed.lib(ticker.o)
    0x00004b30   0x00000038   Code   RO          731    i._ZN4mbed6Ticker7handlerEv  mbed.lib(ticker.o)
    0x00004b68   0x00000006   Code   RO         3853    i._ZN4mbed8FileBase11getPathTypeEv  mbed.lib(filebase.o)
    0x00004b6e   0x00000002   PAD
    0x00004b70   0x00000038   Code   RO         3855    i._ZN4mbed8FileBase6lookupEPKcj  mbed.lib(filebase.o)
    0x00004ba8   0x00000028   Code   RO         3857    i._ZN4mbed8FileBaseC1EPKcNS_8PathTypeE  mbed.lib(filebase.o)
    0x00004bd0   0x0000002c   Code   RO         3147    i._ZN4mbed8FileLikeC2EPKc  mbed.lib(filelike.o)
    0x00004bfc   0x00000014   Code   RO         3918    i._ZN4mbed8FilePath10fileSystemEv  mbed.lib(filepath.o)
    0x00004c10   0x0000001c   Code   RO         3919    i._ZN4mbed8FilePath12isFileSystemEv  mbed.lib(filepath.o)
    0x00004c2c   0x0000001e   Code   RO         3920    i._ZN4mbed8FilePath4fileEv  mbed.lib(filepath.o)
    0x00004c4a   0x0000000e   Code   RO         3921    i._ZN4mbed8FilePath6existsEv  mbed.lib(filepath.o)
    0x00004c58   0x0000001c   Code   RO         3922    i._ZN4mbed8FilePath6isFileEv  mbed.lib(filepath.o)
    0x00004c74   0x00000006   Code   RO         3923    i._ZN4mbed8FilePath8fileNameEv  mbed.lib(filepath.o)
    0x00004c7a   0x00000056   Code   RO         3924    i._ZN4mbed8FilePathC1EPKc  mbed.lib(filepath.o)
    0x00004cd0   0x0000001a   Code   RO           63    i._ZN4mbed9DigitalInC1E7PinName  main.o
    0x00004cea   0x00000026   Code   RO         2990    i._ZN5GFXFb10fillScreenEt  ebb.lib(gfxfb.o)
    0x00004d10   0x00000068   Code   RO         2993    i._ZN5GFXFb13drawFastVLineEssst  ebb.lib(gfxfb.o)
    0x00004d78   0x00000046   Code   RO         2996    i._ZN5GFXFb9drawPixelEsst  ebb.lib(gfxfb.o)
    0x00004dbe   0x00000002   PAD
    0x00004dc0   0x00000028   Code   RO         2997    i._ZN5GFXFbC1EttPt  ebb.lib(gfxfb.o)
    0x00004de8   0x0000002c   Code   RO         1661    i._ZN5LM75BC1E7PinNameS0_NS_7AddressEi  ebb.lib(lm75b.o)
    0x00004e14   0x0000003c   Code   RO         1922    i._ZN7Display10theDisplayEv  ebb.lib(display.o)
    0x00004e50   0x00000014   Code   RO         1924    i._ZN7Display5_putcEi  ebb.lib(display.o)
    0x00004e64   0x00000150   Code   RO         1926    i._ZN7DisplayC1Ev   ebb.lib(display.o)
    0x00004fb4   0x00000024   Code   RO         1426    i._ZN7MMA7455C1E7PinNameS0_  ebb.lib(mma7455.o)
    0x00004fd8   0x00000028   Code   RO         4497    i._Znwj             cpprt_w.l(new.o)
    0x00005000   0x00000030   Code   RO         5118    i.__ARM_fpclassify  m_wm.l(fpclassify.o)
    0x00005030   0x00000024   Code   RO         4616    i.__aeabi_vec_ctor_nocookie_nodtor  cpprt_w.l(aeabi_vec_ctor_nocookie_nodtor.o)
    0x00005054   0x00000010   Code   RO         4504    i.__cxa_guard_acquire  cpprt_w.l(cxa_guard_acquire.o)
    0x00005064   0x00000006   Code   RO         4501    i.__cxa_pure_virtual  cpprt_w.l(pure_virt.o)
    0x0000506a   0x00000006   Code   RO         3068    i.__reserved_stack_size  ebb.lib(sdram.o)
    0x00005070   0x00000044   Code   RO         3069    i.__rt_heap_extend  ebb.lib(sdram.o)
    0x000050b4   0x00000030   Code   RO          430    i.__sti___11_Physics_cpp_Bodies  physics.o
    0x000050e4   0x00000098   Code   RO            7    i.__sti___8_main_cpp_led1  main.o
    0x0000517c   0x00000030   Code   RO          561    i.__user_setup_stackheap  sys.o
    0x000051ac   0x00000026   Code   RO          623    i._gpio_init_in     mbed.lib(gpio.o)
    0x000051d2   0x00000034   Code   RO          624    i._gpio_init_out    mbed.lib(gpio.o)
    0x00005206   0x0000000e   Code   RO         4418    i._is_digit         c_w.l(__printf_wp.o)
    0x00005214   0x00000030   Code   RO         3518    i._sys_close        mbed.lib(retarget.o)
    0x00005244   0x0000002c   Code   RO         3521    i._sys_flen         mbed.lib(retarget.o)
    0x00005270   0x0000002c   Code   RO         3522    i._sys_istty        mbed.lib(retarget.o)
    0x0000529c   0x00000130   Code   RO         3523    i._sys_open         mbed.lib(retarget.o)
    0x000053cc   0x00000030   Code   RO         3525    i._sys_seek         mbed.lib(retarget.o)
    0x000053fc   0x00000064   Code   RO         3526    i._sys_write        mbed.lib(retarget.o)
    0x00005460   0x000000ac   Code   RO          914    i.analogin_init     mbed.lib(analogin_api.o)
    0x0000550c   0x00000020   Code   RO         2173    i.error             mbed.lib(error.o)
    0x0000552c   0x00000020   Code   RO         3528    i.exit              mbed.lib(retarget.o)
    0x0000554c   0x00000050   Code   RO          527    i.fpu_init          system_lpc407x_8x_177x_8x.o
    0x0000559c   0x0000001a   Code   RO         4445    i.fputc             c_w.l(fputc.o)
    0x000055b6   0x00000002   PAD
    0x000055b8   0x00000008   Code   RO         2316    i.get_us_ticker_data  mbed.lib(us_ticker_api.o)
    0x000055c0   0x00000090   Code   RO         2608    i.gpio_dir          mbed.lib(gpio_api.o)
    0x00005650   0x00000038   Code   RO         2609    i.gpio_init         mbed.lib(gpio_api.o)
    0x00005688   0x00000012   Code   RO          625    i.gpio_init_in      mbed.lib(gpio.o)
    0x0000569a   0x00000014   Code   RO          626    i.gpio_init_in_ex   mbed.lib(gpio.o)
    0x000056ae   0x00000012   Code   RO          628    i.gpio_init_out     mbed.lib(gpio.o)
    0x000056c0   0x00000016   Code   RO          629    i.gpio_init_out_ex  mbed.lib(gpio.o)
    0x000056d6   0x00000012   Code   RO         2610    i.gpio_mode         mbed.lib(gpio_api.o)
    0x000056e8   0x00000070   Code   RO         2611    i.gpio_set          mbed.lib(gpio_api.o)
    0x00005758   0x00000080   Code   RO          630    i.gpio_write        mbed.lib(gpio.o)
    0x000057d8   0x00000080   Code   RO         4287    i.gpio_write        mbed.lib(board.o)
    0x00005858   0x00000016   Code   RO         3291    i.i2c_clear_SI      mbed.lib(i2c_api.o)
    0x0000586e   0x00000018   Code   RO         3292    i.i2c_conclr        mbed.lib(i2c_api.o)
    0x00005886   0x00000018   Code   RO         3293    i.i2c_conset        mbed.lib(i2c_api.o)
    0x0000589e   0x0000003e   Code   RO         3294    i.i2c_do_read       mbed.lib(i2c_api.o)
    0x000058dc   0x00000020   Code   RO         3295    i.i2c_do_write      mbed.lib(i2c_api.o)
    0x000058fc   0x0000001c   Code   RO         3296    i.i2c_frequency     mbed.lib(i2c_api.o)
    0x00005918   0x00000144   Code   RO         3297    i.i2c_init          mbed.lib(i2c_api.o)
    0x00005a5c   0x000000b0   Code   RO         3298    i.i2c_read          mbed.lib(i2c_api.o)
    0x00005b0c   0x00000048   Code   RO         3407    i.i2c_start         mbed.lib(i2c_api.o)
    0x00005b54   0x00000008   Code   RO         3305    i.i2c_status        mbed.lib(i2c_api.o)
    0x00005b5c   0x00000040   Code   RO         3413    i.i2c_stop          mbed.lib(i2c_api.o)
    0x00005b9c   0x00000028   Code   RO         3306    i.i2c_wait_SI       mbed.lib(i2c_api.o)
    0x00005bc4   0x00000082   Code   RO         3307    i.i2c_write         mbed.lib(i2c_api.o)
    0x00005c46   0x00000002   PAD
    0x00005c48   0x000000ac   Code   RO            8    i.main              main.o
    0x00005cf4   0x0000004c   Code   RO          603    i.mbed_assert_internal  mbed.lib(assert.o)
    0x00005d40   0x00000074   Code   RO         4288    i.mbed_die          mbed.lib(board.o)
    0x00005db4   0x00000002   Code   RO         3529    i.mbed_main         mbed.lib(retarget.o)
    0x00005db6   0x00000002   Code   RO         3530    i.mbed_sdk_init     mbed.lib(retarget.o)
    0x00005db8   0x00000074   Code   RO         3212    i.pin_function      mbed.lib(pinmap.o)
    0x00005e2c   0x0000008c   Code   RO         3213    i.pin_mode          mbed.lib(pinmap.o)
    0x00005eb8   0x00000020   Code   RO         2211    i.pinmap_find_peripheral  mbed.lib(pinmap_common.o)
    0x00005ed8   0x00000040   Code   RO         2213    i.pinmap_merge      mbed.lib(pinmap_common.o)
    0x00005f18   0x0000004c   Code   RO         2214    i.pinmap_peripheral  mbed.lib(pinmap_common.o)
    0x00005f64   0x00000054   Code   RO         2215    i.pinmap_pinout     mbed.lib(pinmap_common.o)
    0x00005fb8   0x000000f4   Code   RO         3431    i.pwmout_init       mbed.lib(pwmout_api.o)
    0x000060ac   0x00000016   Code   RO         3433    i.pwmout_period_ms  mbed.lib(pwmout_api.o)
    0x000060c2   0x00000002   PAD
    0x000060c4   0x00000044   Code   RO         3434    i.pwmout_period_us  mbed.lib(pwmout_api.o)
    0x00006108   0x00000068   Code   RO         3439    i.pwmout_write      mbed.lib(pwmout_api.o)
    0x00006170   0x00000144   Code   RO         4122    i.serial_baud       mbed.lib(serial_api.o)
    0x000062b4   0x000000fc   Code   RO         4126    i.serial_format     mbed.lib(serial_api.o)
    0x000063b0   0x000001ac   Code   RO         4129    i.serial_init       mbed.lib(serial_api.o)
    0x0000655c   0x00000018   Code   RO         4133    i.serial_putc       mbed.lib(serial_api.o)
    0x00006574   0x0000000c   Code   RO         4135    i.serial_writable   mbed.lib(serial_api.o)
    0x00006580   0x00000050   Code   RO         2261    i.ticker_insert_event  mbed.lib(ticker_api.o)
    0x000065d0   0x0000005a   Code   RO         2262    i.ticker_irq_handler  mbed.lib(ticker_api.o)
    0x0000662a   0x0000000c   Code   RO         2263    i.ticker_read       mbed.lib(ticker_api.o)
    0x00006636   0x00000052   Code   RO         2264    i.ticker_remove_event  mbed.lib(ticker_api.o)
    0x00006688   0x00000012   Code   RO         2265    i.ticker_set_handler  mbed.lib(ticker_api.o)
    0x0000669a   0x00000002   PAD
    0x0000669c   0x0000000c   Code   RO         3238    i.us_ticker_clear_interrupt  mbed.lib(us_ticker.o)
    0x000066a8   0x00000014   Code   RO         3239    i.us_ticker_disable_interrupt  mbed.lib(us_ticker.o)
    0x000066bc   0x00000074   Code   RO         3240    i.us_ticker_init    mbed.lib(us_ticker.o)
    0x00006730   0x00000010   Code   RO         2317    i.us_ticker_irq_handler  mbed.lib(us_ticker_api.o)
    0x00006740   0x0000001c   Code   RO         3241    i.us_ticker_read    mbed.lib(us_ticker.o)
    0x0000675c   0x00000014   Code   RO         3242    i.us_ticker_set_interrupt  mbed.lib(us_ticker.o)
    0x00006770   0x00000028   Code   RO         2348    i.wait              mbed.lib(wait_api.o)
    0x00006798   0x00000012   Code   RO         2349    i.wait_ms           mbed.lib(wait_api.o)
    0x000067aa   0x00000018   Code   RO         2350    i.wait_us           mbed.lib(wait_api.o)
    0x000067c2   0x00000002   PAD
    0x000067c4   0x0000002c   Code   RO         5072    locale$$code        c_w.l(lc_numeric_c.o)
    0x000067f0   0x0000002c   Code   RO         5144    locale$$code        c_w.l(lc_ctype_c.o)
    0x0000681c   0x00000008   Code   RO           57    t._ZN4mbed19FunctionPointerArg1IvvE6attachEPFvvE  main.o
    0x00006824   0x0000000a   Code   RO         5019    x$fpl$fpinit        fz_wm.l(fpinit.o)
    0x0000682e   0x00000004   Code   RO         4857    x$fpl$printf1       fz_wm.l(printf1.o)
    0x00006832   0x00000004   Code   RO         4859    x$fpl$printf2       fz_wm.l(printf2.o)
    0x00006836   0x00000000   Code   RO         4867    x$fpl$usenofp       fz_wm.l(usenofp.o)
    0x00006836   0x00000002   PAD
    0x00006838   0x0000006c   Data   RO          918    .constdata          mbed.lib(analogin_api.o)
    0x000068a4   0x000004fb   Data   RO         1027    .constdata          ebb.lib(adafruit_gfx.o)
    0x00006d9f   0x00000001   PAD
    0x00006da0   0x0000001c   Data   RO         2318    .constdata          mbed.lib(us_ticker_api.o)
    0x00006dbc   0x00000128   Data   RO         3308    .constdata          mbed.lib(i2c_api.o)
    0x00006ee4   0x00000190   Data   RO         3440    .constdata          mbed.lib(pwmout_api.o)
    0x00007074   0x00000017   Data   RO         3572    .constdata          mbed.lib(retarget.o)
    0x0000708b   0x00000001   PAD
    0x0000708c   0x0000012c   Data   RO         4143    .constdata          mbed.lib(serial_api.o)
    0x000071b8   0x00000028   Data   RO         4406    .constdata          c_w.l(_printf_hex_int_ll_ptr.o)
    0x000071e0   0x00000011   Data   RO         4426    .constdata          c_w.l(__printf_flags_ss_wp.o)
    0x000071f1   0x00000003   PAD
    0x000071f4   0x00000008   Data   RO         4687    .constdata          c_w.l(_printf_wctomb.o)
    0x000071fc   0x00000026   Data   RO         4903    .constdata          c_w.l(_printf_fp_hex.o)
    0x00007222   0x00000002   PAD
    0x00007224   0x00000094   Data   RO         5045    .constdata          c_w.l(bigflt0.o)
    0x000072b8   0x0000001c   Data   RO         2968    .constdata__ZTV10EaLcdBoard  ebb.lib(ealcdboard.o)
    0x000072d4   0x0000002c   Data   RO         1167    .constdata__ZTV12Adafruit_GFX  ebb.lib(adafruit_gfx.o)
    0x00007300   0x0000001c   Data   RO         2693    .constdata__ZTV14EaLcdBoardGPIO  ebb.lib(ealcdboardgpio.o)
    0x0000731c   0x0000002c   Data   RO         3049    .constdata__ZTV5GFXFb  ebb.lib(gfxfb.o)
    0x00007348   0x00000070   Data   RO         1978    .constdata__ZTV7Display  ebb.lib(display.o)
    0x000073b8   0x0000002c   Data   RO         3738    .constdata__ZTVN4mbed10FileHandleE  mbed.lib(retarget.o)
    0x000073e4   0x00000014   Data   RO          901    .constdata__ZTVN4mbed10TimerEventE  mbed.lib(timerevent.o)
    0x000073f8   0x00000044   Data   RO         2582    .constdata__ZTVN4mbed6StreamE  mbed.lib(stream.o)
    0x0000743c   0x00000014   Data   RO          757    .constdata__ZTVN4mbed6TickerE  mbed.lib(ticker.o)
    0x00007450   0x00000010   Data   RO         3904    .constdata__ZTVN4mbed8FileBaseE  mbed.lib(filebase.o)
    0x00007460   0x0000003c   Data   RO         3178    .constdata__ZTVN4mbed8FileLikeE  mbed.lib(filelike.o)
    0x0000749c   0x00000048   Data   RO           16    .conststring        main.o
    0x000074e4   0x00000044   Data   RO          919    .conststring        mbed.lib(analogin_api.o)
    0x00007528   0x00000042   Data   RO         3441    .conststring        mbed.lib(pwmout_api.o)
    0x0000756a   0x00000002   PAD
    0x0000756c   0x000000c6   Data   RO         4144    .conststring        mbed.lib(serial_api.o)
    0x00007632   0x00000002   PAD
    0x00007634   0x00000000   Data   RO         5225    Region$$Table       anon$$obj.o
    0x00007634   0x0000001c   Data   RO         5071    locale$$data        c_w.l(lc_numeric_c.o)
    0x00007650   0x00000110   Data   RO         5143    locale$$data        c_w.l(lc_ctype_c.o)
    0x00007760   0x00000004   Data   RO           18    .init_array         main.o
    0x00007764   0x00000004   Data   RO          435    .init_array         physics.o
    0x00007768   0x00000000   Data   RO         4489    .init_array         c_w.l(init_aeabi.o)


    Execution Region RW_IRAM1 (Base: 0x100000e8, Size: 0x00001364, Max: 0x0000ff18, ABSOLUTE)

    Base Addr    Size         Type   Attr      Idx    E Section Name        Object

    0x100000e8   0x00000034   Data   RW           17    .data               main.o
    0x1000011c   0x00000010   Data   RW          528    .data               system_lpc407x_8x_177x_8x.o
    0x1000012c   0x00000008   Data   RW         1940    .data               ebb.lib(display.o)
    0x10000134   0x00000008   Data   RW         2319    .data               mbed.lib(us_ticker_api.o)
    0x1000013c   0x00000004   Data   RW         2401    .data               mbed.lib(i2c.o)
    0x10000140   0x00000010   Data   RW         3080    .data               ebb.lib(sdram.o)
    0x10000150   0x00000004   Data   RW         3243    .data               mbed.lib(us_ticker.o)
    0x10000154   0x00000004   Data   RW         3442    .data               mbed.lib(pwmout_api.o)
    0x10000158   0x00000001   Data   RW         3802    .data               ebb.lib(lcdcontroller.o)
    0x10000159   0x00000003   PAD
    0x1000015c   0x00000004   Data   RW         3867    .data               mbed.lib(filebase.o)
    0x10000160   0x00000010   Data   RW         4145    .data               mbed.lib(serial_api.o)
    0x10000170   0x00000004   Data   RW         4457    .data               c_w.l(stdio_streams.o)
    0x10000174   0x00000004   Data   RW         4458    .data               c_w.l(stdio_streams.o)
    0x10000178   0x00000004   Data   RW         4459    .data               c_w.l(stdio_streams.o)
    0x1000017c   0x000000c0   Zero   RW           15    .bss                main.o
    0x1000023c   0x00000cb0   Zero   RW          433    .bss                physics.o
    0x10000eec   0x00000400   Zero   RW         2825    .bss                ebb.lib(ealcdboard.o)
    0x100012ec   0x00000040   Zero   RW         3571    .bss                mbed.lib(retarget.o)
    0x1000132c   0x00000054   Zero   RW         4454    .bss                c_w.l(stdio_streams.o)
    0x10001380   0x00000054   Zero   RW         4455    .bss                c_w.l(stdio_streams.o)
    0x100013d4   0x00000054   Zero   RW         4456    .bss                c_w.l(stdio_streams.o)
    0x10001428   0x00000004   Zero   RW         4639    .bss                c_w.l(rt_heap_descriptor.o)
    0x1000142c   0x00000004   Zero   RW         4644    .bss                c_w.l(rt_new_handler_addr.o)
    0x10001430   0x00000014   Zero   RW         5026    .bss                c_w.l(rt_locale.o)
    0x10001444   0x00000004   Zero   RW         5031    .bss                c_w.l(rt_eh_globals_addr.o)
    0x10001448   0x00000004   Zero   RW         5036    .bss                c_w.l(rt_errno_addr.o)


    Execution Region RW_IRAM2 (Base: 0x20000000, Size: 0x00000000, Max: 0x00004000, ABSOLUTE)

    **** No section assigned to this execution region ****


    Execution Region RW_IRAM3 (Base: 0x20004000, Size: 0x00000000, Max: 0x00004000, ABSOLUTE)

    **** No section assigned to this execution region ****



  Load Region LR_IROM2 (Base: 0x28000000, Size: 0x00000000, Max: 0x01000000, ABSOLUTE)

    Execution Region ER_IROM2 (Base: 0x28000000, Size: 0x00000000, Max: 0x01000000, ABSOLUTE)

    **** No section assigned to this execution region ****

