Component: ARM Compiler 5.06 update 3 (build 300) Tool: armlink [4d35c9]

==============================================================================

Section Cross References

    main.o(i._Z12timerHandlerv) refers to main.o(i._Z9gpio_readP6gpio_t) for gpio_read(gpio_t*)
    main.o(i._Z12timerHandlerv) refers to assert.o(i.mbed_assert_internal) for mbed_assert_internal
    main.o(i._Z12timerHandlerv) refers to main.o(.data) for tickCt
    main.o(i._Z12timerHandlerv) refers to main.o(.bss) for led1
    main.o(i._Z12timerHandlerv) refers to main.o(.conststring) for .conststring
    main.o(i._Z13jsPrsdAndRlsd7btnId_t) refers to main.o(i._Z9gpio_readP6gpio_t) for gpio_read(gpio_t*)
    main.o(i._Z13jsPrsdAndRlsd7btnId_t) refers to main.o(.bss) for jsBtns
    main.o(i._Z13jsPrsdAndRlsd7btnId_t) refers to main.o(.data) for savedState
    main.o(i._Z7accInitR7MMA7455) refers to mma7455.o(i._ZN7MMA74557setModeENS_4ModeE) for MMA7455::setMode(MMA7455::Mode)
    main.o(i._Z7accInitR7MMA7455) refers to mma7455.o(i._ZN7MMA74559calibrateEv) for MMA7455::calibrate()
    main.o(i._Z9gpio_readP6gpio_t) refers to assert.o(i.mbed_assert_internal) for mbed_assert_internal
    main.o(i._Z9gpio_readP6gpio_t) refers to main.o(.conststring) for .conststring
    main.o(i.__sti___8_main_cpp_led1) refers to rt_memclr_w.o(.text) for __aeabi_memclr4
    main.o(i.__sti___8_main_cpp_led1) refers to gpio.o(i.gpio_init_out) for gpio_init_out
    main.o(i.__sti___8_main_cpp_led1) refers to main.o(i._ZN4mbed9DigitalInC1E7PinName) for mbed::DigitalIn::DigitalIn(PinName)
    main.o(i.__sti___8_main_cpp_led1) refers to analogin_api.o(i.analogin_init) for analogin_init
    main.o(i.__sti___8_main_cpp_led1) refers to mma7455.o(i._ZN7MMA7455C1E7PinNameS0_) for MMA7455::MMA7455(PinName, PinName)
    main.o(i.__sti___8_main_cpp_led1) refers to lm75b.o(i._ZN5LM75BC1E7PinNameS0_NS_7AddressEi) for LM75B::LM75B(PinName, PinName, LM75B::Address, int)
    main.o(i.__sti___8_main_cpp_led1) refers to display.o(i._ZN7Display10theDisplayEv) for Display::theDisplay()
    main.o(i.__sti___8_main_cpp_led1) refers to main.o(.bss) for led1
    main.o(i.__sti___8_main_cpp_led1) refers to main.o(.data) for pot
    main.o(i.main) refers to adafruit_gfx.o(i._ZN12Adafruit_GFX12setTextColorEtt) for Adafruit_GFX::setTextColor(unsigned short, unsigned short)
    main.o(i.main) refers to timerevent.o(i._ZN4mbed10TimerEventC2Ev) for mbed::TimerEvent::TimerEvent__sub_object()
    main.o(i.main) refers to main.o(t._ZN4mbed19FunctionPointerArg1IvvE6attachEPFvvE) for mbed::FunctionPointerArg1<void, void>::attach(void(*)())
    main.o(i.main) refers to ticker.o(i._ZN4mbed6Ticker5setupEj) for mbed::Ticker::setup(unsigned)
    main.o(i.main) refers to ticker.o(i._ZN4mbed6Ticker6detachEv) for mbed::Ticker::detach()
    main.o(i.main) refers to timerevent.o(i._ZN4mbed10TimerEventD2Ev) for mbed::TimerEvent::~TimerEvent__sub_object()
    main.o(i.main) refers to main.o(.data) for screen
    main.o(i.main) refers to ticker.o(.constdata__ZTVN4mbed6TickerE) for vtable for mbed::Ticker
    main.o(i.main) refers to main.o(i._Z12timerHandlerv) for timerHandler()
    main.o(.ARM.exidx) refers to main.o(i._Z9gpio_readP6gpio_t) for i._Z9gpio_readP6gpio_t
    main.o(.ARM.exidx) refers to main.o(i._Z12timerHandlerv) for i._Z12timerHandlerv
    main.o(.ARM.exidx) refers to main.o(i.main) for i.main
    main.o(.ARM.exidx) refers to main.o(i._Z7accInitR7MMA7455) for i._Z7accInitR7MMA7455
    main.o(.ARM.exidx) refers to main.o(i._Z13jsPrsdAndRlsd7btnId_t) for i._Z13jsPrsdAndRlsd7btnId_t
    main.o(.ARM.exidx) refers to main.o(i.__sti___8_main_cpp_led1) for i.__sti___8_main_cpp_led1
    main.o(.init_array) refers to main.o(i.__sti___8_main_cpp_led1) for __sti___8_main_cpp_led1
    main.o(.init_array) refers to init_aeabi.o(.text) for __cpp_initialize__aeabi_
    matrix3x3.o(i._Z24MakeMatrixFromQuaternion10Quaternion) refers to f2d.o(x$fpl$f2d) for __aeabi_f2d
    matrix3x3.o(i._Z24MakeMatrixFromQuaternion10Quaternion) refers to dmul.o(x$fpl$dmul) for __aeabi_dmul
    matrix3x3.o(i._Z24MakeMatrixFromQuaternion10Quaternion) refers to d2f.o(x$fpl$d2f) for __aeabi_d2f
    matrix3x3.o(i._Z24MakeMatrixFromQuaternion10Quaternion) refers to matrix3x3.o(i._ZN9Matrix3x3C1Efffffffff) for Matrix3x3::Matrix3x3(float, float, float, float, float, float, float, float, float)
    matrix3x3.o(i._Zdv9Matrix3x3f) refers to matrix3x3.o(i._ZN9Matrix3x3C1Efffffffff) for Matrix3x3::Matrix3x3(float, float, float, float, float, float, float, float, float)
    matrix3x3.o(i._ZmI9Matrix3x3S_) refers to matrix3x3.o(i._ZN9Matrix3x3C1Efffffffff) for Matrix3x3::Matrix3x3(float, float, float, float, float, float, float, float, float)
    matrix3x3.o(i._Zml9Matrix3x3S_) refers to matrix3x3.o(i._ZN9Matrix3x3C1Efffffffff) for Matrix3x3::Matrix3x3(float, float, float, float, float, float, float, float, float)
[...]
    filesystemlike.o(i._ZN4mbed13BaseDirHandleD0Ev) refers to delete.o(i._ZdlPv) for operator delete (void*)
    filesystemlike.o(.ARM.exidx) refers to filesystemlike.o(i._ZN4mbed13BaseDirHandleD0Ev) for i._ZN4mbed13BaseDirHandleD0Ev
    lib_rtti_impl.o(.constdata__ZTVN10__cxxabiv123__fundamental_type_infoE) refers to lib_rtti_impl.o(.constdata__ZTIN10__cxxabiv123__fundamental_type_infoE) for typeinfo for __cxxabiv1::__fundamental_type_info
    lib_rtti_impl.o(.constdata__ZTVN10__cxxabiv123__fundamental_type_infoE) refers to lib_rtti_impl.o(i._ZN10__cxxabiv123__fundamental_type_infoD1Ev) for __cxxabiv1::__fundamental_type_info::~__fundamental_type_info()
    lib_rtti_impl.o(.constdata__ZTVN10__cxxabiv123__fundamental_type_infoE) refers to lib_rtti_impl.o(i._ZN10__cxxabiv123__fundamental_type_infoD0Ev) for __cxxabiv1::__fundamental_type_info::~__fundamental_type_info__deallocating()
    lib_rtti_impl.o(.constdata__ZTVN10__cxxabiv117__array_type_infoE) refers to lib_rtti_impl.o(.constdata__ZTIN10__cxxabiv117__array_type_infoE) for typeinfo for __cxxabiv1::__array_type_info
    lib_rtti_impl.o(.constdata__ZTVN10__cxxabiv117__array_type_infoE) refers to lib_rtti_impl.o(i._ZN10__cxxabiv117__array_type_infoD1Ev) for __cxxabiv1::__array_type_info::~__array_type_info()
    lib_rtti_impl.o(.constdata__ZTVN10__cxxabiv117__array_type_infoE) refers to lib_rtti_impl.o(i._ZN10__cxxabiv117__array_type_infoD0Ev) for __cxxabiv1::__array_type_info::~__array_type_info__deallocating()
    lib_rtti_impl.o(.constdata__ZTVN10__cxxabiv120__function_type_infoE) refers to lib_rtti_impl.o(.constdata__ZTIN10__cxxabiv120__function_type_infoE) for typeinfo for __cxxabiv1::__function_type_info
    lib_rtti_impl.o(.constdata__ZTVN10__cxxabiv120__function_type_infoE) refers to lib_rtti_impl.o(i._ZN10__cxxabiv120__function_type_infoD1Ev) for __cxxabiv1::__function_type_info::~__function_type_info()
    lib_rtti_impl.o(.constdata__ZTVN10__cxxabiv120__function_type_infoE) refers to lib_rtti_impl.o(i._ZN10__cxxabiv120__function_type_infoD0Ev) for __cxxabiv1::__function_type_info::~__function_type_info__deallocating()
    lib_rtti_impl.o(.constdata__ZTVN10__cxxabiv116__enum_type_infoE) refers to lib_rtti_impl.o(.constdata__ZTIN10__cxxabiv116__enum_type_infoE) for typeinfo for __cxxabiv1::__enum_type_info
    lib_rtti_impl.o(.constdata__ZTVN10__cxxabiv116__enum_type_infoE) refers to lib_rtti_impl.o(i._ZN10__cxxabiv116__enum_type_infoD1Ev) for __cxxabiv1::__enum_type_info::~__enum_type_info()
    lib_rtti_impl.o(.constdata__ZTVN10__cxxabiv116__enum_type_infoE) refers to lib_rtti_impl.o(i._ZN10__cxxabiv116__enum_type_infoD0Ev) for __cxxabiv1::__enum_type_info::~__enum_type_info__deallocating()
    lib_rtti_impl.o(.constdata__ZTVN10__cxxabiv117__class_type_infoE) refers to lib_rtti_impl.o(.constdata__ZTIN10__cxxabiv117__class_type_infoE) for typeinfo for __cxxabiv1::__class_type_info
    lib_rtti_impl.o(.constdata__ZTVN10__cxxabiv117__class_type_infoE) refers to lib_rtti_impl.o(i._ZN10__cxxabiv117__class_type_infoD1Ev) for __cxxabiv1::__class_type_info::~__class_type_info()
    lib_rtti_impl.o(.constdata__ZTVN10__cxxabiv117__class_type_infoE) refers to lib_rtti_impl.o(i._ZN10__cxxabiv117__class_type_infoD0Ev) for __cxxabiv1::__class_type_info::~__class_type_info__deallocating()
    lib_rtti_impl.o(.constdata__ZTVN10__cxxabiv120__si_class_type_infoE) refers to lib_rtti_impl.o(.constdata__ZTIN10__cxxabiv120__si_class_type_infoE) for typeinfo for __cxxabiv1::__si_class_type_info
    lib_rtti_impl.o(.constdata__ZTVN10__cxxabiv120__si_class_type_infoE) refers to lib_rtti_impl.o(i._ZN10__cxxabiv120__si_class_type_infoD1Ev) for __cxxabiv1::__si_class_type_info::~__si_class_type_info()
    lib_rtti_impl.o(.constdata__ZTVN10__cxxabiv120__si_class_type_infoE) refers to lib_rtti_impl.o(i._ZN10__cxxabiv120__si_class_type_infoD0Ev) for __cxxabiv1::__si_class_type_info::~__si_class_type_info__deallocating()
    lib_rtti_impl.o(.constdata__ZTVN10__cxxabiv121__vmi_class_type_infoE) refers to lib_rtti_impl.o(.constdata__ZTIN10__cxxabiv121__vmi_class_type_infoE) for typeinfo for __cxxabiv1::__vmi_class_type_info
    lib_rtti_impl.o(.constdata__ZTVN10__cxxabiv121__vmi_class_type_infoE) refers to lib_rtti_impl.o(i._ZN10__cxxabiv121__vmi_class_type_infoD1Ev) for __cxxabiv1::__vmi_class_type_info::~__vmi_class_type_info()
    lib_rtti_impl.o(.constdata__ZTVN10__cxxabiv121__vmi_class_type_infoE) refers to lib_rtti_impl.o(i._ZN10__cxxabiv121__vmi_class_type_infoD0Ev) for __cxxabiv1::__vmi_class_type_info::~__vmi_class_type_info__deallocating()
    lib_rtti_impl.o(.constdata__ZTVN10__cxxabiv117__pbase_type_infoE) refers to lib_rtti_impl.o(.constdata__ZTIN10__cxxabiv117__pbase_type_infoE) for typeinfo for __cxxabiv1::__pbase_type_info
    lib_rtti_impl.o(.constdata__ZTVN10__cxxabiv117__pbase_type_infoE) refers to lib_rtti_impl.o(i._ZN10__cxxabiv117__pbase_type_infoD1Ev) for __cxxabiv1::__pbase_type_info::~__pbase_type_info()
    lib_rtti_impl.o(.constdata__ZTVN10__cxxabiv117__pbase_type_infoE) refers to lib_rtti_impl.o(i._ZN10__cxxabiv117__pbase_type_infoD0Ev) for __cxxabiv1::__pbase_type_info::~__pbase_type_info__deallocating()
    lib_rtti_impl.o(.constdata__ZTVN10__cxxabiv119__pointer_type_infoE) refers to lib_rtti_impl.o(.constdata__ZTIN10__cxxabiv119__pointer_type_infoE) for typeinfo for __cxxabiv1::__pointer_type_info
    lib_rtti_impl.o(.constdata__ZTVN10__cxxabiv119__pointer_type_infoE) refers to lib_rtti_impl.o(i._ZN10__cxxabiv119__pointer_type_infoD1Ev) for __cxxabiv1::__pointer_type_info::~__pointer_type_info()
    lib_rtti_impl.o(.constdata__ZTVN10__cxxabiv119__pointer_type_infoE) refers to lib_rtti_impl.o(i._ZN10__cxxabiv119__pointer_type_infoD0Ev) for __cxxabiv1::__pointer_type_info::~__pointer_type_info__deallocating()
    lib_rtti_impl.o(.constdata__ZTVN10__cxxabiv129__pointer_to_member_type_infoE) refers to lib_rtti_impl.o(.constdata__ZTIN10__cxxabiv129__pointer_to_member_type_infoE) for typeinfo for __cxxabiv1::__pointer_to_member_type_info
    lib_rtti_impl.o(.constdata__ZTVN10__cxxabiv129__pointer_to_member_type_infoE) refers to lib_rtti_impl.o(i._ZN10__cxxabiv129__pointer_to_member_type_infoD1Ev) for __cxxabiv1::__pointer_to_member_type_info::~__pointer_to_member_type_info()
    lib_rtti_impl.o(.constdata__ZTVN10__cxxabiv129__pointer_to_member_type_infoE) refers to lib_rtti_impl.o(i._ZN10__cxxabiv129__pointer_to_member_type_infoD0Ev) for __cxxabiv1::__pointer_to_member_type_info::~__pointer_to_member_type_info__deallocating()
    lib_rtti_impl.o(.ARM.exidx) refers to lib_rtti_impl.o(i._ZNSt9type_infodlEPv) for i._ZNSt9type_infodlEPv
    lib_rtti_impl.o(.constdata__ZTIN10__cxxabiv123__fundamental_type_infoE) refers to lib_rtti_impl.o(.constdata__ZTVN10__cxxabiv120__si_class_type_infoE) for vtable for __cxxabiv1::__si_class_type_info
    lib_rtti_impl.o(.constdata__ZTIN10__cxxabiv123__fundamental_type_infoE) refers to lib_rtti_impl.o(.constdata__ZTSN10__cxxabiv123__fundamental_type_infoE) for typeinfo name for __cxxabiv1::__fundamental_type_info
    lib_rtti_impl.o(.constdata__ZTIN10__cxxabiv123__fundamental_type_infoE) refers to type_info_dtor.o(.constdata__ZTISt9type_info) for typeinfo for std::type_info
    lib_rtti_impl.o(.constdata__ZTIN10__cxxabiv117__array_type_infoE) refers to lib_rtti_impl.o(.constdata__ZTVN10__cxxabiv120__si_class_type_infoE) for vtable for __cxxabiv1::__si_class_type_info
    lib_rtti_impl.o(.constdata__ZTIN10__cxxabiv117__array_type_infoE) refers to lib_rtti_impl.o(.constdata__ZTSN10__cxxabiv117__array_type_infoE) for typeinfo name for __cxxabiv1::__array_type_info
    lib_rtti_impl.o(.constdata__ZTIN10__cxxabiv117__array_type_infoE) refers to type_info_dtor.o(.constdata__ZTISt9type_info) for typeinfo for std::type_info
    lib_rtti_impl.o(.constdata__ZTIN10__cxxabiv120__function_type_infoE) refers to lib_rtti_impl.o(.constdata__ZTVN10__cxxabiv120__si_class_type_infoE) for vtable for __cxxabiv1::__si_class_type_info
    lib_rtti_impl.o(.constdata__ZTIN10__cxxabiv120__function_type_infoE) refers to lib_rtti_impl.o(.constdata__ZTSN10__cxxabiv120__function_type_infoE) for typeinfo name for __cxxabiv1::__function_type_info
    lib_rtti_impl.o(.constdata__ZTIN10__cxxabiv120__function_type_infoE) refers to type_info_dtor.o(.constdata__ZTISt9type_info) for typeinfo for std::type_info
    lib_rtti_impl.o(.constdata__ZTIN10__cxxabiv116__enum_type_infoE) refers to lib_rtti_impl.o(.constdata__ZTVN10__cxxabiv120__si_class_type_infoE) for vtable for __cxxabiv1::__si_class_type_info
    lib_rtti_impl.o(.constdata__ZTIN10__cxxabiv116__enum_type_infoE) refers to lib_rtti_impl.o(.constdata__ZTSN10__cxxabiv116__enum_type_infoE) for typeinfo name for __cxxabiv1::__enum_type_info
    lib_rtti_impl.o(.constdata__ZTIN10__cxxabiv116__enum_type_infoE) refers to type_info_dtor.o(.constdata__ZTISt9type_info) for typeinfo for std::type_info
    lib_rtti_impl.o(.constdata__ZTIN10__cxxabiv117__class_type_infoE) refers to lib_rtti_impl.o(.constdata__ZTVN10__cxxabiv120__si_class_type_infoE) for vtable for __cxxabiv1::__si_class_type_info
    lib_rtti_impl.o(.constdata__ZTIN10__cxxabiv117__class_type_infoE) refers to lib_rtti_impl.o(.constdata__ZTSN10__cxxabiv117__class_type_infoE) for typeinfo name for __cxxabiv1::__class_type_info
    lib_rtti_impl.o(.constdata__ZTIN10__cxxabiv117__class_type_infoE) refers to type_info_dtor.o(.constdata__ZTISt9type_info) for typeinfo for std::type_info
    lib_rtti_impl.o(.constdata__ZTIN10__cxxabiv120__si_class_type_infoE) refers to lib_rtti_impl.o(.constdata__ZTVN10__cxxabiv120__si_class_type_infoE) for vtable for __cxxabiv1::__si_class_type_info
    lib_rtti_impl.o(.constdata__ZTIN10__cxxabiv120__si_class_type_infoE) refers to lib_rtti_impl.o(.constdata__ZTSN10__cxxabiv120__si_class_type_infoE) for typeinfo name for __cxxabiv1::__si_class_type_info
    lib_rtti_impl.o(.constdata__ZTIN10__cxxabiv120__si_class_type_infoE) refers to lib_rtti_impl.o(.constdata__ZTIN10__cxxabiv117__class_type_infoE) for typeinfo for __cxxabiv1::__class_type_info
    lib_rtti_impl.o(.constdata__ZTIN10__cxxabiv121__vmi_class_type_infoE) refers to lib_rtti_impl.o(.constdata__ZTVN10__cxxabiv120__si_class_type_infoE) for vtable for __cxxabiv1::__si_class_type_info
    lib_rtti_impl.o(.constdata__ZTIN10__cxxabiv121__vmi_class_type_infoE) refers to lib_rtti_impl.o(.constdata__ZTSN10__cxxabiv121__vmi_class_type_infoE) for typeinfo name for __cxxabiv1::__vmi_class_type_info
    lib_rtti_impl.o(.constdata__ZTIN10__cxxabiv121__vmi_class_type_infoE) refers to lib_rtti_impl.o(.constdata__ZTIN10__cxxabiv117__class_type_infoE) for typeinfo for __cxxabiv1::__class_type_info
    lib_rtti_impl.o(.constdata__ZTIN10__cxxabiv117__pbase_type_infoE) refers to lib_rtti_impl.o(.constdata__ZTVN10__cxxabiv120__si_class_type_infoE) for vtable for __cxxabiv1::__si_class_type_info
    lib_rtti_impl.o(.constdata__ZTIN10__cxxabiv117__pbase_type_infoE) refers to lib_rtti_impl.o(.constdata__ZTSN10__cxxabiv117__pbase_type_infoE) for typeinfo name for __cxxabiv1::__pbase_type_info
    lib_rtti_impl.o(.constdata__ZTIN10__cxxabiv117__pbase_type_infoE) refers to type_info_dtor.o(.constdata__ZTISt9type_info) for typeinfo for std::type_info
    lib_rtti_impl.o(.constdata__ZTIN10__cxxabiv119__pointer_type_infoE) refers to lib_rtti_impl.o(.constdata__ZTVN10__cxxabiv120__si_class_type_infoE) for vtable for __cxxabiv1::__si_class_type_info
    lib_rtti_impl.o(.constdata__ZTIN10__cxxabiv119__pointer_type_infoE) refers to lib_rtti_impl.o(.constdata__ZTSN10__cxxabiv119__pointer_type_infoE) for typeinfo name for __cxxabiv1::__pointer_type_info
    lib_rtti_impl.o(.constdata__ZTIN10__cxxabiv119__pointer_type_infoE) refers to lib_rtti_impl.o(.constdata__ZTIN10__cxxabiv117__pbase_type_infoE) for typeinfo for __cxxabiv1::__pbase_type_info
    lib_rtti_impl.o(.constdata__ZTIN10__cxxabiv129__pointer_to_member_type_infoE) refers to lib_rtti_impl.o(.constdata__ZTVN10__cxxabiv120__si_class_type_infoE) for vtable for __cxxabiv1::__si_class_type_info
    lib_rtti_impl.o(.constdata__ZTIN10__cxxabiv129__pointer_to_member_type_infoE) refers to lib_rtti_impl.o(.constdata__ZTSN10__cxxabiv129__pointer_to_member_type_infoE) for typeinfo name for __cxxabiv1::__pointer_to_member_type_info
    lib_rtti_impl.o(.constdata__ZTIN10__cxxabiv129__pointer_to_member_type_infoE) refers to lib_rtti_impl.o(.constdata__ZTIN10__cxxabiv117__pbase_type_infoE) for typeinfo for __cxxabiv1::__pbase_type_info
    lib_rtti_impl.o(i.__ARM_common_noexcept_landing) refers to arm_exceptions_callterm.o(.text) for __cxa_call_terminate
    lib_rtti_impl.o(.ARM.exidx) refers to lib_rtti_impl.o(i.__ARM_common_noexcept_landing) for i.__ARM_common_noexcept_landing
    bad_alloc_dtor.o(.constdata__ZTVSt9bad_alloc) refers to bad_alloc_dtor.o(.constdata__ZTISt9bad_alloc) for typeinfo for std::bad_alloc
    bad_alloc_dtor.o(.constdata__ZTVSt9bad_alloc) refers to bad_alloc_dtor.o(i._ZNSt9bad_allocD1Ev) for std::bad_alloc::~bad_alloc()
    bad_alloc_dtor.o(.constdata__ZTVSt9bad_alloc) refers to bad_alloc_dtor.o(i._ZNSt9bad_allocD0Ev) for std::bad_alloc::~bad_alloc__deallocating()
    bad_alloc_dtor.o(.constdata__ZTVSt9bad_alloc) refers to bad_alloc_what.o(i._ZNKSt9bad_alloc4whatEv) for std::bad_alloc::what() const
    bad_alloc_dtor.o(.constdata__ZTISt9bad_alloc) refers to lib_rtti_impl.o(.constdata__ZTVN10__cxxabiv120__si_class_type_infoE) for vtable for __cxxabiv1::__si_class_type_info
    bad_alloc_dtor.o(.constdata__ZTISt9bad_alloc) refers to bad_alloc_dtor.o(.constdata__ZTSSt9bad_alloc) for typeinfo name for std::bad_alloc
    bad_alloc_dtor.o(.constdata__ZTISt9bad_alloc) refers to exception_dtor.o(.constdata__ZTISt9exception) for typeinfo for std::exception
    type_info_dtor.o(.constdata__ZTVSt9type_info) refers to type_info_dtor.o(.constdata__ZTISt9type_info) for typeinfo for std::type_info
    type_info_dtor.o(.constdata__ZTVSt9type_info) refers to type_info_dtor.o(i._ZNSt9type_infoD1Ev) for std::type_info::~type_info()
    type_info_dtor.o(.constdata__ZTVSt9type_info) refers to type_info_dtor.o(i._ZNSt9type_infoD0Ev) for std::type_info::~type_info__deallocating()
    type_info_dtor.o(.constdata__ZTISt9type_info) refers to lib_rtti_impl.o(.constdata__ZTVN10__cxxabiv117__class_type_infoE) for vtable for __cxxabiv1::__class_type_info
    type_info_dtor.o(.constdata__ZTISt9type_info) refers to type_info_dtor.o(.constdata__ZTSSt9type_info) for typeinfo name for std::type_info
    exception_dtor.o(.constdata__ZTVSt9exception) refers to exception_dtor.o(.constdata__ZTISt9exception) for typeinfo for std::exception
    exception_dtor.o(.constdata__ZTVSt9exception) refers to exception_dtor.o(i._ZNSt9exceptionD1Ev) for std::exception::~exception()
    exception_dtor.o(.constdata__ZTVSt9exception) refers to exception_dtor.o(i._ZNSt9exceptionD0Ev) for std::exception::~exception__deallocating()
    exception_dtor.o(.constdata__ZTVSt9exception) refers to exception_what.o(i._ZNKSt9exception4whatEv) for std::exception::what() const
    exception_dtor.o(.constdata__ZTISt9exception) refers to lib_rtti_impl.o(.constdata__ZTVN10__cxxabiv117__class_type_infoE) for vtable for __cxxabiv1::__class_type_info
    exception_dtor.o(.constdata__ZTISt9exception) refers to exception_dtor.o(.constdata__ZTSSt9exception) for typeinfo name for std::exception


==============================================================================

Removing Unused input sections from the image.

    Removing main.o(.rev16_text), (4 bytes).
    Removing main.o(.revsh_text), (4 bytes).
    Removing main.o(i._Z13jsPrsdAndRlsd7btnId_t), (60 bytes).
    Removing main.o(i._Z7accInitR7MMA7455), (32 bytes).
    Removing main.o(.ARM.exidx), (8 bytes).
    Removing main.o(.ARM.exidx), (8 bytes).
    Removing main.o(.ARM.exidx), (8 bytes).
    Removing main.o(.ARM.exidx), (8 bytes).
    Removing main.o(.ARM.exidx), (8 bytes).
    Removing main.o(.ARM.exidx), (8 bytes).
    Removing matrix3x3.o(i._Z24MakeMatrixFromQuaternion10Quaternion), (520 bytes).
    Removing matrix3x3.o(i._Zdv9Matrix3x3f), (178 bytes).
    Removing matrix3x3.o(i._ZmI9Matrix3x3S_), (162 bytes).
    Removing matrix3x3.o(i._Zml6Vector9Matrix3x3), (152 bytes).
    Removing matrix3x3.o(i._Zml9Matrix3x36Vector), (152 bytes).
    Removing matrix3x3.o(i._Zml9Matrix3x3S_), (378 bytes).
    Removing matrix3x3.o(i._Zml9Matrix3x3f), (142 bytes).
    Removing matrix3x3.o(i._Zmlf9Matrix3x3), (142 bytes).
    Removing matrix3x3.o(i._ZpL9Matrix3x3S_), (162 bytes).
    Removing matrix3x3.o(.ARM.exidx), (8 bytes).
    Removing matrix3x3.o(.ARM.exidx), (8 bytes).
    Removing matrix3x3.o(.ARM.exidx), (8 bytes).
    Removing matrix3x3.o(.ARM.exidx), (8 bytes).
    Removing matrix3x3.o(.ARM.exidx), (8 bytes).
    Removing matrix3x3.o(.ARM.exidx), (8 bytes).
    Removing matrix3x3.o(.ARM.exidx), (8 bytes).
    Removing matrix3x3.o(.ARM.exidx), (8 bytes).
    Removing matrix3x3.o(.ARM.exidx), (8 bytes).
    Removing quaternion.o(i._Z16DegreesToRadiansf), (84 bytes).
    Removing quaternion.o(i._Z16RadiansToDegreesf), (76 bytes).
    Removing quaternion.o(i._Z7QRotate10QuaternionS_), (216 bytes).
    Removing quaternion.o(i._Z8QGetAxis10Quaternion), (172 bytes).
    Removing quaternion.o(i._Z9QGetAngle10Quaternion), (36 bytes).
    Removing quaternion.o(i._ZN10Quaternion20MakeEulerAnglesFromQES_), (804 bytes).
    Removing quaternion.o(i._ZN10Quaternion20MakeQFromEulerAnglesEfff), (716 bytes).
    Removing quaternion.o(i._ZN10Quaternion8QVRotateES_6Vector), (150 bytes).
    Removing quaternion.o(i._Zdv10Quaternionf), (112 bytes).
    Removing quaternion.o(i._ZmI10QuaternionS_), (98 bytes).
    Removing quaternion.o(i._Zml10Quaternion6Vector), (194 bytes).
    Removing quaternion.o(i._Zml10QuaternionS_), (242 bytes).
    Removing quaternion.o(i._Zml10Quaternionf), (96 bytes).
    Removing quaternion.o(i._Zml6Vector10Quaternion), (194 bytes).
    Removing quaternion.o(i._Zmlf10Quaternion), (96 bytes).
    Removing quaternion.o(i._Zpl10QuaternionS_), (98 bytes).
    Removing quaternion.o(.ARM.exidx), (8 bytes).
    Removing quaternion.o(.ARM.exidx), (8 bytes).
    Removing quaternion.o(.ARM.exidx), (8 bytes).
    Removing quaternion.o(.ARM.exidx), (8 bytes).
    Removing quaternion.o(.ARM.exidx), (8 bytes).
    Removing quaternion.o(.ARM.exidx), (8 bytes).
    Removing quaternion.o(.ARM.exidx), (8 bytes).
    Removing quaternion.o(.ARM.exidx), (8 bytes).
    Removing quaternion.o(.ARM.exidx), (8 bytes).
    Removing quaternion.o(.ARM.exidx), (8 bytes).
    Removing quaternion.o(.ARM.exidx), (8 bytes).
    Removing quaternion.o(.ARM.exidx), (8 bytes).
    Removing quaternion.o(.ARM.exidx), (8 bytes).
    Removing quaternion.o(.ARM.exidx), (8 bytes).
    Removing quaternion.o(.ARM.exidx), (8 bytes).
    Removing quaternion.o(.ARM.exidx), (8 bytes).
    Removing physics.o(i._Z14StepSimulationf), (1524 bytes).
    Removing physics.o(i._Z16CalcObjectForcesv), (3240 bytes).
    Removing physics.o(i._Z16ResolveCollsionsv), (5684 bytes).
    Removing physics.o(i._Z17InitialiseObjectsi), (1500 bytes).
    Removing physics.o(i._Z18CheckForCollisionsv), (1132 bytes).
    Removing physics.o(i._Z18FlushCollisionDatav), (116 bytes).
    Removing physics.o(i._Z24CheckGroundPlaneContactsP10_Collisioni), (992 bytes).
    Removing physics.o(i._Z24CollisionRecordedAlreadyii), (72 bytes).
    Removing physics.o(i._Z26CheckGroundPlaneCollisionsP10_Collisioni), (612 bytes).
    Removing physics.o(.ARM.exidx), (8 bytes).
    Removing physics.o(.ARM.exidx), (8 bytes).
    Removing physics.o(.ARM.exidx), (8 bytes).
    Removing physics.o(.ARM.exidx), (8 bytes).
    Removing physics.o(.ARM.exidx), (8 bytes).
    Removing physics.o(.ARM.exidx), (8 bytes).
    Removing physics.o(.ARM.exidx), (8 bytes).
    Removing physics.o(.ARM.exidx), (8 bytes).
    Removing physics.o(.ARM.exidx), (8 bytes).
    Removing physics.o(.ARM.exidx), (8 bytes).
    Removing physics.o(.data), (4 bytes).
    Removing cmsis_nvic.o(.rev16_text), (4 bytes).
    Removing cmsis_nvic.o(.revsh_text), (4 bytes).
    Removing cmsis_nvic.o(i.NVIC_GetVector), (20 bytes).
    Removing system_lpc407x_8x_177x_8x.o(.rev16_text), (4 bytes).
    Removing system_lpc407x_8x_177x_8x.o(.revsh_text), (4 bytes).
    Removing sys.o(.ARM.exidx), (8 bytes).
    Removing sys_helper.o(i.__reserved_stack_size), (4 bytes).
    Removing sys_helper.o(.ARM.exidx), (8 bytes).
    Removing gpio.o(.rev16_text), (4 bytes).
    Removing gpio.o(.revsh_text), (4 bytes).
    Removing gpio.o(i.gpio_init_inout), (56 bytes).
    Removing ticker.o(.rev16_text), (4 bytes).
    Removing ticker.o(.revsh_text), (4 bytes).
    Removing ticker.o(.ARM.exidx), (8 bytes).
    Removing ticker.o(.ARM.exidx), (8 bytes).
    Removing ticker.o(.ARM.exidx), (8 bytes).
    Removing timerevent.o(.rev16_text), (4 bytes).
    Removing timerevent.o(.revsh_text), (4 bytes).
    Removing timerevent.o(i._ZN4mbed10TimerEventC2EPK13ticker_data_t), (40 bytes).
    Removing timerevent.o(i._ZN4mbed10TimerEventD0Ev), (18 bytes).
    Removing timerevent.o(.ARM.exidx), (8 bytes).
    Removing timerevent.o(.ARM.exidx), (8 bytes).
    Removing timerevent.o(.ARM.exidx), (8 bytes).
    Removing timerevent.o(.ARM.exidx), (8 bytes).
    Removing timerevent.o(.ARM.exidx), (8 bytes).
    Removing timerevent.o(.ARM.exidx), (8 bytes).
    Removing timerevent.o(.ARM.exidx), (8 bytes).
    Removing analogin_api.o(.rev16_text), (4 bytes).
    Removing analogin_api.o(.revsh_text), (4 bytes).
    Removing analogin_api.o(i.adc_read), (80 bytes).
    Removing analogin_api.o(i.adc_read_u32), (58 bytes).
    Removing analogin_api.o(i.analogin_read), (40 bytes).
    Removing analogin_api.o(i.analogin_read_u16), (24 bytes).
    Removing analogin_api.o(i.order), (20 bytes).
    Removing adafruit_gfx.o(.rev16_text), (4 bytes).
    Removing adafruit_gfx.o(.revsh_text), (4 bytes).
    Removing adafruit_gfx.o(i._ZN12Adafruit_GFX10drawBitmapEssPKhsst), (110 bytes).
    Removing adafruit_gfx.o(i._ZN12Adafruit_GFX10drawCircleEssst), (356 bytes).
    Removing adafruit_gfx.o(i._ZN12Adafruit_GFX10fillCircleEssst), (64 bytes).
    Removing adafruit_gfx.o(i._ZN12Adafruit_GFX10fillScreenEt), (32 bytes).
    Removing adafruit_gfx.o(i._ZN12Adafruit_GFX11getRotationEv), (6 bytes).
    Removing adafruit_gfx.o(i._ZN12Adafruit_GFX11setRotationEh), (52 bytes).
    Removing adafruit_gfx.o(i._ZN12Adafruit_GFX11setTextSizeEh), (14 bytes).
    Removing adafruit_gfx.o(i._ZN12Adafruit_GFX11setTextWrapEb), (4 bytes).
    Removing adafruit_gfx.o(i._ZN12Adafruit_GFX12drawTriangleEsssssst), (86 bytes).
    Removing adafruit_gfx.o(i._ZN12Adafruit_GFX12fillTriangleEsssssst), (440 bytes).
    Removing adafruit_gfx.o(i._ZN12Adafruit_GFX12setTextColorEt), (6 bytes).
    Removing adafruit_gfx.o(i._ZN12Adafruit_GFX13drawFastHLineEssst), (44 bytes).
    Removing adafruit_gfx.o(i._ZN12Adafruit_GFX13drawRoundRectEssssst), (258 bytes).
    Removing adafruit_gfx.o(i._ZN12Adafruit_GFX13fillRoundRectEssssst), (126 bytes).
    Removing adafruit_gfx.o(i._ZN12Adafruit_GFX13invertDisplayEb), (2 bytes).
    Removing adafruit_gfx.o(i._ZN12Adafruit_GFX16drawCircleHelperEsssht), (298 bytes).
    Removing adafruit_gfx.o(i._ZN12Adafruit_GFX16fillCircleHelperEssshst), (246 bytes).
    Removing adafruit_gfx.o(i._ZN12Adafruit_GFX8drawRectEsssst), (104 bytes).
    Removing adafruit_gfx.o(i._ZN12Adafruit_GFX9setCursorEss), (6 bytes).
    Removing adafruit_gfx.o(.ARM.exidx), (8 bytes).
    Removing adafruit_gfx.o(.ARM.exidx), (8 bytes).
    Removing adafruit_gfx.o(.ARM.exidx), (8 bytes).
    Removing adafruit_gfx.o(.ARM.exidx), (8 bytes).
    Removing adafruit_gfx.o(.ARM.exidx), (8 bytes).
    Removing adafruit_gfx.o(.ARM.exidx), (8 bytes).
    Removing adafruit_gfx.o(.ARM.exidx), (8 bytes).
    Removing adafruit_gfx.o(.ARM.exidx), (8 bytes).
    Removing adafruit_gfx.o(.ARM.exidx), (8 bytes).
    Removing adafruit_gfx.o(.ARM.exidx), (8 bytes).
    Removing adafruit_gfx.o(.ARM.exidx), (8 bytes).
    Removing adafruit_gfx.o(.ARM.exidx), (8 bytes).
    Removing adafruit_gfx.o(.ARM.exidx), (8 bytes).
    Removing adafruit_gfx.o(.ARM.exidx), (8 bytes).
    Removing adafruit_gfx.o(.ARM.exidx), (8 bytes).
    Removing adafruit_gfx.o(.ARM.exidx), (8 bytes).
    Removing adafruit_gfx.o(.ARM.exidx), (8 bytes).
    Removing adafruit_gfx.o(.ARM.exidx), (8 bytes).
    Removing adafruit_gfx.o(.ARM.exidx), (8 bytes).
    Removing adafruit_gfx.o(.ARM.exidx), (8 bytes).
    Removing adafruit_gfx.o(.ARM.exidx), (8 bytes).
    Removing adafruit_gfx.o(.ARM.exidx), (8 bytes).
    Removing adafruit_gfx.o(.ARM.exidx), (8 bytes).
    Removing adafruit_gfx.o(.ARM.exidx), (8 bytes).
    Removing adafruit_gfx.o(.ARM.exidx), (8 bytes).
    Removing adafruit_gfx.o(.ARM.exidx), (8 bytes).
    Removing adafruit_gfx.o(.ARM.exidx), (8 bytes).
    Removing adafruit_gfx.o(.ARM.exidx), (8 bytes).
    Removing mma7455.o(.rev16_text), (4 bytes).
    Removing mma7455.o(.revsh_text), (4 bytes).
    Removing mma7455.o(i._ZN7MMA745514getModeControlEv), (66 bytes).
    Removing mma7455.o(i._ZN7MMA745514setModeControlEh), (52 bytes).
    Removing mma7455.o(i._ZN7MMA745521getCalibrationOffsetsERiS0_S0_), (20 bytes).
    Removing mma7455.o(i._ZN7MMA745521setCalibrationOffsetsEiii), (14 bytes).
    Removing mma7455.o(i._ZN7MMA74554readERiS0_S0_), (242 bytes).
    Removing mma7455.o(i._ZN7MMA74557setModeENS_4ModeE), (62 bytes).
    Removing mma7455.o(i._ZN7MMA74558setRangeENS_5RangeE), (64 bytes).
    Removing mma7455.o(i._ZN7MMA74559calibrateEv), (170 bytes).
    Removing mma7455.o(i._ZN7MMA74559getStatusEv), (66 bytes).
    Removing mma7455.o(.ARM.exidx), (8 bytes).
    Removing mma7455.o(.ARM.exidx), (8 bytes).
    Removing mma7455.o(.ARM.exidx), (8 bytes).
    Removing mma7455.o(.ARM.exidx), (8 bytes).
    Removing mma7455.o(.ARM.exidx), (8 bytes).
    Removing mma7455.o(.ARM.exidx), (8 bytes).
    Removing mma7455.o(.ARM.exidx), (8 bytes).
    Removing mma7455.o(.ARM.exidx), (8 bytes).
    Removing mma7455.o(.ARM.exidx), (8 bytes).
    Removing mma7455.o(.ARM.exidx), (8 bytes).
    Removing lm75b.o(.rev16_text), (4 bytes).
    Removing lm75b.o(.revsh_text), (4 bytes).
    Removing lm75b.o(i._ZN5LM75B10osPolarityENS_10OSPolarityE), (42 bytes).
    Removing lm75b.o(i._ZN5LM75B10osPolarityEv), (28 bytes).
    Removing lm75b.o(i._ZN5LM75B12osFaultQueueENS_12OSFaultQueueE), (60 bytes).
    Removing lm75b.o(i._ZN5LM75B12osFaultQueueEv), (66 bytes).
    Removing lm75b.o(i._ZN5LM75B19readAlertTempHelperEc), (80 bytes).
    Removing lm75b.o(i._ZN5LM75B20writeAlertTempHelperEcf), (148 bytes).
    Removing lm75b.o(i._ZN5LM75B4openEv), (30 bytes).
    Removing lm75b.o(i._ZN5LM75B4tempEv), (80 bytes).
    Removing lm75b.o(i._ZN5LM75B5read8Ec), (46 bytes).
    Removing lm75b.o(i._ZN5LM75B6osModeENS_6OSModeE), (42 bytes).
    Removing lm75b.o(i._ZN5LM75B6osModeEv), (28 bytes).
    Removing lm75b.o(i._ZN5LM75B6read16Ec), (54 bytes).
    Removing lm75b.o(i._ZN5LM75B6write8Ecc), (34 bytes).
    Removing lm75b.o(i._ZN5LM75B7write16Ect), (42 bytes).
    Removing lm75b.o(i._ZN5LM75B9alertHystEf), (30 bytes).
    Removing lm75b.o(i._ZN5LM75B9alertHystEv), (14 bytes).
    Removing lm75b.o(i._ZN5LM75B9alertTempEf), (30 bytes).
    Removing lm75b.o(i._ZN5LM75B9alertTempEv), (14 bytes).
    Removing lm75b.o(i._ZN5LM75B9powerModeENS_9PowerModeE), (42 bytes).
    Removing lm75b.o(i._ZN5LM75B9powerModeEv), (28 bytes).
    Removing lm75b.o(i._ZN5LM75BcvfEv), (12 bytes).
    Removing lm75b.o(.ARM.exidx), (8 bytes).
    Removing lm75b.o(.ARM.exidx), (8 bytes).
    Removing lm75b.o(.ARM.exidx), (8 bytes).
    Removing lm75b.o(.ARM.exidx), (8 bytes).
    Removing lm75b.o(.ARM.exidx), (8 bytes).
    Removing lm75b.o(.ARM.exidx), (8 bytes).
    Removing lm75b.o(.ARM.exidx), (8 bytes).
    Removing lm75b.o(.ARM.exidx), (8 bytes).
    Removing lm75b.o(.ARM.exidx), (8 bytes).
    Removing lm75b.o(.ARM.exidx), (8 bytes).
    Removing lm75b.o(.ARM.exidx), (8 bytes).
    Removing lm75b.o(.ARM.exidx), (8 bytes).
    Removing lm75b.o(.ARM.exidx), (8 bytes).
    Removing lm75b.o(.ARM.exidx), (8 bytes).
    Removing lm75b.o(.ARM.exidx), (8 bytes).
    Removing lm75b.o(.ARM.exidx), (8 bytes).
    Removing lm75b.o(.ARM.exidx), (8 bytes).
    Removing lm75b.o(.ARM.exidx), (8 bytes).
    Removing lm75b.o(.ARM.exidx), (8 bytes).
    Removing lm75b.o(.ARM.exidx), (8 bytes).
    Removing lm75b.o(.ARM.exidx), (8 bytes).
    Removing lm75b.o(.ARM.exidx), (8 bytes).
    Removing display.o(.rev16_text), (4 bytes).
    Removing display.o(.revsh_text), (4 bytes).
    Removing display.o(i._ZN7Display5_getcEv), (8 bytes).
    Removing display.o(i._ZN7Display6initOkEv), (16 bytes).
    Removing display.o(i._ZN7DisplayD0Ev), (18 bytes).
    Removing display.o(i._ZN7DisplayD1Ev), (52 bytes).
    Removing display.o(i._ZThn4_N7DisplayD0Ev), (14 bytes).
    Removing display.o(i._ZThn4_N7DisplayD1Ev), (14 bytes).
    Removing display.o(.ARM.exidx), (8 bytes).
    Removing display.o(.ARM.exidx), (8 bytes).
    Removing display.o(.ARM.exidx), (8 bytes).
    Removing display.o(.ARM.exidx), (8 bytes).
    Removing display.o(.ARM.exidx), (8 bytes).
    Removing display.o(.ARM.exidx), (8 bytes).
    Removing display.o(.ARM.exidx), (8 bytes).
    Removing display.o(.ARM.exidx), (8 bytes).
    Removing display.o(.ARM.exidx), (8 bytes).
    Removing error.o(.rev16_text), (4 bytes).
    Removing error.o(.revsh_text), (4 bytes).
    Removing pinmap_common.o(.rev16_text), (4 bytes).
    Removing pinmap_common.o(.revsh_text), (4 bytes).
    Removing pinmap_common.o(i.pinmap_find_function), (32 bytes).
    Removing pinmap_common.o(i.pinmap_function), (76 bytes).
    Removing ticker_api.o(.rev16_text), (4 bytes).
    Removing ticker_api.o(.revsh_text), (4 bytes).
    Removing ticker_api.o(i.ticker_get_next_timestamp), (26 bytes).
    Removing us_ticker_api.o(.rev16_text), (4 bytes).
    Removing us_ticker_api.o(.revsh_text), (4 bytes).
    Removing wait_api.o(.rev16_text), (4 bytes).
    Removing wait_api.o(.revsh_text), (4 bytes).
    Removing i2c.o(.rev16_text), (4 bytes).
    Removing i2c.o(.revsh_text), (4 bytes).
    Removing i2c.o(i._ZN4mbed3I2C4readEi), (28 bytes).
    Removing i2c.o(i._ZN4mbed3I2C4stopEv), (12 bytes).
    Removing i2c.o(i._ZN4mbed3I2C5startEv), (12 bytes).
    Removing i2c.o(i._ZN4mbed3I2C5writeEi), (16 bytes).
    Removing i2c.o(.ARM.exidx), (8 bytes).
    Removing i2c.o(.ARM.exidx), (8 bytes).
    Removing i2c.o(.ARM.exidx), (8 bytes).
    Removing i2c.o(.ARM.exidx), (8 bytes).
    Removing i2c.o(.ARM.exidx), (8 bytes).
    Removing i2c.o(.ARM.exidx), (8 bytes).
    Removing i2c.o(.ARM.exidx), (8 bytes).
    Removing i2c.o(.ARM.exidx), (8 bytes).
    Removing i2c.o(.ARM.exidx), (8 bytes).
    Removing stream.o(.rev16_text), (4 bytes).
    Removing stream.o(.revsh_text), (4 bytes).
    Removing stream.o(i._ZN4mbed6Stream4getcEv), (18 bytes).
    Removing stream.o(i._ZN4mbed6Stream4getsEPci), (26 bytes).
    Removing stream.o(i._ZN4mbed6Stream4putcEi), (22 bytes).
    Removing stream.o(i._ZN4mbed6Stream4putsEPKc), (22 bytes).
    Removing stream.o(i._ZN4mbed6Stream4readEPvj), (54 bytes).
    Removing stream.o(i._ZN4mbed6Stream5fsyncEv), (6 bytes).
    Removing stream.o(i._ZN4mbed6Stream5scanfEPKcz), (40 bytes).
    Removing stream.o(i._ZN4mbed6Stream6printfEPKcz), (40 bytes).
    Removing stream.o(i._ZN4mbed6StreamD0Ev), (18 bytes).
    Removing stream.o(i._ZN4mbed6StreamD2Ev), (36 bytes).
    Removing stream.o(i._ZThn4_N4mbed6StreamD0Ev), (14 bytes).
    Removing stream.o(i._ZThn4_N4mbed6StreamD1Ev), (14 bytes).
    Removing stream.o(.ARM.exidx), (8 bytes).
    Removing stream.o(.ARM.exidx), (8 bytes).
    Removing stream.o(.ARM.exidx), (8 bytes).
    Removing stream.o(.ARM.exidx), (8 bytes).
    Removing stream.o(.ARM.exidx), (8 bytes).
    Removing stream.o(.ARM.exidx), (8 bytes).
    Removing stream.o(.ARM.exidx), (8 bytes).
    Removing stream.o(.ARM.exidx), (8 bytes).
    Removing stream.o(.ARM.exidx), (8 bytes).
    Removing stream.o(.ARM.exidx), (8 bytes).
    Removing stream.o(.ARM.exidx), (8 bytes).
    Removing stream.o(.ARM.exidx), (8 bytes).
    Removing stream.o(.ARM.exidx), (8 bytes).
    Removing stream.o(.ARM.exidx), (8 bytes).
    Removing stream.o(.ARM.exidx), (8 bytes).
    Removing stream.o(.ARM.exidx), (8 bytes).
    Removing stream.o(.ARM.exidx), (8 bytes).
    Removing stream.o(.ARM.exidx), (8 bytes).
    Removing gpio_api.o(.rev16_text), (4 bytes).
    Removing gpio_api.o(.revsh_text), (4 bytes).
    Removing ealcdboardgpio.o(.rev16_text), (4 bytes).
    Removing ealcdboardgpio.o(.revsh_text), (4 bytes).
    Removing ealcdboardgpio.o(.ARM.exidx), (8 bytes).
    Removing ealcdboardgpio.o(.ARM.exidx), (8 bytes).
    Removing ealcdboardgpio.o(.ARM.exidx), (8 bytes).
    Removing ealcdboardgpio.o(.ARM.exidx), (8 bytes).
    Removing ealcdboardgpio.o(.ARM.exidx), (8 bytes).
    Removing ealcdboardgpio.o(.ARM.exidx), (8 bytes).
    Removing ealcdboard.o(.rev16_text), (4 bytes).
    Removing ealcdboard.o(.revsh_text), (4 bytes).
    Removing ealcdboard.o(i._ZN10EaLcdBoard11eepromWriteEPhtt), (178 bytes).
    Removing ealcdboard.o(i._ZN10EaLcdBoard13getDisplayMfgEPci), (68 bytes).
    Removing ealcdboard.o(i._ZN10EaLcdBoard14getDisplayNameEPci), (64 bytes).
    Removing ealcdboard.o(i._ZN10EaLcdBoard15getPowerDownSeqEPci), (88 bytes).
    Removing ealcdboard.o(i._ZN10EaLcdBoard15setWriteProtectEb), (36 bytes).
    Removing ealcdboard.o(i._ZN10EaLcdBoard15storeParametersEPKcS1_PN13LcdController6ConfigES1_S1_PNS_13TouchParams_tEb), (436 bytes).
    Removing ealcdboard.o(i._ZN10EaLcdBoard18getTouchParametersEPNS_13TouchParams_tE), (92 bytes).
    Removing ealcdboard.o(i._ZN10EaLcdBoard5closeEv), (54 bytes).
    Removing ealcdboard.o(.ARM.exidx), (8 bytes).
    Removing ealcdboard.o(.ARM.exidx), (8 bytes).
    Removing ealcdboard.o(.ARM.exidx), (8 bytes).
    Removing ealcdboard.o(.ARM.exidx), (8 bytes).
    Removing ealcdboard.o(.ARM.exidx), (8 bytes).
    Removing ealcdboard.o(.ARM.exidx), (8 bytes).
    Removing ealcdboard.o(.ARM.exidx), (8 bytes).
    Removing ealcdboard.o(.ARM.exidx), (8 bytes).
    Removing ealcdboard.o(.ARM.exidx), (8 bytes).
    Removing ealcdboard.o(.ARM.exidx), (8 bytes).
    Removing ealcdboard.o(.ARM.exidx), (8 bytes).
    Removing ealcdboard.o(.ARM.exidx), (8 bytes).
    Removing ealcdboard.o(.ARM.exidx), (8 bytes).
    Removing ealcdboard.o(.ARM.exidx), (8 bytes).
    Removing ealcdboard.o(.ARM.exidx), (8 bytes).
    Removing ealcdboard.o(.ARM.exidx), (8 bytes).
    Removing ealcdboard.o(.ARM.exidx), (8 bytes).
    Removing ealcdboard.o(.ARM.exidx), (8 bytes).
    Removing ealcdboard.o(.ARM.exidx), (8 bytes).
    Removing ealcdboard.o(.ARM.exidx), (8 bytes).
    Removing ealcdboard.o(.ARM.exidx), (8 bytes).
    Removing ealcdboard.o(.ARM.exidx), (8 bytes).
    Removing ealcdboard.o(.ARM.exidx), (8 bytes).
    Removing ealcdboard.o(.ARM.exidx), (8 bytes).
    Removing ealcdboard.o(.ARM.exidx), (8 bytes).
    Removing ealcdboard.o(.ARM.exidx), (8 bytes).
    Removing ealcdboard.o(.ARM.exidx), (8 bytes).
    Removing ealcdboard.o(.ARM.exidx), (8 bytes).
    Removing ealcdboard.o(.ARM.exidx), (8 bytes).
    Removing ealcdboard.o(.ARM.exidx), (8 bytes).
    Removing ealcdboard.o(.ARM.exidx), (8 bytes).
    Removing ealcdboard.o(.ARM.exidx), (8 bytes).
    Removing gfxfb.o(.rev16_text), (4 bytes).
    Removing gfxfb.o(.revsh_text), (4 bytes).
    Removing gfxfb.o(i._ZN5GFXFb11writeStringEPKc), (34 bytes).
    Removing gfxfb.o(i._ZN5GFXFb13drawFastHLineEssst), (98 bytes).
    Removing gfxfb.o(i._ZN5GFXFb14getStringWidthEPKc), (30 bytes).
    Removing gfxfb.o(i._ZN5GFXFb15getStringHeightEPKc), (6 bytes).
    Removing gfxfb.o(.ARM.exidx), (8 bytes).
    Removing gfxfb.o(.ARM.exidx), (8 bytes).
    Removing gfxfb.o(.ARM.exidx), (8 bytes).
    Removing gfxfb.o(.ARM.exidx), (8 bytes).
    Removing gfxfb.o(.ARM.exidx), (8 bytes).
    Removing gfxfb.o(.ARM.exidx), (8 bytes).
    Removing gfxfb.o(.ARM.exidx), (8 bytes).
    Removing gfxfb.o(.ARM.exidx), (8 bytes).
    Removing sdram.o(.rev16_text), (4 bytes).
    Removing sdram.o(.revsh_text), (4 bytes).
    Removing sdram.o(i._Z24sdram_disableMallocSdramv), (12 bytes).
    Removing sdram.o(.ARM.exidx), (8 bytes).
    Removing sdram.o(.ARM.exidx), (8 bytes).
    Removing sdram.o(.ARM.exidx), (8 bytes).
    Removing sdram.o(.ARM.exidx), (8 bytes).
    Removing sdram.o(.ARM.exidx), (8 bytes).
    Removing sdram.o(.ARM.exidx), (8 bytes).
    Removing sdram.o(.ARM.exidx), (8 bytes).
    Removing sdram.o(.ARM.exidx), (8 bytes).
    Removing sdram.o(.ARM.exidx), (8 bytes).
    Removing sdram.o(.ARM.exidx), (8 bytes).
    Removing filelike.o(.rev16_text), (4 bytes).
    Removing filelike.o(.revsh_text), (4 bytes).
    Removing filelike.o(i._ZN4mbed8FileLikeD0Ev), (18 bytes).
    Removing filelike.o(i._ZN4mbed8FileLikeD2Ev), (24 bytes).
    Removing filelike.o(i._ZThn4_N4mbed8FileLikeD0Ev), (14 bytes).
    Removing filelike.o(i._ZThn4_N4mbed8FileLikeD1Ev), (14 bytes).
    Removing filelike.o(.ARM.exidx), (8 bytes).
    Removing filelike.o(.ARM.exidx), (8 bytes).
    Removing filelike.o(.ARM.exidx), (8 bytes).
    Removing filelike.o(.ARM.exidx), (8 bytes).
    Removing filelike.o(.ARM.exidx), (8 bytes).
    Removing pinmap.o(.rev16_text), (4 bytes).
    Removing pinmap.o(.revsh_text), (4 bytes).
    Removing us_ticker.o(.rev16_text), (4 bytes).
    Removing us_ticker.o(.revsh_text), (4 bytes).
    Removing i2c_api.o(.rev16_text), (4 bytes).
    Removing i2c_api.o(.revsh_text), (4 bytes).
    Removing i2c_api.o(i.i2c_byte_read), (18 bytes).
    Removing i2c_api.o(i.i2c_byte_write), (64 bytes).
    Removing i2c_api.o(i.i2c_reset), (12 bytes).
    Removing i2c_api.o(i.i2c_slave_address), (48 bytes).
    Removing i2c_api.o(i.i2c_slave_mode), (60 bytes).
    Removing i2c_api.o(i.i2c_slave_read), (92 bytes).
    Removing i2c_api.o(i.i2c_slave_receive), (48 bytes).
    Removing i2c_api.o(i.i2c_slave_write), (70 bytes).
    Removing pwmout_api.o(.rev16_text), (4 bytes).
    Removing pwmout_api.o(.revsh_text), (4 bytes).
    Removing pwmout_api.o(i.pwmout_free), (2 bytes).
    Removing pwmout_api.o(i.pwmout_period), (32 bytes).
    Removing pwmout_api.o(i.pwmout_pulsewidth), (32 bytes).
    Removing pwmout_api.o(i.pwmout_pulsewidth_ms), (22 bytes).
    Removing pwmout_api.o(i.pwmout_pulsewidth_us), (48 bytes).
    Removing pwmout_api.o(i.pwmout_read), (58 bytes).
    Removing retarget.o(.rev16_text), (4 bytes).
    Removing retarget.o(.revsh_text), (4 bytes).
    Removing retarget.o(i._ZN4mbed10FileHandleD0Ev), (18 bytes).
    Removing retarget.o(i._ZN4mbed10FileHandleD2Ev), (48 bytes).
    Removing retarget.o(i._ZN4mbed9mbed_getcEPSt6__FILE), (12 bytes).
    Removing retarget.o(i._ZN4mbed9mbed_getsEPciPSt6__FILE), (20 bytes).
    Removing retarget.o(i._sys_command_string), (6 bytes).
    Removing retarget.o(i._sys_ensure), (44 bytes).
    Removing retarget.o(i._sys_read), (92 bytes).
    Removing retarget.o(i.closedir), (14 bytes).
    Removing retarget.o(i.mkdir), (58 bytes).
    Removing retarget.o(i.opendir), (68 bytes).
    Removing retarget.o(i.readdir), (14 bytes).
    Removing retarget.o(i.remove), (54 bytes).
    Removing retarget.o(i.rename), (88 bytes).
    Removing retarget.o(i.rewinddir), (14 bytes).
    Removing retarget.o(i.seekdir), (18 bytes).
    Removing retarget.o(i.telldir), (14 bytes).
    Removing retarget.o(i.tmpfile), (4 bytes).
    Removing retarget.o(i.tmpnam), (6 bytes).
    Removing retarget.o(.ARM.exidx), (8 bytes).
    Removing retarget.o(.ARM.exidx), (8 bytes).
    Removing retarget.o(.ARM.exidx), (8 bytes).
    Removing retarget.o(.ARM.exidx), (8 bytes).
    Removing retarget.o(.ARM.exidx), (8 bytes).
    Removing retarget.o(.ARM.exidx), (8 bytes).
    Removing retarget.o(.ARM.exidx), (8 bytes).
    Removing retarget.o(.ARM.exidx), (8 bytes).
    Removing retarget.o(.ARM.exidx), (8 bytes).
    Removing retarget.o(.ARM.exidx), (8 bytes).
    Removing retarget.o(.ARM.exidx), (8 bytes).
    Removing retarget.o(.ARM.exidx), (8 bytes).
    Removing retarget.o(.ARM.exidx), (8 bytes).
    Removing retarget.o(.ARM.exidx), (8 bytes).
    Removing retarget.o(.ARM.exidx), (8 bytes).
    Removing retarget.o(.ARM.exidx), (8 bytes).
    Removing retarget.o(.ARM.exidx), (8 bytes).
    Removing retarget.o(.ARM.exidx), (8 bytes).
    Removing retarget.o(.ARM.exidx), (8 bytes).
    Removing retarget.o(.ARM.exidx), (8 bytes).
    Removing retarget.o(.ARM.exidx), (8 bytes).
    Removing retarget.o(.ARM.exidx), (8 bytes).
    Removing retarget.o(.ARM.exidx), (8 bytes).
    Removing retarget.o(.ARM.exidx), (8 bytes).
    Removing retarget.o(.ARM.exidx), (8 bytes).
    Removing retarget.o(.ARM.exidx), (8 bytes).
    Removing retarget.o(.ARM.exidx), (8 bytes).
    Removing retarget.o(.ARM.exidx), (8 bytes).
    Removing retarget.o(.ARM.exidx), (8 bytes).
    Removing retarget.o(.ARM.exidx), (8 bytes).
    Removing lcdcontroller.o(.rev16_text), (4 bytes).
    Removing lcdcontroller.o(.revsh_text), (4 bytes).
    Removing lcdcontroller.o(i._ZN13LcdController5closeEv), (52 bytes).
    Removing lcdcontroller.o(.ARM.exidx), (8 bytes).
    Removing lcdcontroller.o(.ARM.exidx), (8 bytes).
    Removing lcdcontroller.o(.ARM.exidx), (8 bytes).
    Removing lcdcontroller.o(.ARM.exidx), (8 bytes).
    Removing lcdcontroller.o(.ARM.exidx), (8 bytes).
    Removing lcdcontroller.o(.ARM.exidx), (8 bytes).
    Removing lcdcontroller.o(.ARM.exidx), (8 bytes).
    Removing lcdcontroller.o(.ARM.exidx), (8 bytes).
    Removing filebase.o(.rev16_text), (4 bytes).
    Removing filebase.o(.revsh_text), (4 bytes).
    Removing filebase.o(i._ZN4mbed8FileBase3getEi), (36 bytes).
    Removing filebase.o(i._ZN4mbed8FileBase7getNameEv), (6 bytes).
    Removing filebase.o(i._ZN4mbed8FileBaseD0Ev), (18 bytes).
    Removing filebase.o(i._ZN4mbed8FileBaseD1Ev), (56 bytes).
    Removing filebase.o(.ARM.exidx), (8 bytes).
    Removing filebase.o(.ARM.exidx), (8 bytes).
    Removing filebase.o(.ARM.exidx), (8 bytes).
    Removing filebase.o(.ARM.exidx), (8 bytes).
    Removing filebase.o(.ARM.exidx), (8 bytes).
    Removing filebase.o(.ARM.exidx), (8 bytes).
    Removing filebase.o(.ARM.exidx), (8 bytes).
    Removing filepath.o(.rev16_text), (4 bytes).
    Removing filepath.o(.revsh_text), (4 bytes).
    Removing filepath.o(.ARM.exidx), (8 bytes).
    Removing filepath.o(.ARM.exidx), (8 bytes).
    Removing filepath.o(.ARM.exidx), (8 bytes).
    Removing filepath.o(.ARM.exidx), (8 bytes).
    Removing filepath.o(.ARM.exidx), (8 bytes).
    Removing filepath.o(.ARM.exidx), (8 bytes).
    Removing filepath.o(.ARM.exidx), (8 bytes).
    Removing filesystemlike.o(.rev16_text), (4 bytes).
    Removing filesystemlike.o(.revsh_text), (4 bytes).
    Removing filesystemlike.o(i._ZN4mbed14FileSystemLike7opendirEv), (52 bytes).
    Removing filesystemlike.o(i._ZN4mbed14FileSystemLikeC2EPKc), (32 bytes).
    Removing filesystemlike.o(i._ZN4mbed14FileSystemLikeD0Ev), (18 bytes).
    Removing filesystemlike.o(i._ZN4mbed14FileSystemLikeD2Ev), (16 bytes).
    Removing filesystemlike.o(.ARM.exidx), (8 bytes).
    Removing filesystemlike.o(.ARM.exidx), (8 bytes).
    Removing filesystemlike.o(.ARM.exidx), (8 bytes).
    Removing filesystemlike.o(.ARM.exidx), (8 bytes).
    Removing serial_api.o(.rev16_text), (4 bytes).
    Removing serial_api.o(.revsh_text), (4 bytes).
    Removing serial_api.o(i.serial_break_clear), (14 bytes).
    Removing serial_api.o(i.serial_break_set), (14 bytes).
    Removing serial_api.o(i.serial_clear), (8 bytes).
    Removing serial_api.o(i.serial_free), (16 bytes).
    Removing serial_api.o(i.serial_getc), (22 bytes).
    Removing serial_api.o(i.serial_irq_handler), (24 bytes).
    Removing serial_api.o(i.serial_irq_set), (256 bytes).
    Removing serial_api.o(i.serial_pinout_tx), (20 bytes).
    Removing serial_api.o(i.serial_readable), (12 bytes).
    Removing serial_api.o(i.uart0_irq), (24 bytes).
    Removing serial_api.o(i.uart1_irq), (24 bytes).
    Removing serial_api.o(i.uart2_irq), (24 bytes).
    Removing serial_api.o(i.uart3_irq), (24 bytes).
    Removing serial_api.o(i.uart4_irq), (24 bytes).
    Removing serial_api.o(i.uart_irq), (64 bytes).
    Removing serial_api.o(.bss), (20 bytes).
    Removing board.o(.rev16_text), (4 bytes).
    Removing board.o(.revsh_text), (4 bytes).
    Removing main.o(.ARM.exidx), (8 bytes).
    Removing main.o(.ARM.exidx), (8 bytes).
    Removing matrix3x3.o(i._ZN9Matrix3x3C1Efffffffff), (38 bytes).
    Removing matrix3x3.o(.ARM.exidx), (8 bytes).
    Removing quaternion.o(i._ZN10QuaternionC1Effff), (56 bytes).
    Removing quaternion.o(.ARM.exidx), (8 bytes).
    Removing quaternion.o(i._ZN10Quaternion9GetVectorEv), (48 bytes).
    Removing quaternion.o(.ARM.exidx), (8 bytes).
    Removing quaternion.o(.ARM.exidx), (8 bytes).
    Removing physics.o(i._Zmlf6Vector), (78 bytes).
    Removing physics.o(.ARM.exidx), (8 bytes).
    Removing physics.o(i._Zml6Vectorf), (78 bytes).
    Removing physics.o(.ARM.exidx), (8 bytes).
    Removing physics.o(i._Zpl6VectorS_), (78 bytes).
    Removing physics.o(.ARM.exidx), (8 bytes).
    Removing physics.o(i._Zmi6VectorS_), (78 bytes).
    Removing physics.o(.ARM.exidx), (8 bytes).
    Removing physics.o(i._Zeo6VectorS_), (118 bytes).
    Removing physics.o(.ARM.exidx), (8 bytes).
    Removing physics.o(i._Zdv6Vectorf), (90 bytes).
    Removing physics.o(.ARM.exidx), (8 bytes).
    Removing physics.o(i._ZNK10QuaternioncoEv), (72 bytes).
    Removing physics.o(.ARM.exidx), (8 bytes).
    Removing physics.o(i._Zml6VectorS_), (44 bytes).
    Removing physics.o(.ARM.exidx), (8 bytes).
    Removing physics.o(i._ZSt4fabsf), (10 bytes).
    Removing physics.o(.ARM.exidx), (8 bytes).
    Removing physics.o(i._ZSt3powfi), (34 bytes).
    Removing physics.o(.ARM.exidx), (8 bytes).
    Removing physics.o(.ARM.exidx), (8 bytes).
    Removing physics.o(.ARM.exidx), (8 bytes).
    Removing ticker.o(i._ZN4mbed6TickerD1Ev), (32 bytes).
    Removing ticker.o(.ARM.exidx), (8 bytes).
    Removing ticker.o(i._ZN4mbed6TickerD0Ev), (18 bytes).
    Removing ticker.o(.ARM.exidx), (8 bytes).
    Removing ticker.o(.constdata__ZTIN4mbed6TickerE), (12 bytes).
    Removing ticker.o(.constdata__ZTSN4mbed6TickerE), (15 bytes).
    Removing timerevent.o(.constdata__ZTIN4mbed10TimerEventE), (8 bytes).
    Removing timerevent.o(.constdata__ZTSN4mbed10TimerEventE), (20 bytes).
    Removing adafruit_gfx.o(.constdata__ZTI12Adafruit_GFX), (8 bytes).
    Removing adafruit_gfx.o(.constdata__ZTS12Adafruit_GFX), (15 bytes).
    Removing display.o(.ARM.exidx), (8 bytes).
    Removing display.o(.constdata__ZTI7Display), (32 bytes).
    Removing display.o(.constdata__ZTS7Display), (9 bytes).
    Removing stream.o(.constdata__ZTIN4mbed6StreamE), (12 bytes).
    Removing stream.o(.constdata__ZTSN4mbed6StreamE), (15 bytes).
    Removing ealcdboardgpio.o(.ARM.exidx), (8 bytes).
    Removing ealcdboardgpio.o(.ARM.exidx), (8 bytes).
    Removing ealcdboardgpio.o(.constdata__ZTI14EaLcdBoardGPIO), (12 bytes).
    Removing ealcdboardgpio.o(.constdata__ZTS14EaLcdBoardGPIO), (17 bytes).
    Removing ealcdboard.o(.constdata__ZTI10EaLcdBoard), (8 bytes).
    Removing ealcdboard.o(.constdata__ZTS10EaLcdBoard), (13 bytes).
    Removing gfxfb.o(.constdata__ZTI5GFXFb), (12 bytes).
    Removing gfxfb.o(.constdata__ZTS5GFXFb), (7 bytes).
    Removing filelike.o(.ARM.exidx), (8 bytes).
    Removing filelike.o(.constdata__ZTIN4mbed8FileLikeE), (32 bytes).
    Removing filelike.o(.constdata__ZTSN4mbed8FileLikeE), (17 bytes).
    Removing retarget.o(.constdata__ZTIN4mbed10FileHandleE), (8 bytes).
    Removing retarget.o(.constdata__ZTSN4mbed10FileHandleE), (20 bytes).
    Removing filebase.o(.constdata__ZTIN4mbed8FileBaseE), (8 bytes).
    Removing filebase.o(.constdata__ZTSN4mbed8FileBaseE), (17 bytes).
    Removing filesystemlike.o(.constdata__ZTVN4mbed14FileSystemLikeE), (36 bytes).
    Removing filesystemlike.o(i._ZN4mbed14FileSystemLike6removeEPKc), (8 bytes).
    Removing filesystemlike.o(.ARM.exidx), (8 bytes).
    Removing filesystemlike.o(i._ZN4mbed14FileSystemLike6renameEPKcS2_), (8 bytes).
    Removing filesystemlike.o(.ARM.exidx), (8 bytes).
    Removing filesystemlike.o(i._ZN4mbed14FileSystemLike7opendirEPKc), (6 bytes).
    Removing filesystemlike.o(.ARM.exidx), (8 bytes).
    Removing filesystemlike.o(i._ZN4mbed14FileSystemLike5mkdirEPKci), (8 bytes).
    Removing filesystemlike.o(.ARM.exidx), (8 bytes).
    Removing filesystemlike.o(.constdata__ZTVN4mbed9DirHandleE), (36 bytes).
    Removing filesystemlike.o(.constdata__ZTVN4mbed13BaseDirHandleE), (36 bytes).
    Removing filesystemlike.o(.constdata__ZTIN4mbed14FileSystemLikeE), (12 bytes).
    Removing filesystemlike.o(.constdata__ZTIN4mbed13BaseDirHandleE), (12 bytes).
    Removing filesystemlike.o(.constdata__ZTIN4mbed9DirHandleE), (8 bytes).
    Removing filesystemlike.o(.constdata__ZTSN4mbed14FileSystemLikeE), (24 bytes).
    Removing filesystemlike.o(.constdata__ZTSN4mbed9DirHandleE), (18 bytes).
    Removing filesystemlike.o(.constdata__ZTSN4mbed13BaseDirHandleE), (23 bytes).
    Removing filesystemlike.o(i._ZN4mbed9DirHandle7telldirEv), (8 bytes).
    Removing filesystemlike.o(.ARM.exidx), (8 bytes).
    Removing filesystemlike.o(i._ZN4mbed9DirHandle7seekdirEl), (2 bytes).
    Removing filesystemlike.o(.ARM.exidx), (8 bytes).
    Removing filesystemlike.o(i._ZN4mbed9DirHandleD2Ev), (2 bytes).
    Removing filesystemlike.o(.ARM.exidx), (8 bytes).
    Removing filesystemlike.o(i._ZN4mbed9DirHandleD0Ev), (16 bytes).
    Removing filesystemlike.o(.ARM.exidx), (8 bytes).
    Removing filesystemlike.o(i._ZN4mbed13BaseDirHandle8closedirEv), (18 bytes).
    Removing filesystemlike.o(.ARM.exidx), (8 bytes).
    Removing filesystemlike.o(i._ZN4mbed13BaseDirHandle7readdirEv), (50 bytes).
    Removing filesystemlike.o(.ARM.exidx), (8 bytes).
    Removing filesystemlike.o(i._ZN4mbed13BaseDirHandle7telldirEv), (6 bytes).
    Removing filesystemlike.o(.ARM.exidx), (8 bytes).
    Removing filesystemlike.o(i._ZN4mbed13BaseDirHandle7seekdirEl), (4 bytes).
    Removing filesystemlike.o(.ARM.exidx), (8 bytes).
    Removing filesystemlike.o(i._ZN4mbed13BaseDirHandle9rewinddirEv), (6 bytes).
    Removing filesystemlike.o(.ARM.exidx), (8 bytes).
    Removing filesystemlike.o(i._ZN4mbed13BaseDirHandleD1Ev), (4 bytes).
    Removing filesystemlike.o(.ARM.exidx), (8 bytes).
    Removing filesystemlike.o(i._ZN4mbed13BaseDirHandleD0Ev), (18 bytes).
    Removing filesystemlike.o(.ARM.exidx), (8 bytes).

631 unused section(s) (total 32912 bytes) removed from the image.

==============================================================================

Memory Map of the image

  Image Entry point : 0x00000000

  Load Region LR_IROM1 (Base: 0x00000000, Size: 0x00007838, Max: 0x00080000, ABSOLUTE)

    Execution Region ER_IROM1 (Base: 0x00000000, Size: 0x000077a4, Max: 0x00080000, ABSOLUTE)

    Base Addr    Size         Type   Attr      Idx    E Section Name        Object

    0x00000000   0x000000e4   Data   RO          818    RESET               startup_lpc407x_8x_177x_8x.o
    0x000000e4   0x00000008   Code   RO         4846  * !!!main             c_w.l(__main.o)
    0x000000ec   0x00000000   Code   RO         4785    .ARM.Collect$$_printf_percent$$00000000  c_w.l(_printf_percent.o)
    0x000000ec   0x00000006   Code   RO         5167    .ARM.Collect$$_printf_percent$$00000001  c_w.l(_printf_n.o)
    0x000000f2   0x00000006   Code   RO         4784    .ARM.Collect$$_printf_percent$$00000002  c_w.l(_printf_p.o)
    0x000000f8   0x00000006   Code   RO         5173    .ARM.Collect$$_printf_percent$$00000003  c_w.l(_printf_f.o)
    0x000000fe   0x00000006   Code   RO         5174    .ARM.Collect$$_printf_percent$$00000004  c_w.l(_printf_e.o)
    0x00000104   0x00000006   Code   RO         5175    .ARM.Collect$$_printf_percent$$00000005  c_w.l(_printf_g.o)
    0x0000010a   0x00000006   Code   RO         5176    .ARM.Collect$$_printf_percent$$00000006  c_w.l(_printf_a.o)
    0x00000110   0x0000000a   Code   RO         5181    .ARM.Collect$$_printf_percent$$00000007  c_w.l(_printf_ll.o)
    0x0000011a   0x00000006   Code   RO         5170    .ARM.Collect$$_printf_percent$$00000008  c_w.l(_printf_i.o)
    0x00000120   0x00000006   Code   RO         5171    .ARM.Collect$$_printf_percent$$00000009  c_w.l(_printf_d.o)
    0x00000126   0x00000006   Code   RO         5172    .ARM.Collect$$_printf_percent$$0000000A  c_w.l(_printf_u.o)
    0x0000012c   0x00000006   Code   RO         5169    .ARM.Collect$$_printf_percent$$0000000B  c_w.l(_printf_o.o)
    0x00000132   0x00000006   Code   RO         5168    .ARM.Collect$$_printf_percent$$0000000C  c_w.l(_printf_x.o)
    0x00000138   0x00000006   Code   RO         5178    .ARM.Collect$$_printf_percent$$0000000D  c_w.l(_printf_lli.o)
    0x0000013e   0x00000006   Code   RO         5179    .ARM.Collect$$_printf_percent$$0000000E  c_w.l(_printf_lld.o)
    0x00000144   0x00000006   Code   RO         5180    .ARM.Collect$$_printf_percent$$0000000F  c_w.l(_printf_llu.o)
    0x0000014a   0x00000006   Code   RO         5185    .ARM.Collect$$_printf_percent$$00000010  c_w.l(_printf_llo.o)
    0x00000150   0x00000006   Code   RO         5186    .ARM.Collect$$_printf_percent$$00000011  c_w.l(_printf_llx.o)
    0x00000156   0x0000000a   Code   RO         5182    .ARM.Collect$$_printf_percent$$00000012  c_w.l(_printf_l.o)
    0x00000160   0x00000006   Code   RO         5165    .ARM.Collect$$_printf_percent$$00000013  c_w.l(_printf_c.o)
    0x00000166   0x00000006   Code   RO         5166    .ARM.Collect$$_printf_percent$$00000014  c_w.l(_printf_s.o)
    0x0000016c   0x00000006   Code   RO         5183    .ARM.Collect$$_printf_percent$$00000015  c_w.l(_printf_lc.o)
    0x00000172   0x00000006   Code   RO         5184    .ARM.Collect$$_printf_percent$$00000016  c_w.l(_printf_ls.o)
    0x00000178   0x00000004   Code   RO         5177    .ARM.Collect$$_printf_percent$$00000017  c_w.l(_printf_percent_end.o)
    0x0000017c   0x00000002   Code   RO         5655    .ARM.Collect$$libinit$$00000000  c_w.l(libinit.o)
    0x0000017e   0x00000004   Code   RO         5236    .ARM.Collect$$libinit$$00000001  c_w.l(libinit2.o)
    0x00000182   0x00000000   Code   RO         5239    .ARM.Collect$$libinit$$00000004  c_w.l(libinit2.o)
    0x00000182   0x00000008   Code   RO         5240    .ARM.Collect$$libinit$$00000005  c_w.l(libinit2.o)
    0x0000018a   0x00000000   Code   RO         5242    .ARM.Collect$$libinit$$0000000A  c_w.l(libinit2.o)
    0x0000018a   0x00000000   Code   RO         5244    .ARM.Collect$$libinit$$0000000C  c_w.l(libinit2.o)
    0x0000018a   0x00000000   Code   RO         5246    .ARM.Collect$$libinit$$0000000E  c_w.l(libinit2.o)
    0x0000018a   0x00000006   Code   RO         5247    .ARM.Collect$$libinit$$0000000F  c_w.l(libinit2.o)
    0x00000190   0x00000000   Code   RO         5249    .ARM.Collect$$libinit$$00000011  c_w.l(libinit2.o)
    0x00000190   0x0000000c   Code   RO         5250    .ARM.Collect$$libinit$$00000012  c_w.l(libinit2.o)
    0x0000019c   0x00000000   Code   RO         5251    .ARM.Collect$$libinit$$00000013  c_w.l(libinit2.o)
    0x0000019c   0x00000000   Code   RO         5253    .ARM.Collect$$libinit$$00000015  c_w.l(libinit2.o)
    0x0000019c   0x0000000a   Code   RO         5254    .ARM.Collect$$libinit$$00000016  c_w.l(libinit2.o)
    0x000001a6   0x00000000   Code   RO         5255    .ARM.Collect$$libinit$$00000017  c_w.l(libinit2.o)
    0x000001a6   0x00000000   Code   RO         5257    .ARM.Collect$$libinit$$00000019  c_w.l(libinit2.o)
    0x000001a6   0x00000000   Code   RO         5259    .ARM.Collect$$libinit$$0000001B  c_w.l(libinit2.o)
    0x000001a6   0x00000000   Code   RO         5261    .ARM.Collect$$libinit$$0000001D  c_w.l(libinit2.o)
    0x000001a6   0x00000000   Code   RO         5263    .ARM.Collect$$libinit$$0000001F  c_w.l(libinit2.o)
    0x000001a6   0x00000000   Code   RO         5265    .ARM.Collect$$libinit$$00000021  c_w.l(libinit2.o)
    0x000001a6   0x00000000   Code   RO         5267    .ARM.Collect$$libinit$$00000023  c_w.l(libinit2.o)
    0x000001a6   0x00000004   Code   RO         5268    .ARM.Collect$$libinit$$00000024  c_w.l(libinit2.o)
    0x000001aa   0x00000000   Code   RO         5269    .ARM.Collect$$libinit$$00000025  c_w.l(libinit2.o)
    0x000001aa   0x00000000   Code   RO         5273    .ARM.Collect$$libinit$$0000002C  c_w.l(libinit2.o)
    0x000001aa   0x00000000   Code   RO         5275    .ARM.Collect$$libinit$$0000002E  c_w.l(libinit2.o)
    0x000001aa   0x00000000   Code   RO         5277    .ARM.Collect$$libinit$$00000030  c_w.l(libinit2.o)
    0x000001aa   0x00000004   Code   RO         5278    .ARM.Collect$$libinit$$00000031  c_w.l(libinit2.o)
    0x000001ae   0x00000000   Code   RO         5279    .ARM.Collect$$libinit$$00000032  c_w.l(libinit2.o)
    0x000001ae   0x00000002   Code   RO         5280    .ARM.Collect$$libinit$$00000033  c_w.l(libinit2.o)
    0x000001b0   0x00000000   Code   RO         5537    .ARM.Collect$$libshutdown$$00000004  c_w.l(libshutdown2.o)
    0x000001b0   0x00000000   Code   RO         5103    .ARM.Collect$$rtentry$$00000000  c_w.l(__rtentry.o)
    0x000001b0   0x00000000   Code   RO         5423    .ARM.Collect$$rtentry$$00000002  c_w.l(__rtentry2.o)
    0x000001b0   0x00000006   Code   RO         5435    .ARM.Collect$$rtentry$$00000004  c_w.l(__rtentry4.o)
    0x000001b6   0x00000000   Code   RO         5425    .ARM.Collect$$rtentry$$00000009  c_w.l(__rtentry2.o)
    0x000001b6   0x00000004   Code   RO         5426    .ARM.Collect$$rtentry$$0000000A  c_w.l(__rtentry2.o)
    0x000001ba   0x00000000   Code   RO         5428    .ARM.Collect$$rtentry$$0000000C  c_w.l(__rtentry2.o)
    0x000001ba   0x00000008   Code   RO         5429    .ARM.Collect$$rtentry$$0000000D  c_w.l(__rtentry2.o)
    0x000001c2   0x00000002   PAD
    0x000001c4   0x00000000   Code   RO         5446    .emb_text           c_w.l(maybetermalloc1.o)
    0x000001c4   0x00000024   Code   RO          820    .text               startup_lpc407x_8x_177x_8x.o
    0x000001e8   0x0000005e   Code   RO         4675    .text               c_w.l(h1_alloc.o)
    0x00000246   0x0000004e   Code   RO         4677    .text               c_w.l(h1_free.o)
    0x00000294   0x0000000a   Code   RO         4733    .text               c_w.l(vfprintf.o)
    0x0000029e   0x00000002   PAD
    0x000002a0   0x0000002c   Code   RO         4737    .text               c_w.l(__2sprintf.o)
    0x000002cc   0x00000014   Code   RO         4808    .text               c_w.l(setbuf.o)
    0x000002e0   0x00000008   Code   RO         5104    .text               c_w.l(rt_heap_descriptor.o)
    0x000002e8   0x00000008   Code   RO         5109    .text               c_w.l(rt_new_handler_addr.o)
    0x000002f0   0x00000004   Code   RO         5114    .text               c_w.l(hguard.o)
    0x000002f4   0x00000008   Code   RO         5205    .text               c_w.l(ferror.o)
    0x000002fc   0x00000004   Code   RO          819    .ARM.__at_0x02FC    startup_lpc407x_8x_177x_8x.o
    0x00000300   0x00000094   Code   RO         4761    .text               c_w.l(_printf_hex_int_ll_ptr.o)
    0x00000394   0x00000188   Code   RO         4781    .text               c_w.l(__printf_flags_ss_wp.o)
    0x0000051c   0x0000003c   Code   RO         4788    .text               c_w.l(__0sscanf.o)
    0x00000558   0x0000014c   Code   RO         4790    .text               c_w.l(_scanf_int.o)
    0x000006a4   0x00000064   Code   RO         4792    .text               c_w.l(fflush.o)
    0x00000708   0x000000ec   Code   RO         4806    .text               c_w.l(fopen.o)
    0x000007f4   0x0000004c   Code   RO         4816    .text               c_w.l(fclose.o)
    0x00000840   0x0000003e   Code   RO         4830    .text               c_w.l(strlen.o)
    0x0000087e   0x00000096   Code   RO         4832    .text               c_w.l(strncmp.o)
    0x00000914   0x00000044   Code   RO         4838    .text               c_w.l(rt_memclr.o)
    0x00000958   0x0000004e   Code   RO         4840    .text               c_w.l(rt_memclr_w.o)
    0x000009a6   0x00000002   PAD
    0x000009a8   0x00000080   Code   RO         4844    .text               c_w.l(strcmpv7m.o)
    0x00000a28   0x00000024   Code   RO         4851    .text               c_w.l(init_aeabi.o)
    0x00000a4c   0x0000008a   Code   RO         5116    .text               c_w.l(init_alloc.o)
    0x00000ad6   0x0000000e   Code   RO         5120    .text               c_w.l(h1_init.o)
    0x00000ae4   0x0000004e   Code   RO         5136    .text               c_w.l(_printf_pad.o)
    0x00000b32   0x00000024   Code   RO         5138    .text               c_w.l(_printf_truncate.o)
    0x00000b56   0x00000052   Code   RO         5140    .text               c_w.l(_printf_str.o)
    0x00000ba8   0x000000b2   Code   RO         5142    .text               c_w.l(_printf_intcommon.o)
    0x00000c5a   0x00000002   PAD
    0x00000c5c   0x00000078   Code   RO         5144    .text               c_w.l(_printf_dec.o)
    0x00000cd4   0x00000028   Code   RO         5146    .text               c_w.l(_printf_charcount.o)
    0x00000cfc   0x00000030   Code   RO         5148    .text               c_w.l(_printf_char_common.o)
    0x00000d2c   0x0000000a   Code   RO         5150    .text               c_w.l(_sputc.o)
    0x00000d36   0x00000002   PAD
    0x00000d38   0x00000024   Code   RO         5152    .text               c_w.l(_printf_char_file.o)
    0x00000d5c   0x000000bc   Code   RO         5154    .text               c_w.l(_printf_wctomb.o)
    0x00000e18   0x0000007c   Code   RO         5157    .text               c_w.l(_printf_longlong_dec.o)
    0x00000e94   0x00000070   Code   RO         5163    .text               c_w.l(_printf_oct_int_ll.o)
    0x00000f04   0x0000001c   Code   RO         5187    .text               c_w.l(_chval.o)
    0x00000f20   0x0000002c   Code   RO         5193    .text               c_w.l(scanf_char.o)
    0x00000f4c   0x00000040   Code   RO         5195    .text               c_w.l(_sgetc.o)
    0x00000f8c   0x000001d6   Code   RO         5209    .text               c_w.l(flsbuf.o)
    0x00001162   0x00000002   PAD
    0x00001164   0x000000f8   Code   RO         5211    .text               c_w.l(fseek.o)
    0x0000125c   0x00000046   Code   RO         5213    .text               c_w.l(setvbuf.o)
    0x000012a2   0x00000002   PAD
    0x000012a4   0x000000f0   Code   RO         5215    .text               c_w.l(stdio.o)
    0x00001394   0x00000138   Code   RO         5218    .text               c_w.l(initio.o)
    0x000014cc   0x00000016   Code   RO         5226    .text               c_w.l(abort.o)
    0x000014e2   0x0000000e   Code   RO         5228    .text               c_w.l(defsig_pvfn_outer.o)
    0x000014f0   0x00000004   Code   RO         5288    .text               cpprt_w.l(arm_newhandler_noexceptions.o)
    0x000014f4   0x0000000e   Code   RO         5415    .text               c_w.l(sys_wrch.o)
    0x00001502   0x00000002   PAD
    0x00001504   0x0000000c   Code   RO         5417    .text               c_w.l(sys_exit.o)
    0x00001510   0x00000008   Code   RO         5439    .text               c_w.l(rt_errno_addr.o)
    0x00001518   0x00000034   Code   RO         5448    .text               c_w.l(h1_extend.o)
    0x0000154c   0x0000008a   Code   RO         5452    .text               c_w.l(lludiv10.o)
    0x000015d6   0x00000012   Code   RO         5454    .text               c_w.l(isspace.o)
    0x000015e8   0x0000041a   Code   RO         5456    .text               c_w.l(_printf_fp_dec.o)
    0x00001a02   0x00000002   PAD
    0x00001a04   0x000002fc   Code   RO         5458    .text               c_w.l(_printf_fp_hex.o)
    0x00001d00   0x0000002c   Code   RO         5463    .text               c_w.l(_printf_char.o)
    0x00001d2c   0x0000002c   Code   RO         5467    .text               c_w.l(_printf_wchar.o)
    0x00001d58   0x00000374   Code   RO         5469    .text               c_w.l(_scanf.o)
    0x000020cc   0x00000042   Code   RO         5479    .text               c_w.l(ftell.o)
    0x0000210e   0x00000040   Code   RO         5505    .text               c_w.l(_wcrtomb.o)
    0x0000214e   0x0000000a   Code   RO         5507    .text               c_w.l(defsig_exit.o)
    0x00002158   0x0000000e   Code   RO         5509    .text               c_w.l(defsig_abrt_outer.o)
    0x00002166   0x0000000e   Code   RO         5513    .text               c_w.l(defsig_rtred_outer.o)
    0x00002174   0x0000000e   Code   RO         5517    .text               c_w.l(defsig_rtmem_outer.o)
    0x00002182   0x00000002   PAD
    0x00002184   0x00000030   Code   RO         5521    .text               c_w.l(defsig_pvfn_inner.o)
    0x000021b4   0x00000008   Code   RO         5530    .text               c_w.l(heapauxmm.o)
    0x000021bc   0x0000001a   Code   RO         5570    .text               cpprt_w.l(arm_exceptions_terminate.o)
    0x000021d6   0x00000002   PAD
    0x000021d8   0x00000050   Code   RO         5573    .text               cpprt_w.l(arm_exceptions_globs.o)
    0x00002228   0x00000002   Code   RO         5587    .text               c_w.l(use_no_semi.o)
    0x0000222a   0x00000000   Code   RO         5589    .text               c_w.l(indicate_semi.o)
    0x0000222a   0x00000002   PAD
    0x0000222c   0x00000010   Code   RO         5590    .text               c_w.l(rt_ctype_table.o)
    0x0000223c   0x00000008   Code   RO         5592    .text               c_w.l(rt_locale.o)
    0x00002244   0x00000008   Code   RO         5597    .text               c_w.l(rt_eh_globals_addr.o)
    0x0000224c   0x00000080   Code   RO         5604    .text               c_w.l(_printf_fp_infnan.o)
    0x000022cc   0x000000dc   Code   RO         5606    .text               c_w.l(bigflt0.o)
    0x000023a8   0x00000032   Code   RO         5638    .text               c_w.l(defsig_general.o)
    0x000023da   0x00000002   PAD
    0x000023dc   0x00000030   Code   RO         5640    .text               c_w.l(defsig_abrt_inner.o)
    0x0000240c   0x00000034   Code   RO         5642    .text               c_w.l(defsig_rtred_inner.o)
    0x00002440   0x00000050   Code   RO         5644    .text               c_w.l(defsig_rtmem_inner.o)
    0x00002490   0x0000003c   Code   RO         5659    .text               cpprt_w.l(arm_exceptions_mem.o)
    0x000024cc   0x0000003e   Code   RO         5609    CL$$btod_d2e        c_w.l(btod.o)
    0x0000250a   0x00000046   Code   RO         5611    CL$$btod_d2e_denorm_low  c_w.l(btod.o)
    0x00002550   0x00000060   Code   RO         5610    CL$$btod_d2e_norm_op1  c_w.l(btod.o)
    0x000025b0   0x00000338   Code   RO         5619    CL$$btod_div_common  c_w.l(btod.o)
    0x000028e8   0x000000c6   Code   RO         5616    CL$$btod_e2e        c_w.l(btod.o)
    0x000029ae   0x00000028   Code   RO         5613    CL$$btod_ediv       c_w.l(btod.o)
    0x000029d6   0x00000028   Code   RO         5612    CL$$btod_emul       c_w.l(btod.o)
    0x000029fe   0x00000244   Code   RO         5618    CL$$btod_mult_common  c_w.l(btod.o)
    0x00002c42   0x00000010   Code   RO         3870    i.$Sub$$main        mbed.lib(retarget.o)
    0x00002c52   0x00000002   PAD
    0x00002c54   0x00000040   Code   RO          829    i.NVIC_SetVector    cmsis_nvic.o
    0x00002c94   0x000002d4   Code   RO          884    i.SystemCoreClockUpdate  system_lpc407x_8x_177x_8x.o
    0x00002f68   0x000000ec   Code   RO          885    i.SystemInit        system_lpc407x_8x_177x_8x.o
    0x00003054   0x000000fc   Code   RO         3419    i._Z10sdram_initv   ebb.lib(sdram.o)
    0x00003150   0x0000005c   Code   RO         3420    i._Z10sdram_testv   ebb.lib(sdram.o)
    0x000031ac   0x00000048   Code   RO         3421    i._Z11calibrationv  ebb.lib(sdram.o)
    0x000031f4   0x00000084   Code   RO         3422    i._Z11find_cmddlyv  ebb.lib(sdram.o)
    0x00003278   0x00000020   Code   RO         3871    i._Z11init_serialv  mbed.lib(retarget.o)
    0x00003298   0x00000028   Code   RO         3120    i._Z11str_to_uintPcj  ebb.lib(ealcdboard.o)
    0x000032c0   0x00000084   Code   RO            3    i._Z12timerHandlerv  main.o
    0x00003344   0x00000058   Code   RO         3423    i._Z13adjust_timingv  ebb.lib(sdram.o)
    0x0000339c   0x00000084   Code   RO         3424    i._Z13find_fbclkdlyv  ebb.lib(sdram.o)
    0x00003420   0x00000048   Code   RO            6    i._Z9gpio_readP6gpio_t  main.o
    0x00003468   0x00000354   Code   RO         3426    i._Z9pinConfigv     ebb.lib(sdram.o)
    0x000037bc   0x0000000a   Code   RO         3121    i._Z9port_pin28PortNamei  ebb.lib(ealcdboard.o)
    0x000037c6   0x0000007e   Code   RO         3122    i._ZN10EaLcdBoard10eepromReadEPhtt  ebb.lib(ealcdboard.o)
    0x00003844   0x000000dc   Code   RO         3123    i._ZN10EaLcdBoard10execPinSetEPcj  ebb.lib(ealcdboard.o)
    0x00003920   0x00000058   Code   RO         3124    i._ZN10EaLcdBoard10getInitSeqEPci  ebb.lib(ealcdboard.o)
    0x00003978   0x00000084   Code   RO         3126    i._ZN10EaLcdBoard11execSeqCtrlEPcj  ebb.lib(ealcdboard.o)
    0x000039fc   0x00000020   Code   RO         3127    i._ZN10EaLcdBoard11set5VSignalEb  ebb.lib(ealcdboard.o)
    0x00003a1c   0x0000003e   Code   RO         3128    i._ZN10EaLcdBoard11setLsStatesEtPhh  ebb.lib(ealcdboard.o)
    0x00003a5a   0x00000022   Code   RO         3129    i._ZN10EaLcdBoard12checkVersionEPcj  ebb.lib(ealcdboard.o)
    0x00003a7c   0x000000dc   Code   RO         3130    i._ZN10EaLcdBoard12getLcdConfigEPN13LcdController6ConfigE  ebb.lib(ealcdboard.o)
    0x00003b58   0x00000020   Code   RO         3131    i._ZN10EaLcdBoard12set3V3SignalEb  ebb.lib(ealcdboard.o)
    0x00003b78   0x00000044   Code   RO         3134    i._ZN10EaLcdBoard14setFrameBufferEj  ebb.lib(ealcdboard.o)
    0x00003bbc   0x000000be   Code   RO         3136    i._ZN10EaLcdBoard15parseInitStringEPcPN13LcdController6ConfigE  ebb.lib(ealcdboard.o)
    0x00003c7a   0x0000002c   Code   RO         3137    i._ZN10EaLcdBoard15pca9532_setLedsEtt  ebb.lib(ealcdboard.o)
    0x00003ca6   0x0000002e   Code   RO         3141    i._ZN10EaLcdBoard20setBacklightContrastEj  ebb.lib(ealcdboard.o)
    0x00003cd4   0x00000036   Code   RO         3142    i._ZN10EaLcdBoard21pca9532_setBlink0DutyEh  ebb.lib(ealcdboard.o)
    0x00003d0a   0x00000018   Code   RO         3143    i._ZN10EaLcdBoard21pca9532_setBlink0LedsEt  ebb.lib(ealcdboard.o)
    0x00003d22   0x00000020   Code   RO         3144    i._ZN10EaLcdBoard22setDisplayEnableSignalEb  ebb.lib(ealcdboard.o)
    0x00003d42   0x00000022   Code   RO         3145    i._ZN10EaLcdBoard23pca9532_setBlink0PeriodEh  ebb.lib(ealcdboard.o)
    0x00003d64   0x0000004c   Code   RO         3146    i._ZN10EaLcdBoard4openEPN13LcdController6ConfigEPc  ebb.lib(ealcdboard.o)
    0x00003db0   0x0000006c   Code   RO         3148    i._ZN10EaLcdBoard7setLedsEv  ebb.lib(ealcdboard.o)
    0x00003e1c   0x00000028   Code   RO         3149    i._ZN10EaLcdBoard8getStoreEPNS_7store_tE  ebb.lib(ealcdboard.o)
    0x00003e44   0x0000001e   Code   RO         3150    i._ZN10EaLcdBoard9execDelayEPcj  ebb.lib(ealcdboard.o)
    0x00003e62   0x00000002   PAD
    0x00003e64   0x00000044   Code   RO         3151    i._ZN10EaLcdBoardC1E7PinNameS0_  ebb.lib(ealcdboard.o)
    0x00003ea8   0x00000034   Code   RO          605    i._ZN10QuaternionC1Ev  quaternion.o
    0x00003edc   0x0000003c   Code   RO          780    i._ZN10_CollisionC1Ev  physics.o
    0x00003f18   0x0000009c   Code   RO          777    i._ZN10_RigidBodyC1Ev  physics.o
    0x00003fb4   0x00000006   Code   RO         1341    i._ZN12Adafruit_GFX12setTextColorEtt  ebb.lib(adafruit_gfx.o)
    0x00003fba   0x0000002e   Code   RO         1343    i._ZN12Adafruit_GFX13drawFastVLineEssst  ebb.lib(adafruit_gfx.o)
    0x00003fe8   0x00000008   Code   RO         1349    i._ZN12Adafruit_GFX5widthEv  ebb.lib(adafruit_gfx.o)
    0x00003ff0   0x0000007a   Code   RO         1350    i._ZN12Adafruit_GFX5writeEh  ebb.lib(adafruit_gfx.o)
    0x0000406a   0x00000008   Code   RO         1351    i._ZN12Adafruit_GFX6heightEv  ebb.lib(adafruit_gfx.o)
    0x00004072   0x00000002   PAD
    0x00004074   0x00000104   Code   RO         1352    i._ZN12Adafruit_GFX8drawCharEsshtth  ebb.lib(adafruit_gfx.o)
    0x00004178   0x000000dc   Code   RO         1353    i._ZN12Adafruit_GFX8drawLineEsssst  ebb.lib(adafruit_gfx.o)
    0x00004254   0x00000036   Code   RO         1355    i._ZN12Adafruit_GFX8fillRectEsssst  ebb.lib(adafruit_gfx.o)
    0x0000428a   0x00000002   PAD
    0x0000428c   0x00000030   Code   RO         1357    i._ZN12Adafruit_GFXC2Ess  ebb.lib(adafruit_gfx.o)
    0x000042bc   0x00000018   Code   RO         4145    i._ZN13LcdController14setFrameBufferEj  ebb.lib(lcdcontroller.o)
    0x000042d4   0x0000003c   Code   RO         4146    i._ZN13LcdController15getClockDivisorEi  ebb.lib(lcdcontroller.o)
    0x00004310   0x000001c0   Code   RO         4147    i._ZN13LcdController4initEPNS_6ConfigE  ebb.lib(lcdcontroller.o)
    0x000044d0   0x00000048   Code   RO         4148    i._ZN13LcdController4openEPNS_6ConfigE  ebb.lib(lcdcontroller.o)
    0x00004518   0x00000060   Code   RO         2338    i._ZN13LcdController6ConfigC1EiiiiiiiibbbbiNS_12BitsPerPixelEiNS_8LcdPanelEb  ebb.lib(display.o)
    0x00004578   0x00000044   Code   RO         4150    i._ZN13LcdController8setPowerEb  ebb.lib(lcdcontroller.o)
    0x000045bc   0x0000015c   Code   RO         4151    i._ZN13LcdController9pinConfigEv  ebb.lib(lcdcontroller.o)
    0x00004718   0x00000006   Code   RO         4152    i._ZN13LcdControllerC1Ev  ebb.lib(lcdcontroller.o)
    0x0000471e   0x00000020   Code   RO         3005    i._ZN14EaLcdBoardGPIO11set5VSignalEb  ebb.lib(ealcdboardgpio.o)
    0x0000473e   0x00000020   Code   RO         3006    i._ZN14EaLcdBoardGPIO12set3V3SignalEb  ebb.lib(ealcdboardgpio.o)
    0x0000475e   0x00000002   Code   RO         3007    i._ZN14EaLcdBoardGPIO15setWriteProtectEb  ebb.lib(ealcdboardgpio.o)
    0x00004760   0x0000005c   Code   RO         3008    i._ZN14EaLcdBoardGPIO20setBacklightContrastEj  ebb.lib(ealcdboardgpio.o)
    0x000047bc   0x00000038   Code   RO         3009    i._ZN14EaLcdBoardGPIO22setDisplayEnableSignalEb  ebb.lib(ealcdboardgpio.o)
    0x000047f4   0x0000009c   Code   RO         3010    i._ZN14EaLcdBoardGPIOC1E7PinNameS0_  ebb.lib(ealcdboardgpio.o)
    0x00004890   0x0000001a   Code   RO         3059    i._ZN4mbed10DigitalOutC1E7PinName  ebb.lib(ealcdboardgpio.o)
    0x000048aa   0x00000002   PAD
    0x000048ac   0x0000005c   Code   RO         3053    i._ZN4mbed10DigitalOutaSEi  ebb.lib(ealcdboardgpio.o)
    0x00004908   0x0000003a   Code   RO         3538    i._ZN4mbed10FileHandle4flenEv  mbed.lib(filelike.o)
    0x00004942   0x00000010   Code   RO         1210    i._ZN4mbed10TimerEvent3irqEj  mbed.lib(timerevent.o)
    0x00004952   0x00000014   Code   RO         1211    i._ZN4mbed10TimerEvent6insertEj  mbed.lib(timerevent.o)
    0x00004966   0x0000000e   Code   RO         1212    i._ZN4mbed10TimerEvent6removeEv  mbed.lib(timerevent.o)
    0x00004974   0x0000002c   Code   RO         1214    i._ZN4mbed10TimerEventC2Ev  mbed.lib(timerevent.o)
    0x000049a0   0x00000018   Code   RO         1216    i._ZN4mbed10TimerEventD2Ev  mbed.lib(timerevent.o)
    0x000049b8   0x0000000e   Code   RO         3874    i._ZN4mbed26mbed_set_unbuffered_streamEPSt6__FILE  mbed.lib(retarget.o)
    0x000049c6   0x0000003a   Code   RO         2743    i._ZN4mbed3I2C4readEiPcib  mbed.lib(i2c.o)
    0x00004a00   0x0000003a   Code   RO         2747    i._ZN4mbed3I2C5writeEiPKcib  mbed.lib(i2c.o)
    0x00004a3a   0x00000002   PAD
    0x00004a3c   0x00000020   Code   RO         2748    i._ZN4mbed3I2C6aquireEv  mbed.lib(i2c.o)
    0x00004a5c   0x0000001c   Code   RO         2749    i._ZN4mbed3I2C9frequencyEi  mbed.lib(i2c.o)
    0x00004a78   0x0000002c   Code   RO         2750    i._ZN4mbed3I2CC1E7PinNameS1_  mbed.lib(i2c.o)
    0x00004aa4   0x00000006   Code   RO         2830    i._ZN4mbed6Stream4flenEv  mbed.lib(stream.o)
    0x00004aaa   0x00000006   Code   RO         2836    i._ZN4mbed6Stream5closeEv  mbed.lib(stream.o)
    0x00004ab0   0x00000006   Code   RO         2838    i._ZN4mbed6Stream5lseekEli  mbed.lib(stream.o)
    0x00004ab6   0x00000030   Code   RO         2840    i._ZN4mbed6Stream5writeEPKvj  mbed.lib(stream.o)
    0x00004ae6   0x00000006   Code   RO         2841    i._ZN4mbed6Stream6isattyEv  mbed.lib(stream.o)
    0x00004aec   0x00000048   Code   RO         2843    i._ZN4mbed6StreamC2EPKc  mbed.lib(stream.o)
    0x00004b34   0x00000022   Code   RO         1088    i._ZN4mbed6Ticker5setupEj  mbed.lib(ticker.o)
    0x00004b56   0x00000016   Code   RO         1089    i._ZN4mbed6Ticker6detachEv  mbed.lib(ticker.o)
    0x00004b6c   0x00000038   Code   RO         1090    i._ZN4mbed6Ticker7handlerEv  mbed.lib(ticker.o)
    0x00004ba4   0x00000006   Code   RO         4212    i._ZN4mbed8FileBase11getPathTypeEv  mbed.lib(filebase.o)
    0x00004baa   0x00000002   PAD
    0x00004bac   0x00000038   Code   RO         4214    i._ZN4mbed8FileBase6lookupEPKcj  mbed.lib(filebase.o)
    0x00004be4   0x00000028   Code   RO         4216    i._ZN4mbed8FileBaseC1EPKcNS_8PathTypeE  mbed.lib(filebase.o)
    0x00004c0c   0x0000002c   Code   RO         3506    i._ZN4mbed8FileLikeC2EPKc  mbed.lib(filelike.o)
    0x00004c38   0x00000014   Code   RO         4274    i._ZN4mbed8FilePath10fileSystemEv  mbed.lib(filepath.o)
    0x00004c4c   0x0000001c   Code   RO         4275    i._ZN4mbed8FilePath12isFileSystemEv  mbed.lib(filepath.o)
    0x00004c68   0x0000001e   Code   RO         4276    i._ZN4mbed8FilePath4fileEv  mbed.lib(filepath.o)
    0x00004c86   0x0000000e   Code   RO         4277    i._ZN4mbed8FilePath6existsEv  mbed.lib(filepath.o)
    0x00004c94   0x0000001c   Code   RO         4278    i._ZN4mbed8FilePath6isFileEv  mbed.lib(filepath.o)
    0x00004cb0   0x00000006   Code   RO         4279    i._ZN4mbed8FilePath8fileNameEv  mbed.lib(filepath.o)
    0x00004cb6   0x00000056   Code   RO         4280    i._ZN4mbed8FilePathC1EPKc  mbed.lib(filepath.o)
    0x00004d0c   0x0000001a   Code   RO           63    i._ZN4mbed9DigitalInC1E7PinName  main.o
    0x00004d26   0x00000026   Code   RO         3349    i._ZN5GFXFb10fillScreenEt  ebb.lib(gfxfb.o)
    0x00004d4c   0x00000068   Code   RO         3352    i._ZN5GFXFb13drawFastVLineEssst  ebb.lib(gfxfb.o)
    0x00004db4   0x00000046   Code   RO         3355    i._ZN5GFXFb9drawPixelEsst  ebb.lib(gfxfb.o)
    0x00004dfa   0x00000002   PAD
    0x00004dfc   0x00000028   Code   RO         3356    i._ZN5GFXFbC1EttPt  ebb.lib(gfxfb.o)
    0x00004e24   0x0000002c   Code   RO         2020    i._ZN5LM75BC1E7PinNameS0_NS_7AddressEi  ebb.lib(lm75b.o)
    0x00004e50   0x0000003c   Code   RO         2281    i._ZN7Display10theDisplayEv  ebb.lib(display.o)
    0x00004e8c   0x00000014   Code   RO         2283    i._ZN7Display5_putcEi  ebb.lib(display.o)
    0x00004ea0   0x00000150   Code   RO         2285    i._ZN7DisplayC1Ev   ebb.lib(display.o)
    0x00004ff0   0x00000024   Code   RO         1785    i._ZN7MMA7455C1E7PinNameS0_  ebb.lib(mma7455.o)
    0x00005014   0x00000028   Code   RO         4857    i._Znwj             cpprt_w.l(new.o)
    0x0000503c   0x00000030   Code   RO         5371    i.__ARM_fpclassify  m_wm.l(fpclassify.o)
    0x0000506c   0x00000024   Code   RO         4976    i.__aeabi_vec_ctor_nocookie_nodtor  cpprt_w.l(aeabi_vec_ctor_nocookie_nodtor.o)
    0x00005090   0x00000010   Code   RO         4864    i.__cxa_guard_acquire  cpprt_w.l(cxa_guard_acquire.o)
    0x000050a0   0x00000006   Code   RO         4861    i.__cxa_pure_virtual  cpprt_w.l(pure_virt.o)
    0x000050a6   0x00000006   Code   RO         3427    i.__reserved_stack_size  ebb.lib(sdram.o)
    0x000050ac   0x00000044   Code   RO         3428    i.__rt_heap_extend  ebb.lib(sdram.o)
    0x000050f0   0x00000030   Code   RO          646    i.__sti___11_Physics_cpp_Bodies  physics.o
    0x00005120   0x00000098   Code   RO            7    i.__sti___8_main_cpp_led1  main.o
    0x000051b8   0x00000030   Code   RO          920    i.__user_setup_stackheap  sys.o
    0x000051e8   0x00000026   Code   RO          982    i._gpio_init_in     mbed.lib(gpio.o)
    0x0000520e   0x00000034   Code   RO          983    i._gpio_init_out    mbed.lib(gpio.o)
    0x00005242   0x0000000e   Code   RO         4774    i._is_digit         c_w.l(__printf_wp.o)
    0x00005250   0x00000030   Code   RO         3877    i._sys_close        mbed.lib(retarget.o)
    0x00005280   0x0000002c   Code   RO         3880    i._sys_flen         mbed.lib(retarget.o)
    0x000052ac   0x0000002c   Code   RO         3881    i._sys_istty        mbed.lib(retarget.o)
    0x000052d8   0x00000130   Code   RO         3882    i._sys_open         mbed.lib(retarget.o)
    0x00005408   0x00000030   Code   RO         3884    i._sys_seek         mbed.lib(retarget.o)
    0x00005438   0x00000064   Code   RO         3885    i._sys_write        mbed.lib(retarget.o)
    0x0000549c   0x000000ac   Code   RO         1273    i.analogin_init     mbed.lib(analogin_api.o)
    0x00005548   0x00000020   Code   RO         2532    i.error             mbed.lib(error.o)
    0x00005568   0x00000020   Code   RO         3887    i.exit              mbed.lib(retarget.o)
    0x00005588   0x00000050   Code   RO          886    i.fpu_init          system_lpc407x_8x_177x_8x.o
    0x000055d8   0x0000001a   Code   RO         4801    i.fputc             c_w.l(fputc.o)
    0x000055f2   0x00000002   PAD
    0x000055f4   0x00000008   Code   RO         2675    i.get_us_ticker_data  mbed.lib(us_ticker_api.o)
    0x000055fc   0x00000090   Code   RO         2967    i.gpio_dir          mbed.lib(gpio_api.o)
    0x0000568c   0x00000038   Code   RO         2968    i.gpio_init         mbed.lib(gpio_api.o)
    0x000056c4   0x00000012   Code   RO          984    i.gpio_init_in      mbed.lib(gpio.o)
    0x000056d6   0x00000014   Code   RO          985    i.gpio_init_in_ex   mbed.lib(gpio.o)
    0x000056ea   0x00000012   Code   RO          987    i.gpio_init_out     mbed.lib(gpio.o)
    0x000056fc   0x00000016   Code   RO          988    i.gpio_init_out_ex  mbed.lib(gpio.o)
    0x00005712   0x00000012   Code   RO         2969    i.gpio_mode         mbed.lib(gpio_api.o)
    0x00005724   0x00000070   Code   RO         2970    i.gpio_set          mbed.lib(gpio_api.o)
    0x00005794   0x00000080   Code   RO          989    i.gpio_write        mbed.lib(gpio.o)
    0x00005814   0x00000080   Code   RO         4643    i.gpio_write        mbed.lib(board.o)
    0x00005894   0x00000016   Code   RO         3650    i.i2c_clear_SI      mbed.lib(i2c_api.o)
    0x000058aa   0x00000018   Code   RO         3651    i.i2c_conclr        mbed.lib(i2c_api.o)
    0x000058c2   0x00000018   Code   RO         3652    i.i2c_conset        mbed.lib(i2c_api.o)
    0x000058da   0x0000003e   Code   RO         3653    i.i2c_do_read       mbed.lib(i2c_api.o)
    0x00005918   0x00000020   Code   RO         3654    i.i2c_do_write      mbed.lib(i2c_api.o)
    0x00005938   0x0000001c   Code   RO         3655    i.i2c_frequency     mbed.lib(i2c_api.o)
    0x00005954   0x00000144   Code   RO         3656    i.i2c_init          mbed.lib(i2c_api.o)
    0x00005a98   0x000000b0   Code   RO         3657    i.i2c_read          mbed.lib(i2c_api.o)
    0x00005b48   0x00000048   Code   RO         3766    i.i2c_start         mbed.lib(i2c_api.o)
    0x00005b90   0x00000008   Code   RO         3664    i.i2c_status        mbed.lib(i2c_api.o)
    0x00005b98   0x00000040   Code   RO         3772    i.i2c_stop          mbed.lib(i2c_api.o)
    0x00005bd8   0x00000028   Code   RO         3665    i.i2c_wait_SI       mbed.lib(i2c_api.o)
    0x00005c00   0x00000082   Code   RO         3666    i.i2c_write         mbed.lib(i2c_api.o)
    0x00005c82   0x00000002   PAD
    0x00005c84   0x000000ac   Code   RO            8    i.main              main.o
    0x00005d30   0x0000004c   Code   RO          962    i.mbed_assert_internal  mbed.lib(assert.o)
    0x00005d7c   0x00000074   Code   RO         4644    i.mbed_die          mbed.lib(board.o)
    0x00005df0   0x00000002   Code   RO         3888    i.mbed_main         mbed.lib(retarget.o)
    0x00005df2   0x00000002   Code   RO         3889    i.mbed_sdk_init     mbed.lib(retarget.o)
    0x00005df4   0x00000074   Code   RO         3571    i.pin_function      mbed.lib(pinmap.o)
    0x00005e68   0x0000008c   Code   RO         3572    i.pin_mode          mbed.lib(pinmap.o)
    0x00005ef4   0x00000020   Code   RO         2570    i.pinmap_find_peripheral  mbed.lib(pinmap_common.o)
    0x00005f14   0x00000040   Code   RO         2572    i.pinmap_merge      mbed.lib(pinmap_common.o)
    0x00005f54   0x0000004c   Code   RO         2573    i.pinmap_peripheral  mbed.lib(pinmap_common.o)
    0x00005fa0   0x00000054   Code   RO         2574    i.pinmap_pinout     mbed.lib(pinmap_common.o)
    0x00005ff4   0x000000f4   Code   RO         3790    i.pwmout_init       mbed.lib(pwmout_api.o)
    0x000060e8   0x00000016   Code   RO         3792    i.pwmout_period_ms  mbed.lib(pwmout_api.o)
    0x000060fe   0x00000002   PAD
    0x00006100   0x00000044   Code   RO         3793    i.pwmout_period_us  mbed.lib(pwmout_api.o)
    0x00006144   0x00000068   Code   RO         3798    i.pwmout_write      mbed.lib(pwmout_api.o)
    0x000061ac   0x00000144   Code   RO         4478    i.serial_baud       mbed.lib(serial_api.o)
    0x000062f0   0x000000fc   Code   RO         4482    i.serial_format     mbed.lib(serial_api.o)
    0x000063ec   0x000001ac   Code   RO         4485    i.serial_init       mbed.lib(serial_api.o)
    0x00006598   0x00000018   Code   RO         4489    i.serial_putc       mbed.lib(serial_api.o)
    0x000065b0   0x0000000c   Code   RO         4491    i.serial_writable   mbed.lib(serial_api.o)
    0x000065bc   0x00000050   Code   RO         2620    i.ticker_insert_event  mbed.lib(ticker_api.o)
    0x0000660c   0x0000005a   Code   RO         2621    i.ticker_irq_handler  mbed.lib(ticker_api.o)
    0x00006666   0x0000000c   Code   RO         2622    i.ticker_read       mbed.lib(ticker_api.o)
    0x00006672   0x00000052   Code   RO         2623    i.ticker_remove_event  mbed.lib(ticker_api.o)
    0x000066c4   0x00000012   Code   RO         2624    i.ticker_set_handler  mbed.lib(ticker_api.o)
    0x000066d6   0x00000002   PAD
    0x000066d8   0x0000000c   Code   RO         3597    i.us_ticker_clear_interrupt  mbed.lib(us_ticker.o)
    0x000066e4   0x00000014   Code   RO         3598    i.us_ticker_disable_interrupt  mbed.lib(us_ticker.o)
    0x000066f8   0x00000074   Code   RO         3599    i.us_ticker_init    mbed.lib(us_ticker.o)
    0x0000676c   0x00000010   Code   RO         2676    i.us_ticker_irq_handler  mbed.lib(us_ticker_api.o)
    0x0000677c   0x0000001c   Code   RO         3600    i.us_ticker_read    mbed.lib(us_ticker.o)
    0x00006798   0x00000014   Code   RO         3601    i.us_ticker_set_interrupt  mbed.lib(us_ticker.o)
    0x000067ac   0x00000028   Code   RO         2707    i.wait              mbed.lib(wait_api.o)
    0x000067d4   0x00000012   Code   RO         2708    i.wait_ms           mbed.lib(wait_api.o)
    0x000067e6   0x00000018   Code   RO         2709    i.wait_us           mbed.lib(wait_api.o)
    0x000067fe   0x00000002   PAD
    0x00006800   0x0000002c   Code   RO         5634    locale$$code        c_w.l(lc_numeric_c.o)
    0x0000682c   0x0000002c   Code   RO         5695    locale$$code        c_w.l(lc_ctype_c.o)
    0x00006858   0x00000008   Code   RO           57    t._ZN4mbed19FunctionPointerArg1IvvE6attachEPFvvE  main.o
    0x00006860   0x0000000a   Code   RO         5585    x$fpl$fpinit        fz_wm.l(fpinit.o)
    0x0000686a   0x00000004   Code   RO         5329    x$fpl$printf1       fz_wm.l(printf1.o)
    0x0000686e   0x00000004   Code   RO         5331    x$fpl$printf2       fz_wm.l(printf2.o)
    0x00006872   0x00000000   Code   RO         5339    x$fpl$usenofp       fz_wm.l(usenofp.o)
    0x00006872   0x00000002   PAD
    0x00006874   0x0000006c   Data   RO         1277    .constdata          mbed.lib(analogin_api.o)
    0x000068e0   0x000004fb   Data   RO         1386    .constdata          ebb.lib(adafruit_gfx.o)
    0x00006ddb   0x00000001   PAD
    0x00006ddc   0x0000001c   Data   RO         2677    .constdata          mbed.lib(us_ticker_api.o)
    0x00006df8   0x00000128   Data   RO         3667    .constdata          mbed.lib(i2c_api.o)
    0x00006f20   0x00000190   Data   RO         3799    .constdata          mbed.lib(pwmout_api.o)
    0x000070b0   0x00000017   Data   RO         3931    .constdata          mbed.lib(retarget.o)
    0x000070c7   0x00000001   PAD
    0x000070c8   0x0000012c   Data   RO         4499    .constdata          mbed.lib(serial_api.o)
    0x000071f4   0x00000028   Data   RO         4762    .constdata          c_w.l(_printf_hex_int_ll_ptr.o)
    0x0000721c   0x00000011   Data   RO         4782    .constdata          c_w.l(__printf_flags_ss_wp.o)
    0x0000722d   0x00000003   PAD
    0x00007230   0x00000008   Data   RO         5155    .constdata          c_w.l(_printf_wctomb.o)
    0x00007238   0x00000026   Data   RO         5459    .constdata          c_w.l(_printf_fp_hex.o)
    0x0000725e   0x00000002   PAD
    0x00007260   0x00000094   Data   RO         5607    .constdata          c_w.l(bigflt0.o)
    0x000072f4   0x0000001c   Data   RO         3327    .constdata__ZTV10EaLcdBoard  ebb.lib(ealcdboard.o)
    0x00007310   0x0000002c   Data   RO         1526    .constdata__ZTV12Adafruit_GFX  ebb.lib(adafruit_gfx.o)
    0x0000733c   0x0000001c   Data   RO         3052    .constdata__ZTV14EaLcdBoardGPIO  ebb.lib(ealcdboardgpio.o)
    0x00007358   0x0000002c   Data   RO         3408    .constdata__ZTV5GFXFb  ebb.lib(gfxfb.o)
    0x00007384   0x00000070   Data   RO         2337    .constdata__ZTV7Display  ebb.lib(display.o)
    0x000073f4   0x0000002c   Data   RO         4097    .constdata__ZTVN4mbed10FileHandleE  mbed.lib(retarget.o)
    0x00007420   0x00000014   Data   RO         1260    .constdata__ZTVN4mbed10TimerEventE  mbed.lib(timerevent.o)
    0x00007434   0x00000044   Data   RO         2941    .constdata__ZTVN4mbed6StreamE  mbed.lib(stream.o)
    0x00007478   0x00000014   Data   RO         1116    .constdata__ZTVN4mbed6TickerE  mbed.lib(ticker.o)
    0x0000748c   0x00000010   Data   RO         4263    .constdata__ZTVN4mbed8FileBaseE  mbed.lib(filebase.o)
    0x0000749c   0x0000003c   Data   RO         3537    .constdata__ZTVN4mbed8FileLikeE  mbed.lib(filelike.o)
    0x000074d8   0x00000048   Data   RO           16    .conststring        main.o
    0x00007520   0x00000044   Data   RO         1278    .conststring        mbed.lib(analogin_api.o)
    0x00007564   0x00000042   Data   RO         3800    .conststring        mbed.lib(pwmout_api.o)
    0x000075a6   0x00000002   PAD
    0x000075a8   0x000000c6   Data   RO         4500    .conststring        mbed.lib(serial_api.o)
    0x0000766e   0x00000002   PAD
    0x00007670   0x00000000   Data   RO         5745    Region$$Table       anon$$obj.o
    0x00007670   0x0000001c   Data   RO         5633    locale$$data        c_w.l(lc_numeric_c.o)
    0x0000768c   0x00000110   Data   RO         5694    locale$$data        c_w.l(lc_ctype_c.o)
    0x0000779c   0x00000004   Data   RO           18    .init_array         main.o
    0x000077a0   0x00000004   Data   RO          659    .init_array         physics.o
    0x000077a4   0x00000000   Data   RO         4849    .init_array         c_w.l(init_aeabi.o)


    Execution Region RW_IRAM1 (Base: 0x100000e8, Size: 0x00001364, Max: 0x0000ff18, ABSOLUTE)

    Base Addr    Size         Type   Attr      Idx    E Section Name        Object

    0x100000e8   0x00000034   Data   RW           17    .data               main.o
    0x1000011c   0x00000010   Data   RW          887    .data               system_lpc407x_8x_177x_8x.o
    0x1000012c   0x00000008   Data   RW         2299    .data               ebb.lib(display.o)
    0x10000134   0x00000008   Data   RW         2678    .data               mbed.lib(us_ticker_api.o)
    0x1000013c   0x00000004   Data   RW         2760    .data               mbed.lib(i2c.o)
    0x10000140   0x00000010   Data   RW         3439    .data               ebb.lib(sdram.o)
    0x10000150   0x00000004   Data   RW         3602    .data               mbed.lib(us_ticker.o)
    0x10000154   0x00000004   Data   RW         3801    .data               mbed.lib(pwmout_api.o)
    0x10000158   0x00000001   Data   RW         4161    .data               ebb.lib(lcdcontroller.o)
    0x10000159   0x00000003   PAD
    0x1000015c   0x00000004   Data   RW         4226    .data               mbed.lib(filebase.o)
    0x10000160   0x00000010   Data   RW         4501    .data               mbed.lib(serial_api.o)
    0x10000170   0x00000004   Data   RW         4813    .data               c_w.l(stdio_streams.o)
    0x10000174   0x00000004   Data   RW         4814    .data               c_w.l(stdio_streams.o)
    0x10000178   0x00000004   Data   RW         4815    .data               c_w.l(stdio_streams.o)
    0x1000017c   0x000000c0   Zero   RW           15    .bss                main.o
    0x1000023c   0x00000cb0   Zero   RW          657    .bss                physics.o
    0x10000eec   0x00000400   Zero   RW         3184    .bss                ebb.lib(ealcdboard.o)
    0x100012ec   0x00000040   Zero   RW         3930    .bss                mbed.lib(retarget.o)
    0x1000132c   0x00000054   Zero   RW         4810    .bss                c_w.l(stdio_streams.o)
    0x10001380   0x00000054   Zero   RW         4811    .bss                c_w.l(stdio_streams.o)
    0x100013d4   0x00000054   Zero   RW         4812    .bss                c_w.l(stdio_streams.o)
    0x10001428   0x00000004   Zero   RW         5105    .bss                c_w.l(rt_heap_descriptor.o)
    0x1000142c   0x00000004   Zero   RW         5110    .bss                c_w.l(rt_new_handler_addr.o)
    0x10001430   0x00000004   Zero   RW         5440    .bss                c_w.l(rt_errno_addr.o)
    0x10001434   0x00000014   Zero   RW         5593    .bss                c_w.l(rt_locale.o)
    0x10001448   0x00000004   Zero   RW         5598    .bss                c_w.l(rt_eh_globals_addr.o)


    Execution Region RW_IRAM2 (Base: 0x20000000, Size: 0x00000000, Max: 0x00004000, ABSOLUTE)

    **** No section assigned to this execution region ****


    Execution Region RW_IRAM3 (Base: 0x20004000, Size: 0x00000000, Max: 0x00004000, ABSOLUTE)

    **** No section assigned to this execution region ****



  Load Region LR_IROM2 (Base: 0x28000000, Size: 0x00000000, Max: 0x01000000, ABSOLUTE)

    Execution Region ER_IROM2 (Base: 0x28000000, Size: 0x00000000, Max: 0x01000000, ABSOLUTE)

    **** No section assigned to this execution region ****

