Component: ARM Compiler 5.06 update 3 (build 300) Tool: armlink [4d35c9]

==============================================================================

Section Cross References

    main.o(i._Z11RandomFloatff) refers to rand.o(.emb_text) for rand
    main.o(i._Z12timerHandlerv) refers to main.o(i._Z9gpio_readP6gpio_t) for gpio_read(gpio_t*)
    main.o(i._Z12timerHandlerv) refers to assert.o(i.mbed_assert_internal) for mbed_assert_internal
    main.o(i._Z12timerHandlerv) refers to main.o(.data) for tickCt
    main.o(i._Z12timerHandlerv) refers to main.o(.bss) for led1
    main.o(i._Z12timerHandlerv) refers to main.o(.conststring) for .conststring
    main.o(i._Z13jsPrsdAndRlsd7btnId_t) refers to main.o(i._Z9gpio_readP6gpio_t) for gpio_read(gpio_t*)
    main.o(i._Z13jsPrsdAndRlsd7btnId_t) refers to main.o(.bss) for jsBtns
    main.o(i._Z13jsPrsdAndRlsd7btnId_t) refers to main.o(.data) for savedState
    main.o(i._Z15initializeBallsv) refers to rand.o(.emb_text) for rand
    main.o(i._Z15initializeBallsv) refers to main.o(i._Z11RandomFloatff) for RandomFloat(float, float)
    main.o(i._Z15initializeBallsv) refers to main.o(.bss) for balls
    main.o(i._Z7accInitR7MMA7455) refers to mma7455.o(i._ZN7MMA74557setModeENS_4ModeE) for MMA7455::setMode(MMA7455::Mode)
    main.o(i._Z7accInitR7MMA7455) refers to mma7455.o(i._ZN7MMA74559calibrateEv) for MMA7455::calibrate()
    main.o(i._Z9drawBallsv) refers to adafruit_gfx.o(i._ZN12Adafruit_GFX10fillCircleEssst) for Adafruit_GFX::fillCircle(short, short, short, unsigned short)
    main.o(i._Z9drawBallsv) refers to main.o(.bss) for balls
    main.o(i._Z9drawBallsv) refers to main.o(.data) for screen
    main.o(i._Z9gpio_readP6gpio_t) refers to assert.o(i.mbed_assert_internal) for mbed_assert_internal
    main.o(i._Z9gpio_readP6gpio_t) refers to main.o(.conststring) for .conststring
    main.o(i._Z9moveballsv) refers to adafruit_gfx.o(i._ZN12Adafruit_GFX10fillCircleEssst) for Adafruit_GFX::fillCircle(short, short, short, unsigned short)
    main.o(i._Z9moveballsv) refers to main.o(i._Z11hitBoundaryP4Ball) for hitBoundary(Ball*)
    main.o(i._Z9moveballsv) refers to main.o(.bss) for balls
    main.o(i._Z9moveballsv) refers to main.o(.data) for screen
    main.o(i.__sti___8_main_cpp_led1) refers to rt_memclr_w.o(.text) for __aeabi_memclr4
    main.o(i.__sti___8_main_cpp_led1) refers to gpio.o(i.gpio_init_out) for gpio_init_out
    main.o(i.__sti___8_main_cpp_led1) refers to main.o(i._ZN4mbed9DigitalInC1E7PinName) for mbed::DigitalIn::DigitalIn(PinName)
    main.o(i.__sti___8_main_cpp_led1) refers to analogin_api.o(i.analogin_init) for analogin_init
    main.o(i.__sti___8_main_cpp_led1) refers to mma7455.o(i._ZN7MMA7455C1E7PinNameS0_) for MMA7455::MMA7455(PinName, PinName)
    main.o(i.__sti___8_main_cpp_led1) refers to lm75b.o(i._ZN5LM75BC1E7PinNameS0_NS_7AddressEi) for LM75B::LM75B(PinName, PinName, LM75B::Address, int)
    main.o(i.__sti___8_main_cpp_led1) refers to display.o(i._ZN7Display10theDisplayEv) for Display::theDisplay()
    main.o(i.__sti___8_main_cpp_led1) refers to main.o(.bss) for led1
    main.o(i.__sti___8_main_cpp_led1) refers to main.o(.data) for pot
    main.o(i.main) refers to adafruit_gfx.o(i._ZN12Adafruit_GFX12setTextColorEtt) for Adafruit_GFX::setTextColor(unsigned short, unsigned short)
    main.o(i.main) refers to timerevent.o(i._ZN4mbed10TimerEventC2Ev) for mbed::TimerEvent::TimerEvent__sub_object()
    main.o(i.main) refers to main.o(t._ZN4mbed19FunctionPointerArg1IvvE6attachEPFvvE) for mbed::FunctionPointerArg1<void, void>::attach(void(*)())
    main.o(i.main) refers to ticker.o(i._ZN4mbed6Ticker5setupEj) for mbed::Ticker::setup(unsigned)
    main.o(i.main) refers to adafruit_gfx.o(i._ZN12Adafruit_GFX13fillRoundRectEssssst) for Adafruit_GFX::fillRoundRect(short, short, short, short, short, unsigned short)
    main.o(i.main) refers to main.o(i._Z15initializeBallsv) for initializeBalls()
    main.o(i.main) refers to main.o(i._Z9moveballsv) for moveballs()
    main.o(i.main) refers to wait_api.o(i.wait) for wait
    main.o(i.main) refers to main.o(.data) for screen
    main.o(i.main) refers to ticker.o(.constdata__ZTVN4mbed6TickerE) for vtable for mbed::Ticker
    main.o(i.main) refers to main.o(i._Z12timerHandlerv) for timerHandler()
    main.o(.ARM.exidx) refers to main.o(i._Z9gpio_readP6gpio_t) for i._Z9gpio_readP6gpio_t
    main.o(.ARM.exidx) refers to main.o(i._Z11RandomFloatff) for i._Z11RandomFloatff
    main.o(.ARM.exidx) refers to main.o(i._Z15initializeBallsv) for i._Z15initializeBallsv
    main.o(.ARM.exidx) refers to main.o(i._Z9drawBallsv) for i._Z9drawBallsv
    main.o(.ARM.exidx) refers to main.o(i._Z11hitBoundaryP4Ball) for i._Z11hitBoundaryP4Ball
    main.o(.ARM.exidx) refers to main.o(i._Z9moveballsv) for i._Z9moveballsv
    main.o(.ARM.exidx) refers to main.o(i._Z12timerHandlerv) for i._Z12timerHandlerv
    main.o(.ARM.exidx) refers to main.o(i.main) for i.main
[...]
    _fflush                                  0x000013ed   Thumb Code    70  stdio.o(.text)
    _deferredlazyseek                        0x00001433   Thumb Code    60  stdio.o(.text)
    _initio                                  0x00001475   Thumb Code   210  initio.o(.text)
    _terminateio                             0x00001547   Thumb Code    56  initio.o(.text)
    __rt_SIGPVFN                             0x000015ad   Thumb Code    14  defsig_pvfn_outer.o(.text)
    __default_new_handler()                  0x000015bb   Thumb Code     4  arm_newhandler_noexceptions.o(.text)
    __Heap_ProvideMemory                     0x000015bf   Thumb Code    52  h1_extend.o(.text)
    _ll_udiv10                               0x000015f3   Thumb Code   138  lludiv10.o(.text)
    isspace                                  0x0000167d   Thumb Code    18  isspace.o(.text)
    __lib_sel_fp_printf                      0x0000168f   Thumb Code     2  _printf_fp_dec.o(.text)
    _printf_fp_dec_real                      0x0000183d   Thumb Code   620  _printf_fp_dec.o(.text)
    _printf_fp_hex_real                      0x00001aa9   Thumb Code   756  _printf_fp_hex.o(.text)
    _printf_cs_common                        0x00001da5   Thumb Code    20  _printf_char.o(.text)
    _printf_char                             0x00001db9   Thumb Code    16  _printf_char.o(.text)
    _printf_string                           0x00001dc9   Thumb Code     8  _printf_char.o(.text)
    _printf_lcs_common                       0x00001dd1   Thumb Code    20  _printf_wchar.o(.text)
    _printf_wchar                            0x00001de5   Thumb Code    16  _printf_wchar.o(.text)
    _printf_wstring                          0x00001df5   Thumb Code     8  _printf_wchar.o(.text)
    __vfscanf                                0x00001dfd   Thumb Code   878  _scanf.o(.text)
    _ftell_internal                          0x00002171   Thumb Code    66  ftell.o(.text)
    ftell                                    0x00002171   Thumb Code     0  ftell.o(.text)
    _wcrtomb                                 0x000021b3   Thumb Code    64  _wcrtomb.o(.text)
    __sig_exit                               0x000021f3   Thumb Code    10  defsig_exit.o(.text)
    __rt_SIGRTRED                            0x000021fd   Thumb Code    14  defsig_rtred_outer.o(.text)
    __rt_SIGRTMEM                            0x0000220b   Thumb Code    14  defsig_rtmem_outer.o(.text)
    __rt_SIGPVFN_inner                       0x00002219   Thumb Code    14  defsig_pvfn_inner.o(.text)
    __rt_heap_escrow                         0x00002249   Thumb Code     2  heapauxmm.o(.text)
    __rt_heap_expand                         0x0000224b   Thumb Code     6  heapauxmm.o(.text)
    std::terminate()                         0x00002251   Thumb Code    26  arm_exceptions_terminate.o(.text)
    __cxa_get_globals                        0x00002273   Thumb Code    62  arm_exceptions_globs.o(.text)
    _sys_exit                                0x000022bd   Thumb Code     8  sys_exit.o(.text)
    __rt_ctype_table                         0x000022c9   Thumb Code    16  rt_ctype_table.o(.text)
    __rt_locale                              0x000022d9   Thumb Code     8  rt_locale.o(.text)
    __rt_eh_globals_addr                     0x000022e1   Thumb Code     8  rt_eh_globals_addr.o(.text)
    __aeabi_errno_addr                       0x000022e9   Thumb Code     8  rt_errno_addr.o(.text)
    __errno                                  0x000022e9   Thumb Code     0  rt_errno_addr.o(.text)
    __rt_errno_addr                          0x000022e9   Thumb Code     0  rt_errno_addr.o(.text)
    _printf_fp_infnan                        0x000022f1   Thumb Code   112  _printf_fp_infnan.o(.text)
    _btod_etento                             0x00002371   Thumb Code   216  bigflt0.o(.text)
    abort                                    0x0000244d   Thumb Code    22  abort.o(.text)
    __default_signal_display                 0x00002463   Thumb Code    50  defsig_general.o(.text)
    __rt_SIGRTRED_inner                      0x00002495   Thumb Code    14  defsig_rtred_inner.o(.text)
    __rt_SIGRTMEM_inner                      0x000024c9   Thumb Code    22  defsig_rtmem_inner.o(.text)
    __ARM_exceptions_buffer_init             0x00002519   Thumb Code    18  arm_exceptions_mem.o(.text)
    __ARM_exceptions_buffer_allocate         0x0000252b   Thumb Code    22  arm_exceptions_mem.o(.text)
    __ARM_exceptions_buffer_free             0x00002541   Thumb Code    20  arm_exceptions_mem.o(.text)
    _ttywrch                                 0x00002555   Thumb Code    14  sys_wrch.o(.text)
    __I$use$semihosting                      0x00002563   Thumb Code     0  use_no_semi.o(.text)
    __use_no_semihosting_swi                 0x00002563   Thumb Code     2  use_no_semi.o(.text)
    __rt_SIGABRT                             0x00002565   Thumb Code    14  defsig_abrt_outer.o(.text)
    __semihosting_library_function           0x00002565   Thumb Code     0  indicate_semi.o(.text)
    __rt_SIGABRT_inner                       0x00002575   Thumb Code    14  defsig_abrt_inner.o(.text)
    _btod_d2e                                0x000025a5   Thumb Code    62  btod.o(CL$$btod_d2e)
    _d2e_denorm_low                          0x000025e3   Thumb Code    70  btod.o(CL$$btod_d2e_denorm_low)
    _d2e_norm_op1                            0x00002629   Thumb Code    96  btod.o(CL$$btod_d2e_norm_op1)
    __btod_div_common                        0x00002689   Thumb Code   696  btod.o(CL$$btod_div_common)
    _e2e                                     0x000029c1   Thumb Code   198  btod.o(CL$$btod_e2e)
    _btod_ediv                               0x00002a87   Thumb Code    40  btod.o(CL$$btod_ediv)
    _btod_emul                               0x00002aaf   Thumb Code    40  btod.o(CL$$btod_emul)
    __btod_mult_common                       0x00002ad7   Thumb Code   580  btod.o(CL$$btod_mult_common)
    main                                     0x00002d1b   Thumb Code    16  retarget.o(i.$Sub$$main)
    NVIC_SetVector                           0x00002d2d   Thumb Code    58  cmsis_nvic.o(i.NVIC_SetVector)
    SystemCoreClockUpdate                    0x00002d6d   Thumb Code   696  system_lpc407x_8x_177x_8x.o(i.SystemCoreClockUpdate)
    SystemInit                               0x00003041   Thumb Code   220  system_lpc407x_8x_177x_8x.o(i.SystemInit)
    sdram_init()                             0x0000312d   Thumb Code   216  sdram.o(i._Z10sdram_initv)
    RandomFloat(float, float)                0x00003285   Thumb Code    64  main.o(i._Z11RandomFloatff)
    hitBoundary(Ball*)                       0x00003395   Thumb Code    98  main.o(i._Z11hitBoundaryP4Ball)
    timerHandler()                           0x00003449   Thumb Code    96  main.o(i._Z12timerHandlerv)
    adjust_timing()                          0x000034cd   Thumb Code    76  sdram.o(i._Z13adjust_timingv)
    initializeBalls()                        0x000035a9   Thumb Code   124  main.o(i._Z15initializeBallsv)
    moveballs()                              0x00003675   Thumb Code   178  main.o(i._Z9moveballsv)
    EaLcdBoard::eepromRead(unsigned char*, unsigned short, unsigned short) 0x00003a8f   Thumb Code   126  ealcdboard.o(i._ZN10EaLcdBoard10eepromReadEPhtt)
    EaLcdBoard::execPinSet(char*, unsigned)  0x00003b0d   Thumb Code   190  ealcdboard.o(i._ZN10EaLcdBoard10execPinSetEPcj)
    EaLcdBoard::getInitSeq(char*, int)       0x00003be9   Thumb Code    82  ealcdboard.o(i._ZN10EaLcdBoard10getInitSeqEPci)
    EaLcdBoard::execSeqCtrl(char*, unsigned) 0x00003c41   Thumb Code   132  ealcdboard.o(i._ZN10EaLcdBoard11execSeqCtrlEPcj)
    EaLcdBoard::set5VSignal(bool)            0x00003cc5   Thumb Code    32  ealcdboard.o(i._ZN10EaLcdBoard11set5VSignalEb)
    EaLcdBoard::setLsStates(unsigned short, unsigned char*, unsigned char) 0x00003ce5   Thumb Code    62  ealcdboard.o(i._ZN10EaLcdBoard11setLsStatesEtPhh)
    EaLcdBoard::checkVersion(char*, unsigned) 0x00003d23   Thumb Code    34  ealcdboard.o(i._ZN10EaLcdBoard12checkVersionEPcj)
    EaLcdBoard::getLcdConfig(LcdController::Config*) 0x00003d45   Thumb Code   214  ealcdboard.o(i._ZN10EaLcdBoard12getLcdConfigEPN13LcdController6ConfigE)
    EaLcdBoard::set3V3Signal(bool)           0x00003e21   Thumb Code    32  ealcdboard.o(i._ZN10EaLcdBoard12set3V3SignalEb)
    EaLcdBoard::setFrameBuffer(unsigned)     0x00003e41   Thumb Code    68  ealcdboard.o(i._ZN10EaLcdBoard14setFrameBufferEj)
    EaLcdBoard::parseInitString(char*, LcdController::Config*) 0x00003e85   Thumb Code   190  ealcdboard.o(i._ZN10EaLcdBoard15parseInitStringEPcPN13LcdController6ConfigE)
    EaLcdBoard::pca9532_setLeds(unsigned short, unsigned short) 0x00003f43   Thumb Code    44  ealcdboard.o(i._ZN10EaLcdBoard15pca9532_setLedsEtt)
    EaLcdBoard::setBacklightContrast(unsigned) 0x00003f6f   Thumb Code    46  ealcdboard.o(i._ZN10EaLcdBoard20setBacklightContrastEj)
    EaLcdBoard::pca9532_setBlink0Duty(unsigned char) 0x00003f9d   Thumb Code    54  ealcdboard.o(i._ZN10EaLcdBoard21pca9532_setBlink0DutyEh)
    EaLcdBoard::pca9532_setBlink0Leds(unsigned short) 0x00003fd3   Thumb Code    24  ealcdboard.o(i._ZN10EaLcdBoard21pca9532_setBlink0LedsEt)
    EaLcdBoard::setDisplayEnableSignal(bool) 0x00003feb   Thumb Code    32  ealcdboard.o(i._ZN10EaLcdBoard22setDisplayEnableSignalEb)
    EaLcdBoard::pca9532_setBlink0Period(unsigned char) 0x0000400b   Thumb Code    34  ealcdboard.o(i._ZN10EaLcdBoard23pca9532_setBlink0PeriodEh)
    EaLcdBoard::open(LcdController::Config*, char*) 0x0000402d   Thumb Code    70  ealcdboard.o(i._ZN10EaLcdBoard4openEPN13LcdController6ConfigEPc)
    EaLcdBoard::setLeds()                    0x00004079   Thumb Code   108  ealcdboard.o(i._ZN10EaLcdBoard7setLedsEv)
    EaLcdBoard::getStore(EaLcdBoard::store_t*) 0x000040e5   Thumb Code    40  ealcdboard.o(i._ZN10EaLcdBoard8getStoreEPNS_7store_tE)
    EaLcdBoard::execDelay(char*, unsigned)   0x0000410d   Thumb Code    30  ealcdboard.o(i._ZN10EaLcdBoard9execDelayEPcj)
    EaLcdBoard::EaLcdBoard(PinName, PinName) 0x0000412d   Thumb Code    64  ealcdboard.o(i._ZN10EaLcdBoardC1E7PinNameS0_)
    EaLcdBoard::EaLcdBoard__sub_object(PinName, PinName) 0x0000412d   Thumb Code     0  ealcdboard.o(i._ZN10EaLcdBoardC1E7PinNameS0_)
    Adafruit_GFX::fillCircle(short, short, short, unsigned short) 0x00004171   Thumb Code    64  adafruit_gfx.o(i._ZN12Adafruit_GFX10fillCircleEssst)
    Adafruit_GFX::setTextColor(unsigned short, unsigned short) 0x000041b1   Thumb Code     6  adafruit_gfx.o(i._ZN12Adafruit_GFX12setTextColorEtt)
    Adafruit_GFX::drawFastVLine(short, short, short, unsigned short) 0x000041b7   Thumb Code    46  adafruit_gfx.o(i._ZN12Adafruit_GFX13drawFastVLineEssst)
    Adafruit_GFX::fillRoundRect(short, short, short, short, short, unsigned short) 0x000041e5   Thumb Code   126  adafruit_gfx.o(i._ZN12Adafruit_GFX13fillRoundRectEssssst)
    Adafruit_GFX::fillCircleHelper(short, short, short, unsigned char, short, unsigned short) 0x00004263   Thumb Code   246  adafruit_gfx.o(i._ZN12Adafruit_GFX16fillCircleHelperEssshst)
    Adafruit_GFX::width()                    0x00004359   Thumb Code     8  adafruit_gfx.o(i._ZN12Adafruit_GFX5widthEv)
    Adafruit_GFX::write(unsigned char)       0x00004361   Thumb Code   122  adafruit_gfx.o(i._ZN12Adafruit_GFX5writeEh)
    Adafruit_GFX::height()                   0x000043db   Thumb Code     8  adafruit_gfx.o(i._ZN12Adafruit_GFX6heightEv)
    Adafruit_GFX::drawChar(short, short, unsigned char, unsigned short, unsigned short, unsigned char) 0x000043e5   Thumb Code   256  adafruit_gfx.o(i._ZN12Adafruit_GFX8drawCharEsshtth)
    Adafruit_GFX::drawLine(short, short, short, short, unsigned short) 0x000044e9   Thumb Code   220  adafruit_gfx.o(i._ZN12Adafruit_GFX8drawLineEsssst)
    Adafruit_GFX::fillRect(short, short, short, short, unsigned short) 0x000045c5   Thumb Code    54  adafruit_gfx.o(i._ZN12Adafruit_GFX8fillRectEsssst)
    Adafruit_GFX::Adafruit_GFX__sub_object(short, short) 0x000045fd   Thumb Code    42  adafruit_gfx.o(i._ZN12Adafruit_GFXC2Ess)
    LcdController::setFrameBuffer(unsigned)  0x0000462d   Thumb Code    18  lcdcontroller.o(i._ZN13LcdController14setFrameBufferEj)
    LcdController::getClockDivisor(int)      0x00004645   Thumb Code    56  lcdcontroller.o(i._ZN13LcdController15getClockDivisorEi)
    LcdController::init(LcdController::Config*) 0x00004681   Thumb Code   436  lcdcontroller.o(i._ZN13LcdController4initEPNS_6ConfigE)
    LcdController::open(LcdController::Config*) 0x00004841   Thumb Code    64  lcdcontroller.o(i._ZN13LcdController4openEPNS_6ConfigE)
    LcdController::Config::Config(int, int, int, int, int, int, int, int, bool, bool, bool, bool, int, LcdController::BitsPerPixel, int, LcdController::LcdPanel, bool) 0x00004889   Thumb Code    96  display.o(i._ZN13LcdController6ConfigC1EiiiiiiiibbbbiNS_12BitsPerPixelEiNS_8LcdPanelEb)
    LcdController::Config::Config__sub_object(int, int, int, int, int, int, int, int, bool, bool, bool, bool, int, LcdController::BitsPerPixel, int, LcdController::LcdPanel, bool) 0x00004889   Thumb Code     0  display.o(i._ZN13LcdController6ConfigC1EiiiiiiiibbbbiNS_12BitsPerPixelEiNS_8LcdPanelEb)
    LcdController::setPower(bool)            0x000048e9   Thumb Code    62  lcdcontroller.o(i._ZN13LcdController8setPowerEb)
    LcdController::pinConfig()               0x0000492d   Thumb Code   342  lcdcontroller.o(i._ZN13LcdController9pinConfigEv)
    LcdController::LcdController()           0x00004a89   Thumb Code     6  lcdcontroller.o(i._ZN13LcdControllerC1Ev)
    LcdController::LcdController__sub_object() 0x00004a89   Thumb Code     0  lcdcontroller.o(i._ZN13LcdControllerC1Ev)
    EaLcdBoardGPIO::set5VSignal(bool)        0x00004a8f   Thumb Code    32  ealcdboardgpio.o(i._ZN14EaLcdBoardGPIO11set5VSignalEb)
    EaLcdBoardGPIO::set3V3Signal(bool)       0x00004aaf   Thumb Code    32  ealcdboardgpio.o(i._ZN14EaLcdBoardGPIO12set3V3SignalEb)
    EaLcdBoardGPIO::setWriteProtect(bool)    0x00004acf   Thumb Code     2  ealcdboardgpio.o(i._ZN14EaLcdBoardGPIO15setWriteProtectEb)
    EaLcdBoardGPIO::setBacklightContrast(unsigned) 0x00004ad1   Thumb Code    78  ealcdboardgpio.o(i._ZN14EaLcdBoardGPIO20setBacklightContrastEj)
    EaLcdBoardGPIO::setDisplayEnableSignal(bool) 0x00004b2d   Thumb Code    46  ealcdboardgpio.o(i._ZN14EaLcdBoardGPIO22setDisplayEnableSignalEb)
    EaLcdBoardGPIO::EaLcdBoardGPIO(PinName, PinName) 0x00004b65   Thumb Code   150  ealcdboardgpio.o(i._ZN14EaLcdBoardGPIOC1E7PinNameS0_)
    EaLcdBoardGPIO::EaLcdBoardGPIO__sub_object(PinName, PinName) 0x00004b65   Thumb Code     0  ealcdboardgpio.o(i._ZN14EaLcdBoardGPIOC1E7PinNameS0_)
    mbed::DigitalOut::DigitalOut(PinName)    0x00004c01   Thumb Code    26  ealcdboardgpio.o(i._ZN4mbed10DigitalOutC1E7PinName)
    mbed::DigitalOut::DigitalOut__sub_object(PinName) 0x00004c01   Thumb Code     0  ealcdboardgpio.o(i._ZN4mbed10DigitalOutC1E7PinName)
    mbed::DigitalOut::operator =(int)        0x00004c1d   Thumb Code    64  ealcdboardgpio.o(i._ZN4mbed10DigitalOutaSEi)
    mbed::FileHandle::flen()                 0x00004c79   Thumb Code    58  filelike.o(i._ZN4mbed10FileHandle4flenEv)
    mbed::TimerEvent::irq(unsigned)          0x00004cb3   Thumb Code    16  timerevent.o(i._ZN4mbed10TimerEvent3irqEj)
    mbed::TimerEvent::insert(unsigned)       0x00004cc3   Thumb Code    20  timerevent.o(i._ZN4mbed10TimerEvent6insertEj)
    mbed::TimerEvent::remove()               0x00004cd7   Thumb Code    14  timerevent.o(i._ZN4mbed10TimerEvent6removeEv)
    mbed::TimerEvent::TimerEvent__sub_object() 0x00004ce5   Thumb Code    34  timerevent.o(i._ZN4mbed10TimerEventC2Ev)
    mbed::mbed_set_unbuffered_stream(std::__FILE*) 0x00004d11   Thumb Code    14  retarget.o(i._ZN4mbed26mbed_set_unbuffered_streamEPSt6__FILE)
    mbed::I2C::read(int, char*, int, bool)   0x00004d1f   Thumb Code    58  i2c.o(i._ZN4mbed3I2C4readEiPcib)
    mbed::I2C::write(int, const char*, int, bool) 0x00004d59   Thumb Code    58  i2c.o(i._ZN4mbed3I2C5writeEiPKcib)
    mbed::I2C::aquire()                      0x00004d95   Thumb Code    26  i2c.o(i._ZN4mbed3I2C6aquireEv)
    mbed::I2C::frequency(int)                0x00004db5   Thumb Code    22  i2c.o(i._ZN4mbed3I2C9frequencyEi)
    mbed::I2C::I2C(PinName, PinName)         0x00004dd1   Thumb Code    34  i2c.o(i._ZN4mbed3I2CC1E7PinNameS1_)
    mbed::I2C::I2C__sub_object(PinName, PinName) 0x00004dd1   Thumb Code     0  i2c.o(i._ZN4mbed3I2CC1E7PinNameS1_)
    mbed::Stream::flen()                     0x00004dfd   Thumb Code     6  stream.o(i._ZN4mbed6Stream4flenEv)
    mbed::Stream::close()                    0x00004e03   Thumb Code     6  stream.o(i._ZN4mbed6Stream5closeEv)
    mbed::Stream::lseek(long, int)           0x00004e09   Thumb Code     6  stream.o(i._ZN4mbed6Stream5lseekEli)
    mbed::Stream::write(const void*, unsigned) 0x00004e0f   Thumb Code    48  stream.o(i._ZN4mbed6Stream5writeEPKvj)
    mbed::Stream::isatty()                   0x00004e3f   Thumb Code     6  stream.o(i._ZN4mbed6Stream6isattyEv)
    mbed::Stream::Stream__sub_object(const char*) 0x00004e45   Thumb Code    58  stream.o(i._ZN4mbed6StreamC2EPKc)
    mbed::Ticker::setup(unsigned)            0x00004e8d   Thumb Code    34  ticker.o(i._ZN4mbed6Ticker5setupEj)
    mbed::Ticker::handler()                  0x00004eaf   Thumb Code    56  ticker.o(i._ZN4mbed6Ticker7handlerEv)
    mbed::FileBase::getPathType()            0x00004ee7   Thumb Code     6  filebase.o(i._ZN4mbed8FileBase11getPathTypeEv)
    mbed::FileBase::lookup(const char*, unsigned) 0x00004eed   Thumb Code    52  filebase.o(i._ZN4mbed8FileBase6lookupEPKcj)
    mbed::FileBase::FileBase(const char*, mbed::PathType) 0x00004f25   Thumb Code    32  filebase.o(i._ZN4mbed8FileBaseC1EPKcNS_8PathTypeE)
    mbed::FileBase::FileBase__sub_object(const char*, mbed::PathType) 0x00004f25   Thumb Code     0  filebase.o(i._ZN4mbed8FileBaseC1EPKcNS_8PathTypeE)
    mbed::FileLike::FileLike__sub_object(const char*) 0x00004f4d   Thumb Code    34  filelike.o(i._ZN4mbed8FileLikeC2EPKc)
    mbed::FilePath::fileSystem()             0x00004f79   Thumb Code    20  filepath.o(i._ZN4mbed8FilePath10fileSystemEv)
    mbed::FilePath::isFileSystem()           0x00004f8d   Thumb Code    28  filepath.o(i._ZN4mbed8FilePath12isFileSystemEv)
    mbed::FilePath::file()                   0x00004fa9   Thumb Code    30  filepath.o(i._ZN4mbed8FilePath4fileEv)
    mbed::FilePath::exists()                 0x00004fc7   Thumb Code    14  filepath.o(i._ZN4mbed8FilePath6existsEv)
    mbed::FilePath::isFile()                 0x00004fd5   Thumb Code    28  filepath.o(i._ZN4mbed8FilePath6isFileEv)
    mbed::FilePath::fileName()               0x00004ff1   Thumb Code     6  filepath.o(i._ZN4mbed8FilePath8fileNameEv)
    mbed::FilePath::FilePath(const char*)    0x00004ff7   Thumb Code    86  filepath.o(i._ZN4mbed8FilePathC1EPKc)
    mbed::FilePath::FilePath__sub_object(const char*) 0x00004ff7   Thumb Code     0  filepath.o(i._ZN4mbed8FilePathC1EPKc)
    mbed::DigitalIn::DigitalIn(PinName)      0x0000504d   Thumb Code    26  main.o(i._ZN4mbed9DigitalInC1E7PinName)
    mbed::DigitalIn::DigitalIn__sub_object(PinName) 0x0000504d   Thumb Code     0  main.o(i._ZN4mbed9DigitalInC1E7PinName)
    GFXFb::fillScreen(unsigned short)        0x00005067   Thumb Code    38  gfxfb.o(i._ZN5GFXFb10fillScreenEt)
    GFXFb::drawFastVLine(short, short, short, unsigned short) 0x0000508d   Thumb Code   104  gfxfb.o(i._ZN5GFXFb13drawFastVLineEssst)
    GFXFb::drawPixel(short, short, unsigned short) 0x000050f5   Thumb Code    70  gfxfb.o(i._ZN5GFXFb9drawPixelEsst)
    GFXFb::GFXFb(unsigned short, unsigned short, unsigned short*) 0x0000513d   Thumb Code    36  gfxfb.o(i._ZN5GFXFbC1EttPt)
    GFXFb::GFXFb__sub_object(unsigned short, unsigned short, unsigned short*) 0x0000513d   Thumb Code     0  gfxfb.o(i._ZN5GFXFbC1EttPt)
    LM75B::LM75B(PinName, PinName, LM75B::Address, int) 0x00005165   Thumb Code    44  lm75b.o(i._ZN5LM75BC1E7PinNameS0_NS_7AddressEi)
    LM75B::LM75B__sub_object(PinName, PinName, LM75B::Address, int) 0x00005165   Thumb Code     0  lm75b.o(i._ZN5LM75BC1E7PinNameS0_NS_7AddressEi)
    Display::theDisplay()                    0x00005191   Thumb Code    50  display.o(i._ZN7Display10theDisplayEv)
    Display::_putc(int)                      0x000051cd   Thumb Code    20  display.o(i._ZN7Display5_putcEi)
    Display::Display()                       0x000051e1   Thumb Code   272  display.o(i._ZN7DisplayC1Ev)
    Display::Display__sub_object()           0x000051e1   Thumb Code     0  display.o(i._ZN7DisplayC1Ev)
    MMA7455::MMA7455(PinName, PinName)       0x00005331   Thumb Code    36  mma7455.o(i._ZN7MMA7455C1E7PinNameS0_)
    MMA7455::MMA7455__sub_object(PinName, PinName) 0x00005331   Thumb Code     0  mma7455.o(i._ZN7MMA7455C1E7PinNameS0_)
    operator new(unsigned)                   0x00005355   Thumb Code    34  new.o(i._Znwj)
    __ARM_fpclassify                         0x0000537d   Thumb Code    48  fpclassify.o(i.__ARM_fpclassify)
    __cxa_guard_acquire                      0x000053ad   Thumb Code    16  cxa_guard_acquire.o(i.__cxa_guard_acquire)
    __cxa_pure_virtual                       0x000053bd   Thumb Code     6  pure_virt.o(i.__cxa_pure_virtual)
    __reserved_stack_size                    0x000053c3   Thumb Code     6  sdram.o(i.__reserved_stack_size)
    __rt_heap_extend                         0x000053c9   Thumb Code    54  sdram.o(i.__rt_heap_extend)
    __user_setup_stackheap                   0x000054a5   Thumb Code    42  sys.o(i.__user_setup_stackheap)
    _is_digit                                0x0000552f   Thumb Code    14  __printf_wp.o(i._is_digit)
    _sys_close                               0x0000553d   Thumb Code    44  retarget.o(i._sys_close)
    _sys_flen                                0x0000556d   Thumb Code    38  retarget.o(i._sys_flen)
    _sys_istty                               0x00005599   Thumb Code    38  retarget.o(i._sys_istty)
    _sys_open                                0x000055c5   Thumb Code   284  retarget.o(i._sys_open)
    _sys_seek                                0x000056f5   Thumb Code    44  retarget.o(i._sys_seek)
    _sys_write                               0x00005725   Thumb Code    88  retarget.o(i._sys_write)
    analogin_init                            0x00005789   Thumb Code   120  analogin_api.o(i.analogin_init)
    error                                    0x00005835   Thumb Code    28  error.o(i.error)
    exit                                     0x00005855   Thumb Code    24  retarget.o(i.exit)
    fpu_init                                 0x00005875   Thumb Code    62  system_lpc407x_8x_177x_8x.o(i.fpu_init)
    fputc                                    0x000058c5   Thumb Code    26  fputc.o(i.fputc)
    get_us_ticker_data                       0x000058e1   Thumb Code     4  us_ticker_api.o(i.get_us_ticker_data)
    gpio_dir                                 0x000058e9   Thumb Code    68  gpio_api.o(i.gpio_dir)
    gpio_init                                0x00005979   Thumb Code    50  gpio_api.o(i.gpio_init)
    gpio_init_in                             0x000059b1   Thumb Code    18  gpio.o(i.gpio_init_in)
    gpio_init_in_ex                          0x000059c3   Thumb Code    20  gpio.o(i.gpio_init_in_ex)
    gpio_init_out                            0x000059d7   Thumb Code    18  gpio.o(i.gpio_init_out)
    gpio_init_out_ex                         0x000059e9   Thumb Code    22  gpio.o(i.gpio_init_out_ex)
    gpio_mode                                0x000059ff   Thumb Code    18  gpio_api.o(i.gpio_mode)
    gpio_set                                 0x00005a11   Thumb Code    40  gpio_api.o(i.gpio_set)
    i2c_frequency                            0x00005c25   Thumb Code    22  i2c_api.o(i.i2c_frequency)
    i2c_init                                 0x00005c41   Thumb Code   218  i2c_api.o(i.i2c_init)
    i2c_read                                 0x00005d85   Thumb Code   176  i2c_api.o(i.i2c_read)
    i2c_start                                0x00005e35   Thumb Code    72  i2c_api.o(i.i2c_start)
    i2c_stop                                 0x00005e85   Thumb Code    58  i2c_api.o(i.i2c_stop)
    i2c_write                                0x00005eed   Thumb Code   130  i2c_api.o(i.i2c_write)
    $Super$$main                             0x00005f71   Thumb Code   204  main.o(i.main)
    mbed_assert_internal                     0x00006051   Thumb Code    22  assert.o(i.mbed_assert_internal)
    mbed_die                                 0x0000609d   Thumb Code   116  board.o(i.mbed_die)
    mbed_main                                0x00006111   Thumb Code     2  retarget.o(i.mbed_main)
    mbed_sdk_init                            0x00006113   Thumb Code     2  retarget.o(i.mbed_sdk_init)
    pin_function                             0x00006115   Thumb Code    42  pinmap.o(i.pin_function)
    pin_mode                                 0x00006189   Thumb Code    66  pinmap.o(i.pin_mode)
    pinmap_find_peripheral                   0x00006215   Thumb Code    32  pinmap_common.o(i.pinmap_find_peripheral)
    pinmap_merge                             0x00006235   Thumb Code    42  pinmap_common.o(i.pinmap_merge)
    pinmap_peripheral                        0x00006275   Thumb Code    44  pinmap_common.o(i.pinmap_peripheral)
    pinmap_pinout                            0x000062c1   Thumb Code    62  pinmap_common.o(i.pinmap_pinout)
    pwmout_init                              0x00006315   Thumb Code   184  pwmout_api.o(i.pwmout_init)
    pwmout_period_ms                         0x00006409   Thumb Code    22  pwmout_api.o(i.pwmout_period_ms)
    pwmout_period_us                         0x00006421   Thumb Code    64  pwmout_api.o(i.pwmout_period_us)
    pwmout_write                             0x00006465   Thumb Code   100  pwmout_api.o(i.pwmout_write)
    serial_baud                              0x000064cd   Thumb Code   320  serial_api.o(i.serial_baud)
    serial_format                            0x00006611   Thumb Code   168  serial_api.o(i.serial_format)
    serial_init                              0x0000670d   Thumb Code   378  serial_api.o(i.serial_init)
    serial_putc                              0x000068b9   Thumb Code    24  serial_api.o(i.serial_putc)
    serial_writable                          0x000068d1   Thumb Code    12  serial_api.o(i.serial_writable)
    ticker_insert_event                      0x000068dd   Thumb Code    80  ticker_api.o(i.ticker_insert_event)
    ticker_irq_handler                       0x0000692d   Thumb Code    90  ticker_api.o(i.ticker_irq_handler)
    ticker_read                              0x00006987   Thumb Code    12  ticker_api.o(i.ticker_read)
    ticker_remove_event                      0x00006993   Thumb Code    82  ticker_api.o(i.ticker_remove_event)
    ticker_set_handler                       0x000069e5   Thumb Code    18  ticker_api.o(i.ticker_set_handler)
    us_ticker_clear_interrupt                0x000069f9   Thumb Code     8  us_ticker.o(i.us_ticker_clear_interrupt)
    us_ticker_disable_interrupt              0x00006a05   Thumb Code    14  us_ticker.o(i.us_ticker_disable_interrupt)
    us_ticker_init                           0x00006a19   Thumb Code    92  us_ticker.o(i.us_ticker_init)
    us_ticker_irq_handler                    0x00006a8d   Thumb Code    10  us_ticker_api.o(i.us_ticker_irq_handler)
    us_ticker_read                           0x00006a9d   Thumb Code    18  us_ticker.o(i.us_ticker_read)
    us_ticker_set_interrupt                  0x00006ab9   Thumb Code    16  us_ticker.o(i.us_ticker_set_interrupt)
    wait                                     0x00006acd   Thumb Code    36  wait_api.o(i.wait)
    wait_ms                                  0x00006af5   Thumb Code    18  wait_api.o(i.wait_ms)
    wait_us                                  0x00006b07   Thumb Code    24  wait_api.o(i.wait_us)
    _get_lc_numeric                          0x00006b21   Thumb Code    44  lc_numeric_c.o(locale$$code)
    _get_lc_ctype                            0x00006b4d   Thumb Code    44  lc_ctype_c.o(locale$$code)
    mbed::FunctionPointerArg1<void, void>::attach(void(*)()) 0x00006b79   Thumb Code     8  main.o(t._ZN4mbed19FunctionPointerArg1IvvE6attachEPFvvE)
    _fp_init                                 0x00006b81   Thumb Code    10  fpinit.o(x$fpl$fpinit)
    __fplib_config_fpu_vfp                   0x00006b89   Thumb Code     0  fpinit.o(x$fpl$fpinit)
    __fplib_config_pureend_doubles           0x00006b89   Thumb Code     0  fpinit.o(x$fpl$fpinit)
    _printf_fp_dec                           0x00006b8b   Thumb Code     4  printf1.o(x$fpl$printf1)
    _printf_fp_hex                           0x00006b8f   Thumb Code     4  printf2.o(x$fpl$printf2)
    __I$use$fp                               0x00006b92   Number         0  usenofp.o(x$fpl$usenofp)
    __stdin_name                             0x000073d0   Data           7  retarget.o(.constdata)
    __stdout_name                            0x000073d7   Data           8  retarget.o(.constdata)
    __stderr_name                            0x000073df   Data           8  retarget.o(.constdata)
    vtable for EaLcdBoard                    0x00007614   Data          28  ealcdboard.o(.constdata__ZTV10EaLcdBoard)
    vtable for Adafruit_GFX                  0x00007630   Data          44  adafruit_gfx.o(.constdata__ZTV12Adafruit_GFX)
    vtable for EaLcdBoardGPIO                0x0000765c   Data          28  ealcdboardgpio.o(.constdata__ZTV14EaLcdBoardGPIO)
    vtable for GFXFb                         0x00007678   Data          44  gfxfb.o(.constdata__ZTV5GFXFb)
    vtable for Display                       0x000076a4   Data         112  display.o(.constdata__ZTV7Display)
    vtable for mbed::FileHandle              0x00007714   Data          44  retarget.o(.constdata__ZTVN4mbed10FileHandleE)
    vtable for mbed::TimerEvent              0x00007740   Data          20  timerevent.o(.constdata__ZTVN4mbed10TimerEventE)
    vtable for mbed::Stream                  0x00007754   Data          68  stream.o(.constdata__ZTVN4mbed6StreamE)
    vtable for mbed::Ticker                  0x00007798   Data          20  ticker.o(.constdata__ZTVN4mbed6TickerE)
    vtable for mbed::FileBase                0x000077ac   Data          16  filebase.o(.constdata__ZTVN4mbed8FileBaseE)
    vtable for mbed::FileLike                0x000077bc   Data          60  filelike.o(.constdata__ZTVN4mbed8FileLikeE)
    Region$$Table$$Base                      0x00007990   Number         0  anon$$obj.o(Region$$Table)
    Region$$Table$$Limit                     0x000079b0   Number         0  anon$$obj.o(Region$$Table)
    __ctype                                  0x000079d9   Data           0  lc_ctype_c.o(locale$$data)
    SHT$$INIT_ARRAY$$Base                    0x00007adc   Number         0  main.o(.init_array)
    SHT$$INIT_ARRAY$$Limit                   0x00007ae0   Number         0  init_aeabi.o(.init_array)
    pot                                      0x100000e8   Data           1  main.o(.data)
    potVal                                   0x100000ec   Data           4  main.o(.data)
    tempVal                                  0x100000f0   Data           4  main.o(.data)
    screen                                   0x100000f4   Data           4  main.o(.data)
    tickCt                                   0x100000f8   Data           4  main.o(.data)
    x                                        0x100000fc   Data           4  main.o(.data)
    y                                        0x10000100   Data           4  main.o(.data)
    dx                                       0x10000104   Data           4  main.o(.data)
    dy                                       0x10000108   Data           4  main.o(.data)
    SystemCoreClock                          0x1000011c   Data           4  system_lpc407x_8x_177x_8x.o(.data)
    PeripheralClock                          0x10000120   Data           4  system_lpc407x_8x_177x_8x.o(.data)
    EMCClock                                 0x10000124   Data           4  system_lpc407x_8x_177x_8x.o(.data)
    USBClock                                 0x10000128   Data           4  system_lpc407x_8x_177x_8x.o(.data)
    mbed::I2C::_owner                        0x1000013c   Data           4  i2c.o(.data)
    us_ticker_inited                         0x10000140   Data           4  us_ticker.o(.data)
    LcdController::_lcdControllerUsed        0x10000158   Data           1  lcdcontroller.o(.data)
    mbed::FileBase::_head                    0x1000015c   Data           4  filebase.o(.data)
    stdio_uart_inited                        0x10000164   Data           4  serial_api.o(.data)
    stdio_uart                               0x10000168   Data           8  serial_api.o(.data)
    __aeabi_stdin                            0x10000170   Data           4  stdio_streams.o(.data)
    __aeabi_stdout                           0x10000174   Data           4  stdio_streams.o(.data)
    __aeabi_stderr                           0x10000178   Data           4  stdio_streams.o(.data)
    led1                                     0x1000017c   Data          24  main.o(.bss)
    acc                                      0x1000020c   Data          24  main.o(.bss)
    accVal                                   0x10000224   Data          12  main.o(.bss)
    lm75b                                    0x10000230   Data          12  main.o(.bss)
    balls                                    0x1000023c   Data         320  main.o(.bss)
    __stdin                                  0x100007bc   Data          84  stdio_streams.o(.bss)
    __stdout                                 0x10000810   Data          84  stdio_streams.o(.bss)
    __stderr                                 0x10000864   Data          84  stdio_streams.o(.bss)
    _random_number_data                      0x100008b8   Data         228  rand.o(.bss)
    Image$$RW_IRAM1$$ZI$$Limit               0x100009c0   Number         0  anon$$obj.o ABSOLUTE



==============================================================================

Memory Map of the image

  Image Entry point : 0x000000e5

  Load Region LR_IROM1 (Base: 0x00000000, Size: 0x00007b74, Max: 0x00080000, ABSOLUTE)

    Execution Region ER_IROM1 (Base: 0x00000000, Size: 0x00007ae0, Max: 0x00080000, ABSOLUTE)

    Base Addr    Size         Type   Attr      Idx    E Section Name        Object

    0x00000000   0x000000e4   Data   RO          429    RESET               startup_lpc407x_8x_177x_8x.o
    0x000000e4   0x00000008   Code   RO         4461  * !!!main             c_w.l(__main.o)
    0x000000ec   0x00000034   Code   RO         5199    !!!scatter          c_w.l(__scatter.o)
    0x00000120   0x0000001a   Code   RO         5201    !!handler_copy      c_w.l(__scatter_copy.o)
    0x0000013a   0x00000002   PAD
    0x0000013c   0x0000001c   Code   RO         5203    !!handler_zi        c_w.l(__scatter_zi.o)
    0x00000158   0x00000000   Code   RO         4399    .ARM.Collect$$_printf_percent$$00000000  c_w.l(_printf_percent.o)
    0x00000158   0x00000006   Code   RO         4671    .ARM.Collect$$_printf_percent$$00000001  c_w.l(_printf_n.o)
    0x0000015e   0x00000006   Code   RO         4398    .ARM.Collect$$_printf_percent$$00000002  c_w.l(_printf_p.o)
    0x00000164   0x00000006   Code   RO         4677    .ARM.Collect$$_printf_percent$$00000003  c_w.l(_printf_f.o)
    0x0000016a   0x00000006   Code   RO         4678    .ARM.Collect$$_printf_percent$$00000004  c_w.l(_printf_e.o)
    0x00000170   0x00000006   Code   RO         4679    .ARM.Collect$$_printf_percent$$00000005  c_w.l(_printf_g.o)
    0x00000176   0x00000006   Code   RO         4680    .ARM.Collect$$_printf_percent$$00000006  c_w.l(_printf_a.o)
    0x0000017c   0x0000000a   Code   RO         4685    .ARM.Collect$$_printf_percent$$00000007  c_w.l(_printf_ll.o)
    0x00000186   0x00000006   Code   RO         4674    .ARM.Collect$$_printf_percent$$00000008  c_w.l(_printf_i.o)
    0x0000018c   0x00000006   Code   RO         4675    .ARM.Collect$$_printf_percent$$00000009  c_w.l(_printf_d.o)
    0x00000192   0x00000006   Code   RO         4676    .ARM.Collect$$_printf_percent$$0000000A  c_w.l(_printf_u.o)
    0x00000198   0x00000006   Code   RO         4673    .ARM.Collect$$_printf_percent$$0000000B  c_w.l(_printf_o.o)
    0x0000019e   0x00000006   Code   RO         4672    .ARM.Collect$$_printf_percent$$0000000C  c_w.l(_printf_x.o)
    0x000001a4   0x00000006   Code   RO         4682    .ARM.Collect$$_printf_percent$$0000000D  c_w.l(_printf_lli.o)
    0x000001aa   0x00000006   Code   RO         4683    .ARM.Collect$$_printf_percent$$0000000E  c_w.l(_printf_lld.o)
    0x000001b0   0x00000006   Code   RO         4684    .ARM.Collect$$_printf_percent$$0000000F  c_w.l(_printf_llu.o)
    0x000001b6   0x00000006   Code   RO         4689    .ARM.Collect$$_printf_percent$$00000010  c_w.l(_printf_llo.o)
    0x000001bc   0x00000006   Code   RO         4690    .ARM.Collect$$_printf_percent$$00000011  c_w.l(_printf_llx.o)
    0x000001c2   0x0000000a   Code   RO         4686    .ARM.Collect$$_printf_percent$$00000012  c_w.l(_printf_l.o)
    0x000001cc   0x00000006   Code   RO         4669    .ARM.Collect$$_printf_percent$$00000013  c_w.l(_printf_c.o)
    0x000001d2   0x00000006   Code   RO         4670    .ARM.Collect$$_printf_percent$$00000014  c_w.l(_printf_s.o)
    0x000001d8   0x00000006   Code   RO         4687    .ARM.Collect$$_printf_percent$$00000015  c_w.l(_printf_lc.o)
    0x000001de   0x00000006   Code   RO         4688    .ARM.Collect$$_printf_percent$$00000016  c_w.l(_printf_ls.o)
    0x000001e4   0x00000004   Code   RO         4681    .ARM.Collect$$_printf_percent$$00000017  c_w.l(_printf_percent_end.o)
    0x000001e8   0x00000002   Code   RO         5065    .ARM.Collect$$libinit$$00000000  c_w.l(libinit.o)
    0x000001ea   0x00000004   Code   RO         4738    .ARM.Collect$$libinit$$00000001  c_w.l(libinit2.o)
    0x000001ee   0x00000000   Code   RO         4741    .ARM.Collect$$libinit$$00000004  c_w.l(libinit2.o)
    0x000001ee   0x00000008   Code   RO         4742    .ARM.Collect$$libinit$$00000005  c_w.l(libinit2.o)
    0x000001f6   0x00000000   Code   RO         4744    .ARM.Collect$$libinit$$0000000A  c_w.l(libinit2.o)
    0x000001f6   0x00000000   Code   RO         4746    .ARM.Collect$$libinit$$0000000C  c_w.l(libinit2.o)
    0x000001f6   0x00000004   Code   RO         4747    .ARM.Collect$$libinit$$0000000D  c_w.l(libinit2.o)
    0x000001fa   0x00000000   Code   RO         4748    .ARM.Collect$$libinit$$0000000E  c_w.l(libinit2.o)
    0x000001fa   0x00000006   Code   RO         4749    .ARM.Collect$$libinit$$0000000F  c_w.l(libinit2.o)
    0x00000200   0x00000000   Code   RO         4751    .ARM.Collect$$libinit$$00000011  c_w.l(libinit2.o)
    0x00000200   0x0000000c   Code   RO         4752    .ARM.Collect$$libinit$$00000012  c_w.l(libinit2.o)
    0x0000020c   0x00000000   Code   RO         4753    .ARM.Collect$$libinit$$00000013  c_w.l(libinit2.o)
    0x0000020c   0x00000000   Code   RO         4755    .ARM.Collect$$libinit$$00000015  c_w.l(libinit2.o)
    0x0000020c   0x0000000a   Code   RO         4756    .ARM.Collect$$libinit$$00000016  c_w.l(libinit2.o)
    0x00000216   0x00000000   Code   RO         4757    .ARM.Collect$$libinit$$00000017  c_w.l(libinit2.o)
    0x00000216   0x00000000   Code   RO         4759    .ARM.Collect$$libinit$$00000019  c_w.l(libinit2.o)
    0x00000216   0x00000000   Code   RO         4761    .ARM.Collect$$libinit$$0000001B  c_w.l(libinit2.o)
    0x00000216   0x00000000   Code   RO         4763    .ARM.Collect$$libinit$$0000001D  c_w.l(libinit2.o)
    0x00000216   0x00000000   Code   RO         4765    .ARM.Collect$$libinit$$0000001F  c_w.l(libinit2.o)
    0x00000216   0x00000000   Code   RO         4767    .ARM.Collect$$libinit$$00000021  c_w.l(libinit2.o)
    0x00000216   0x00000000   Code   RO         4769    .ARM.Collect$$libinit$$00000023  c_w.l(libinit2.o)
    0x00000216   0x00000004   Code   RO         4770    .ARM.Collect$$libinit$$00000024  c_w.l(libinit2.o)
    0x0000021a   0x00000000   Code   RO         4771    .ARM.Collect$$libinit$$00000025  c_w.l(libinit2.o)
    0x0000021a   0x00000000   Code   RO         4775    .ARM.Collect$$libinit$$0000002C  c_w.l(libinit2.o)
    0x0000021a   0x00000000   Code   RO         4777    .ARM.Collect$$libinit$$0000002E  c_w.l(libinit2.o)
    0x0000021a   0x00000000   Code   RO         4779    .ARM.Collect$$libinit$$00000030  c_w.l(libinit2.o)
    0x0000021a   0x00000004   Code   RO         4780    .ARM.Collect$$libinit$$00000031  c_w.l(libinit2.o)
    0x0000021e   0x00000000   Code   RO         4781    .ARM.Collect$$libinit$$00000032  c_w.l(libinit2.o)
    0x0000021e   0x00000002   Code   RO         4782    .ARM.Collect$$libinit$$00000033  c_w.l(libinit2.o)
    0x00000220   0x00000000   Code   RO         4949    .ARM.Collect$$libshutdown$$00000004  c_w.l(libshutdown2.o)
    0x00000220   0x00000000   Code   RO         4609    .ARM.Collect$$rtentry$$00000000  c_w.l(__rtentry.o)
    0x00000220   0x00000000   Code   RO         4844    .ARM.Collect$$rtentry$$00000002  c_w.l(__rtentry2.o)
    0x00000220   0x00000006   Code   RO         4856    .ARM.Collect$$rtentry$$00000004  c_w.l(__rtentry4.o)
    0x00000226   0x00000000   Code   RO         4846    .ARM.Collect$$rtentry$$00000009  c_w.l(__rtentry2.o)
    0x00000226   0x00000004   Code   RO         4847    .ARM.Collect$$rtentry$$0000000A  c_w.l(__rtentry2.o)
    0x0000022a   0x00000000   Code   RO         4849    .ARM.Collect$$rtentry$$0000000C  c_w.l(__rtentry2.o)
    0x0000022a   0x00000008   Code   RO         4850    .ARM.Collect$$rtentry$$0000000D  c_w.l(__rtentry2.o)
    0x00000232   0x00000002   PAD
    0x00000234   0x00000034   Code   RO         4442    .emb_text           c_w.l(rand.o)
    0x00000268   0x00000000   Code   RO         4862    .emb_text           c_w.l(maybetermalloc1.o)
    0x00000268   0x00000024   Code   RO          431    .text               startup_lpc407x_8x_177x_8x.o
    0x0000028c   0x0000005e   Code   RO         4289    .text               c_w.l(h1_alloc.o)
    0x000002ea   0x0000000a   Code   RO         4347    .text               c_w.l(vfprintf.o)
    0x000002f4   0x00000008   Code   RO         4610    .text               c_w.l(rt_heap_descriptor.o)
    0x000002fc   0x00000004   Code   RO          430    .ARM.__at_0x02FC    startup_lpc407x_8x_177x_8x.o
    0x00000300   0x0000004e   Code   RO         4291    .text               c_w.l(h1_free.o)
    0x0000034e   0x00000002   PAD
    0x00000350   0x0000002c   Code   RO         4351    .text               c_w.l(__2sprintf.o)
    0x0000037c   0x00000094   Code   RO         4375    .text               c_w.l(_printf_hex_int_ll_ptr.o)
    0x00000410   0x00000188   Code   RO         4395    .text               c_w.l(__printf_flags_ss_wp.o)
    0x00000598   0x0000003c   Code   RO         4402    .text               c_w.l(__0sscanf.o)
    0x000005d4   0x0000014c   Code   RO         4404    .text               c_w.l(_scanf_int.o)
    0x00000720   0x00000064   Code   RO         4406    .text               c_w.l(fflush.o)
    0x00000784   0x000000ec   Code   RO         4420    .text               c_w.l(fopen.o)
    0x00000870   0x00000014   Code   RO         4422    .text               c_w.l(setbuf.o)
    0x00000884   0x0000004c   Code   RO         4430    .text               c_w.l(fclose.o)
    0x000008d0   0x0000003c   Code   RO         4443    .text               c_w.l(rand.o)
    0x0000090c   0x0000003e   Code   RO         4447    .text               c_w.l(strlen.o)
    0x0000094a   0x00000096   Code   RO         4449    .text               c_w.l(strncmp.o)
    0x000009e0   0x00000044   Code   RO         4453    .text               c_w.l(rt_memclr.o)
    0x00000a24   0x0000004e   Code   RO         4455    .text               c_w.l(rt_memclr_w.o)
    0x00000a72   0x00000002   PAD
    0x00000a74   0x00000080   Code   RO         4459    .text               c_w.l(strcmpv7m.o)
    0x00000af4   0x00000024   Code   RO         4466    .text               c_w.l(init_aeabi.o)
    0x00000b18   0x00000008   Code   RO         4615    .text               c_w.l(rt_new_handler_addr.o)
    0x00000b20   0x00000004   Code   RO         4620    .text               c_w.l(hguard.o)
    0x00000b24   0x0000008a   Code   RO         4622    .text               c_w.l(init_alloc.o)
    0x00000bae   0x0000000e   Code   RO         4626    .text               c_w.l(h1_init.o)
    0x00000bbc   0x0000004e   Code   RO         4640    .text               c_w.l(_printf_pad.o)
    0x00000c0a   0x00000024   Code   RO         4642    .text               c_w.l(_printf_truncate.o)
    0x00000c2e   0x00000052   Code   RO         4644    .text               c_w.l(_printf_str.o)
    0x00000c80   0x000000b2   Code   RO         4646    .text               c_w.l(_printf_intcommon.o)
    0x00000d32   0x00000002   PAD
    0x00000d34   0x00000078   Code   RO         4648    .text               c_w.l(_printf_dec.o)
    0x00000dac   0x00000028   Code   RO         4650    .text               c_w.l(_printf_charcount.o)
    0x00000dd4   0x00000030   Code   RO         4652    .text               c_w.l(_printf_char_common.o)
    0x00000e04   0x0000000a   Code   RO         4654    .text               c_w.l(_sputc.o)
    0x00000e0e   0x00000002   PAD
    0x00000e10   0x00000024   Code   RO         4656    .text               c_w.l(_printf_char_file.o)
    0x00000e34   0x000000bc   Code   RO         4658    .text               c_w.l(_printf_wctomb.o)
    0x00000ef0   0x0000007c   Code   RO         4661    .text               c_w.l(_printf_longlong_dec.o)
    0x00000f6c   0x00000070   Code   RO         4667    .text               c_w.l(_printf_oct_int_ll.o)
    0x00000fdc   0x0000001c   Code   RO         4691    .text               c_w.l(_chval.o)
    0x00000ff8   0x0000002c   Code   RO         4697    .text               c_w.l(scanf_char.o)
    0x00001024   0x00000040   Code   RO         4699    .text               c_w.l(_sgetc.o)
    0x00001064   0x00000008   Code   RO         4709    .text               c_w.l(ferror.o)
    0x0000106c   0x000001d6   Code   RO         4713    .text               c_w.l(flsbuf.o)
    0x00001242   0x00000002   PAD
    0x00001244   0x000000f8   Code   RO         4715    .text               c_w.l(fseek.o)
    0x0000133c   0x00000046   Code   RO         4717    .text               c_w.l(setvbuf.o)
    0x00001382   0x00000002   PAD
    0x00001384   0x000000f0   Code   RO         4719    .text               c_w.l(stdio.o)
    0x00001474   0x00000138   Code   RO         4722    .text               c_w.l(initio.o)
    0x000015ac   0x0000000e   Code   RO         4730    .text               c_w.l(defsig_pvfn_outer.o)
    0x000015ba   0x00000004   Code   RO         4790    .text               cpprt_w.l(arm_newhandler_noexceptions.o)
    0x000015be   0x00000034   Code   RO         4864    .text               c_w.l(h1_extend.o)
    0x000015f2   0x0000008a   Code   RO         4868    .text               c_w.l(lludiv10.o)
    0x0000167c   0x00000012   Code   RO         4870    .text               c_w.l(isspace.o)
    0x0000168e   0x0000041a   Code   RO         4872    .text               c_w.l(_printf_fp_dec.o)
    0x00001aa8   0x000002fc   Code   RO         4874    .text               c_w.l(_printf_fp_hex.o)
    0x00001da4   0x0000002c   Code   RO         4879    .text               c_w.l(_printf_char.o)
    0x00001dd0   0x0000002c   Code   RO         4883    .text               c_w.l(_printf_wchar.o)
    0x00001dfc   0x00000374   Code   RO         4885    .text               c_w.l(_scanf.o)
    0x00002170   0x00000042   Code   RO         4895    .text               c_w.l(ftell.o)
    0x000021b2   0x00000040   Code   RO         4921    .text               c_w.l(_wcrtomb.o)
    0x000021f2   0x0000000a   Code   RO         4923    .text               c_w.l(defsig_exit.o)
    0x000021fc   0x0000000e   Code   RO         4925    .text               c_w.l(defsig_rtred_outer.o)
    0x0000220a   0x0000000e   Code   RO         4929    .text               c_w.l(defsig_rtmem_outer.o)
    0x00002218   0x00000030   Code   RO         4933    .text               c_w.l(defsig_pvfn_inner.o)
    0x00002248   0x00000008   Code   RO         4942    .text               c_w.l(heapauxmm.o)
    0x00002250   0x0000001a   Code   RO         4982    .text               cpprt_w.l(arm_exceptions_terminate.o)
    0x0000226a   0x00000002   PAD
    0x0000226c   0x00000050   Code   RO         4985    .text               cpprt_w.l(arm_exceptions_globs.o)
    0x000022bc   0x0000000c   Code   RO         4993    .text               c_w.l(sys_exit.o)
    0x000022c8   0x00000010   Code   RO         4995    .text               c_w.l(rt_ctype_table.o)
    0x000022d8   0x00000008   Code   RO         4997    .text               c_w.l(rt_locale.o)
    0x000022e0   0x00000008   Code   RO         5002    .text               c_w.l(rt_eh_globals_addr.o)
    0x000022e8   0x00000008   Code   RO         5007    .text               c_w.l(rt_errno_addr.o)
    0x000022f0   0x00000080   Code   RO         5014    .text               c_w.l(_printf_fp_infnan.o)
    0x00002370   0x000000dc   Code   RO         5016    .text               c_w.l(bigflt0.o)
    0x0000244c   0x00000016   Code   RO         5046    .text               c_w.l(abort.o)
    0x00002462   0x00000032   Code   RO         5050    .text               c_w.l(defsig_general.o)
    0x00002494   0x00000034   Code   RO         5052    .text               c_w.l(defsig_rtred_inner.o)
    0x000024c8   0x00000050   Code   RO         5054    .text               c_w.l(defsig_rtmem_inner.o)
    0x00002518   0x0000003c   Code   RO         5069    .text               cpprt_w.l(arm_exceptions_mem.o)
    0x00002554   0x0000000e   Code   RO         5100    .text               c_w.l(sys_wrch.o)
    0x00002562   0x00000002   Code   RO         5102    .text               c_w.l(use_no_semi.o)
    0x00002564   0x00000000   Code   RO         5104    .text               c_w.l(indicate_semi.o)
    0x00002564   0x0000000e   Code   RO         5120    .text               c_w.l(defsig_abrt_outer.o)
    0x00002572   0x00000002   PAD
    0x00002574   0x00000030   Code   RO         5136    .text               c_w.l(defsig_abrt_inner.o)
    0x000025a4   0x0000003e   Code   RO         5019    CL$$btod_d2e        c_w.l(btod.o)
    0x000025e2   0x00000046   Code   RO         5021    CL$$btod_d2e_denorm_low  c_w.l(btod.o)
    0x00002628   0x00000060   Code   RO         5020    CL$$btod_d2e_norm_op1  c_w.l(btod.o)
    0x00002688   0x00000338   Code   RO         5029    CL$$btod_div_common  c_w.l(btod.o)
    0x000029c0   0x000000c6   Code   RO         5026    CL$$btod_e2e        c_w.l(btod.o)
    0x00002a86   0x00000028   Code   RO         5023    CL$$btod_ediv       c_w.l(btod.o)
    0x00002aae   0x00000028   Code   RO         5022    CL$$btod_emul       c_w.l(btod.o)
    0x00002ad6   0x00000244   Code   RO         5028    CL$$btod_mult_common  c_w.l(btod.o)
    0x00002d1a   0x00000010   Code   RO         3481    i.$Sub$$main        mbed.lib(retarget.o)
    0x00002d2a   0x00000002   PAD
    0x00002d2c   0x00000040   Code   RO          440    i.NVIC_SetVector    cmsis_nvic.o
    0x00002d6c   0x000002d4   Code   RO          495    i.SystemCoreClockUpdate  system_lpc407x_8x_177x_8x.o
    0x00003040   0x000000ec   Code   RO          496    i.SystemInit        system_lpc407x_8x_177x_8x.o
    0x0000312c   0x000000fc   Code   RO         3081    i._Z10sdram_initv   ebb.lib(sdram.o)
    0x00003228   0x0000005c   Code   RO         3082    i._Z10sdram_testv   ebb.lib(sdram.o)
    0x00003284   0x00000044   Code   RO            3    i._Z11RandomFloatff  main.o
    0x000032c8   0x00000048   Code   RO         3083    i._Z11calibrationv  ebb.lib(sdram.o)
    0x00003310   0x00000084   Code   RO         3084    i._Z11find_cmddlyv  ebb.lib(sdram.o)
    0x00003394   0x0000006c   Code   RO            4    i._Z11hitBoundaryP4Ball  main.o
    0x00003400   0x00000020   Code   RO         3482    i._Z11init_serialv  mbed.lib(retarget.o)
    0x00003420   0x00000028   Code   RO         2782    i._Z11str_to_uintPcj  ebb.lib(ealcdboard.o)
    0x00003448   0x00000084   Code   RO            5    i._Z12timerHandlerv  main.o
    0x000034cc   0x00000058   Code   RO         3085    i._Z13adjust_timingv  ebb.lib(sdram.o)
    0x00003524   0x00000084   Code   RO         3086    i._Z13find_fbclkdlyv  ebb.lib(sdram.o)
    0x000035a8   0x00000084   Code   RO            7    i._Z15initializeBallsv  main.o
    0x0000362c   0x00000048   Code   RO           10    i._Z9gpio_readP6gpio_t  main.o
    0x00003674   0x000000bc   Code   RO           11    i._Z9moveballsv     main.o
    0x00003730   0x00000354   Code   RO         3088    i._Z9pinConfigv     ebb.lib(sdram.o)
    0x00003a84   0x0000000a   Code   RO         2783    i._Z9port_pin28PortNamei  ebb.lib(ealcdboard.o)
    0x00003a8e   0x0000007e   Code   RO         2784    i._ZN10EaLcdBoard10eepromReadEPhtt  ebb.lib(ealcdboard.o)
    0x00003b0c   0x000000dc   Code   RO         2785    i._ZN10EaLcdBoard10execPinSetEPcj  ebb.lib(ealcdboard.o)
    0x00003be8   0x00000058   Code   RO         2786    i._ZN10EaLcdBoard10getInitSeqEPci  ebb.lib(ealcdboard.o)
    0x00003c40   0x00000084   Code   RO         2788    i._ZN10EaLcdBoard11execSeqCtrlEPcj  ebb.lib(ealcdboard.o)
    0x00003cc4   0x00000020   Code   RO         2789    i._ZN10EaLcdBoard11set5VSignalEb  ebb.lib(ealcdboard.o)
    0x00003ce4   0x0000003e   Code   RO         2790    i._ZN10EaLcdBoard11setLsStatesEtPhh  ebb.lib(ealcdboard.o)
    0x00003d22   0x00000022   Code   RO         2791    i._ZN10EaLcdBoard12checkVersionEPcj  ebb.lib(ealcdboard.o)
    0x00003d44   0x000000dc   Code   RO         2792    i._ZN10EaLcdBoard12getLcdConfigEPN13LcdController6ConfigE  ebb.lib(ealcdboard.o)
    0x00003e20   0x00000020   Code   RO         2793    i._ZN10EaLcdBoard12set3V3SignalEb  ebb.lib(ealcdboard.o)
    0x00003e40   0x00000044   Code   RO         2796    i._ZN10EaLcdBoard14setFrameBufferEj  ebb.lib(ealcdboard.o)
    0x00003e84   0x000000be   Code   RO         2798    i._ZN10EaLcdBoard15parseInitStringEPcPN13LcdController6ConfigE  ebb.lib(ealcdboard.o)
    0x00003f42   0x0000002c   Code   RO         2799    i._ZN10EaLcdBoard15pca9532_setLedsEtt  ebb.lib(ealcdboard.o)
    0x00003f6e   0x0000002e   Code   RO         2803    i._ZN10EaLcdBoard20setBacklightContrastEj  ebb.lib(ealcdboard.o)
    0x00003f9c   0x00000036   Code   RO         2804    i._ZN10EaLcdBoard21pca9532_setBlink0DutyEh  ebb.lib(ealcdboard.o)
    0x00003fd2   0x00000018   Code   RO         2805    i._ZN10EaLcdBoard21pca9532_setBlink0LedsEt  ebb.lib(ealcdboard.o)
    0x00003fea   0x00000020   Code   RO         2806    i._ZN10EaLcdBoard22setDisplayEnableSignalEb  ebb.lib(ealcdboard.o)
    0x0000400a   0x00000022   Code   RO         2807    i._ZN10EaLcdBoard23pca9532_setBlink0PeriodEh  ebb.lib(ealcdboard.o)
    0x0000402c   0x0000004c   Code   RO         2808    i._ZN10EaLcdBoard4openEPN13LcdController6ConfigEPc  ebb.lib(ealcdboard.o)
    0x00004078   0x0000006c   Code   RO         2810    i._ZN10EaLcdBoard7setLedsEv  ebb.lib(ealcdboard.o)
    0x000040e4   0x00000028   Code   RO         2811    i._ZN10EaLcdBoard8getStoreEPNS_7store_tE  ebb.lib(ealcdboard.o)
    0x0000410c   0x0000001e   Code   RO         2812    i._ZN10EaLcdBoard9execDelayEPcj  ebb.lib(ealcdboard.o)
    0x0000412a   0x00000002   PAD
    0x0000412c   0x00000044   Code   RO         2813    i._ZN10EaLcdBoardC1E7PinNameS0_  ebb.lib(ealcdboard.o)
    0x00004170   0x00000040   Code   RO          984    i._ZN12Adafruit_GFX10fillCircleEssst  ebb.lib(adafruit_gfx.o)
    0x000041b0   0x00000006   Code   RO          993    i._ZN12Adafruit_GFX12setTextColorEtt  ebb.lib(adafruit_gfx.o)
    0x000041b6   0x0000002e   Code   RO          995    i._ZN12Adafruit_GFX13drawFastVLineEssst  ebb.lib(adafruit_gfx.o)
    0x000041e4   0x0000007e   Code   RO          997    i._ZN12Adafruit_GFX13fillRoundRectEssssst  ebb.lib(adafruit_gfx.o)
    0x00004262   0x000000f6   Code   RO         1000    i._ZN12Adafruit_GFX16fillCircleHelperEssshst  ebb.lib(adafruit_gfx.o)
    0x00004358   0x00000008   Code   RO         1001    i._ZN12Adafruit_GFX5widthEv  ebb.lib(adafruit_gfx.o)
    0x00004360   0x0000007a   Code   RO         1002    i._ZN12Adafruit_GFX5writeEh  ebb.lib(adafruit_gfx.o)
    0x000043da   0x00000008   Code   RO         1003    i._ZN12Adafruit_GFX6heightEv  ebb.lib(adafruit_gfx.o)
    0x000043e2   0x00000002   PAD
    0x000043e4   0x00000104   Code   RO         1004    i._ZN12Adafruit_GFX8drawCharEsshtth  ebb.lib(adafruit_gfx.o)
    0x000044e8   0x000000dc   Code   RO         1005    i._ZN12Adafruit_GFX8drawLineEsssst  ebb.lib(adafruit_gfx.o)
    0x000045c4   0x00000036   Code   RO         1007    i._ZN12Adafruit_GFX8fillRectEsssst  ebb.lib(adafruit_gfx.o)
    0x000045fa   0x00000002   PAD
    0x000045fc   0x00000030   Code   RO         1009    i._ZN12Adafruit_GFXC2Ess  ebb.lib(adafruit_gfx.o)
    0x0000462c   0x00000018   Code   RO         3756    i._ZN13LcdController14setFrameBufferEj  ebb.lib(lcdcontroller.o)
    0x00004644   0x0000003c   Code   RO         3757    i._ZN13LcdController15getClockDivisorEi  ebb.lib(lcdcontroller.o)
    0x00004680   0x000001c0   Code   RO         3758    i._ZN13LcdController4initEPNS_6ConfigE  ebb.lib(lcdcontroller.o)
    0x00004840   0x00000048   Code   RO         3759    i._ZN13LcdController4openEPNS_6ConfigE  ebb.lib(lcdcontroller.o)
    0x00004888   0x00000060   Code   RO         1990    i._ZN13LcdController6ConfigC1EiiiiiiiibbbbiNS_12BitsPerPixelEiNS_8LcdPanelEb  ebb.lib(display.o)
    0x000048e8   0x00000044   Code   RO         3761    i._ZN13LcdController8setPowerEb  ebb.lib(lcdcontroller.o)
    0x0000492c   0x0000015c   Code   RO         3762    i._ZN13LcdController9pinConfigEv  ebb.lib(lcdcontroller.o)
    0x00004a88   0x00000006   Code   RO         3763    i._ZN13LcdControllerC1Ev  ebb.lib(lcdcontroller.o)
    0x00004a8e   0x00000020   Code   RO         2667    i._ZN14EaLcdBoardGPIO11set5VSignalEb  ebb.lib(ealcdboardgpio.o)
    0x00004aae   0x00000020   Code   RO         2668    i._ZN14EaLcdBoardGPIO12set3V3SignalEb  ebb.lib(ealcdboardgpio.o)
    0x00004ace   0x00000002   Code   RO         2669    i._ZN14EaLcdBoardGPIO15setWriteProtectEb  ebb.lib(ealcdboardgpio.o)
    0x00004ad0   0x0000005c   Code   RO         2670    i._ZN14EaLcdBoardGPIO20setBacklightContrastEj  ebb.lib(ealcdboardgpio.o)
    0x00004b2c   0x00000038   Code   RO         2671    i._ZN14EaLcdBoardGPIO22setDisplayEnableSignalEb  ebb.lib(ealcdboardgpio.o)
    0x00004b64   0x0000009c   Code   RO         2672    i._ZN14EaLcdBoardGPIOC1E7PinNameS0_  ebb.lib(ealcdboardgpio.o)
    0x00004c00   0x0000001a   Code   RO         2721    i._ZN4mbed10DigitalOutC1E7PinName  ebb.lib(ealcdboardgpio.o)
    0x00004c1a   0x00000002   PAD
    0x00004c1c   0x0000005c   Code   RO         2715    i._ZN4mbed10DigitalOutaSEi  ebb.lib(ealcdboardgpio.o)
    0x00004c78   0x0000003a   Code   RO         3200    i._ZN4mbed10FileHandle4flenEv  mbed.lib(filelike.o)
    0x00004cb2   0x00000010   Code   RO          865    i._ZN4mbed10TimerEvent3irqEj  mbed.lib(timerevent.o)
    0x00004cc2   0x00000014   Code   RO          866    i._ZN4mbed10TimerEvent6insertEj  mbed.lib(timerevent.o)
    0x00004cd6   0x0000000e   Code   RO          867    i._ZN4mbed10TimerEvent6removeEv  mbed.lib(timerevent.o)
    0x00004ce4   0x0000002c   Code   RO          869    i._ZN4mbed10TimerEventC2Ev  mbed.lib(timerevent.o)
    0x00004d10   0x0000000e   Code   RO         3485    i._ZN4mbed26mbed_set_unbuffered_streamEPSt6__FILE  mbed.lib(retarget.o)
    0x00004d1e   0x0000003a   Code   RO         2354    i._ZN4mbed3I2C4readEiPcib  mbed.lib(i2c.o)
    0x00004d58   0x0000003a   Code   RO         2358    i._ZN4mbed3I2C5writeEiPKcib  mbed.lib(i2c.o)
    0x00004d92   0x00000002   PAD
    0x00004d94   0x00000020   Code   RO         2359    i._ZN4mbed3I2C6aquireEv  mbed.lib(i2c.o)
    0x00004db4   0x0000001c   Code   RO         2360    i._ZN4mbed3I2C9frequencyEi  mbed.lib(i2c.o)
    0x00004dd0   0x0000002c   Code   RO         2361    i._ZN4mbed3I2CC1E7PinNameS1_  mbed.lib(i2c.o)
    0x00004dfc   0x00000006   Code   RO         2441    i._ZN4mbed6Stream4flenEv  mbed.lib(stream.o)
    0x00004e02   0x00000006   Code   RO         2447    i._ZN4mbed6Stream5closeEv  mbed.lib(stream.o)
    0x00004e08   0x00000006   Code   RO         2449    i._ZN4mbed6Stream5lseekEli  mbed.lib(stream.o)
    0x00004e0e   0x00000030   Code   RO         2451    i._ZN4mbed6Stream5writeEPKvj  mbed.lib(stream.o)
    0x00004e3e   0x00000006   Code   RO         2452    i._ZN4mbed6Stream6isattyEv  mbed.lib(stream.o)
    0x00004e44   0x00000048   Code   RO         2454    i._ZN4mbed6StreamC2EPKc  mbed.lib(stream.o)
    0x00004e8c   0x00000022   Code   RO          743    i._ZN4mbed6Ticker5setupEj  mbed.lib(ticker.o)
    0x00004eae   0x00000038   Code   RO          745    i._ZN4mbed6Ticker7handlerEv  mbed.lib(ticker.o)
    0x00004ee6   0x00000006   Code   RO         3823    i._ZN4mbed8FileBase11getPathTypeEv  mbed.lib(filebase.o)
    0x00004eec   0x00000038   Code   RO         3825    i._ZN4mbed8FileBase6lookupEPKcj  mbed.lib(filebase.o)
    0x00004f24   0x00000028   Code   RO         3827    i._ZN4mbed8FileBaseC1EPKcNS_8PathTypeE  mbed.lib(filebase.o)
    0x00004f4c   0x0000002c   Code   RO         3168    i._ZN4mbed8FileLikeC2EPKc  mbed.lib(filelike.o)
    0x00004f78   0x00000014   Code   RO         3888    i._ZN4mbed8FilePath10fileSystemEv  mbed.lib(filepath.o)
    0x00004f8c   0x0000001c   Code   RO         3889    i._ZN4mbed8FilePath12isFileSystemEv  mbed.lib(filepath.o)
    0x00004fa8   0x0000001e   Code   RO         3890    i._ZN4mbed8FilePath4fileEv  mbed.lib(filepath.o)
    0x00004fc6   0x0000000e   Code   RO         3891    i._ZN4mbed8FilePath6existsEv  mbed.lib(filepath.o)
    0x00004fd4   0x0000001c   Code   RO         3892    i._ZN4mbed8FilePath6isFileEv  mbed.lib(filepath.o)
    0x00004ff0   0x00000006   Code   RO         3893    i._ZN4mbed8FilePath8fileNameEv  mbed.lib(filepath.o)
    0x00004ff6   0x00000056   Code   RO         3894    i._ZN4mbed8FilePathC1EPKc  mbed.lib(filepath.o)
    0x0000504c   0x0000001a   Code   RO           98    i._ZN4mbed9DigitalInC1E7PinName  main.o
    0x00005066   0x00000026   Code   RO         3011    i._ZN5GFXFb10fillScreenEt  ebb.lib(gfxfb.o)
    0x0000508c   0x00000068   Code   RO         3014    i._ZN5GFXFb13drawFastVLineEssst  ebb.lib(gfxfb.o)
    0x000050f4   0x00000046   Code   RO         3017    i._ZN5GFXFb9drawPixelEsst  ebb.lib(gfxfb.o)
    0x0000513a   0x00000002   PAD
    0x0000513c   0x00000028   Code   RO         3018    i._ZN5GFXFbC1EttPt  ebb.lib(gfxfb.o)
    0x00005164   0x0000002c   Code   RO         1672    i._ZN5LM75BC1E7PinNameS0_NS_7AddressEi  ebb.lib(lm75b.o)
    0x00005190   0x0000003c   Code   RO         1933    i._ZN7Display10theDisplayEv  ebb.lib(display.o)
    0x000051cc   0x00000014   Code   RO         1935    i._ZN7Display5_putcEi  ebb.lib(display.o)
    0x000051e0   0x00000150   Code   RO         1937    i._ZN7DisplayC1Ev   ebb.lib(display.o)
    0x00005330   0x00000024   Code   RO         1437    i._ZN7MMA7455C1E7PinNameS0_  ebb.lib(mma7455.o)
    0x00005354   0x00000028   Code   RO         4472    i._Znwj             cpprt_w.l(new.o)
    0x0000537c   0x00000030   Code   RO         5090    i.__ARM_fpclassify  m_wm.l(fpclassify.o)
    0x000053ac   0x00000010   Code   RO         4479    i.__cxa_guard_acquire  cpprt_w.l(cxa_guard_acquire.o)
    0x000053bc   0x00000006   Code   RO         4476    i.__cxa_pure_virtual  cpprt_w.l(pure_virt.o)
    0x000053c2   0x00000006   Code   RO         3089    i.__reserved_stack_size  ebb.lib(sdram.o)
    0x000053c8   0x00000044   Code   RO         3090    i.__rt_heap_extend  ebb.lib(sdram.o)
    0x0000540c   0x00000098   Code   RO           12    i.__sti___8_main_cpp_led1  main.o
    0x000054a4   0x00000030   Code   RO          531    i.__user_setup_stackheap  sys.o
    0x000054d4   0x00000026   Code   RO          593    i._gpio_init_in     mbed.lib(gpio.o)
    0x000054fa   0x00000034   Code   RO          594    i._gpio_init_out    mbed.lib(gpio.o)
    0x0000552e   0x0000000e   Code   RO         4388    i._is_digit         c_w.l(__printf_wp.o)
    0x0000553c   0x00000030   Code   RO         3488    i._sys_close        mbed.lib(retarget.o)
    0x0000556c   0x0000002c   Code   RO         3491    i._sys_flen         mbed.lib(retarget.o)
    0x00005598   0x0000002c   Code   RO         3492    i._sys_istty        mbed.lib(retarget.o)
    0x000055c4   0x00000130   Code   RO         3493    i._sys_open         mbed.lib(retarget.o)
    0x000056f4   0x00000030   Code   RO         3495    i._sys_seek         mbed.lib(retarget.o)
    0x00005724   0x00000064   Code   RO         3496    i._sys_write        mbed.lib(retarget.o)
    0x00005788   0x000000ac   Code   RO          928    i.analogin_init     mbed.lib(analogin_api.o)
    0x00005834   0x00000020   Code   RO         2184    i.error             mbed.lib(error.o)
    0x00005854   0x00000020   Code   RO         3498    i.exit              mbed.lib(retarget.o)
    0x00005874   0x00000050   Code   RO          497    i.fpu_init          system_lpc407x_8x_177x_8x.o
    0x000058c4   0x0000001a   Code   RO         4415    i.fputc             c_w.l(fputc.o)
    0x000058de   0x00000002   PAD
    0x000058e0   0x00000008   Code   RO         2324    i.get_us_ticker_data  mbed.lib(us_ticker_api.o)
    0x000058e8   0x00000090   Code   RO         2578    i.gpio_dir          mbed.lib(gpio_api.o)
    0x00005978   0x00000038   Code   RO         2579    i.gpio_init         mbed.lib(gpio_api.o)
    0x000059b0   0x00000012   Code   RO          595    i.gpio_init_in      mbed.lib(gpio.o)
    0x000059c2   0x00000014   Code   RO          596    i.gpio_init_in_ex   mbed.lib(gpio.o)
    0x000059d6   0x00000012   Code   RO          598    i.gpio_init_out     mbed.lib(gpio.o)
    0x000059e8   0x00000016   Code   RO          599    i.gpio_init_out_ex  mbed.lib(gpio.o)
    0x000059fe   0x00000012   Code   RO         2580    i.gpio_mode         mbed.lib(gpio_api.o)
    0x00005a10   0x00000070   Code   RO         2581    i.gpio_set          mbed.lib(gpio_api.o)
    0x00005a80   0x00000080   Code   RO          600    i.gpio_write        mbed.lib(gpio.o)
    0x00005b00   0x00000080   Code   RO         4257    i.gpio_write        mbed.lib(board.o)
    0x00005b80   0x00000016   Code   RO         3261    i.i2c_clear_SI      mbed.lib(i2c_api.o)
    0x00005b96   0x00000018   Code   RO         3262    i.i2c_conclr        mbed.lib(i2c_api.o)
    0x00005bae   0x00000018   Code   RO         3263    i.i2c_conset        mbed.lib(i2c_api.o)
    0x00005bc6   0x0000003e   Code   RO         3264    i.i2c_do_read       mbed.lib(i2c_api.o)
    0x00005c04   0x00000020   Code   RO         3265    i.i2c_do_write      mbed.lib(i2c_api.o)
    0x00005c24   0x0000001c   Code   RO         3266    i.i2c_frequency     mbed.lib(i2c_api.o)
    0x00005c40   0x00000144   Code   RO         3267    i.i2c_init          mbed.lib(i2c_api.o)
    0x00005d84   0x000000b0   Code   RO         3268    i.i2c_read          mbed.lib(i2c_api.o)
    0x00005e34   0x00000048   Code   RO         3377    i.i2c_start         mbed.lib(i2c_api.o)
    0x00005e7c   0x00000008   Code   RO         3275    i.i2c_status        mbed.lib(i2c_api.o)
    0x00005e84   0x00000040   Code   RO         3383    i.i2c_stop          mbed.lib(i2c_api.o)
    0x00005ec4   0x00000028   Code   RO         3276    i.i2c_wait_SI       mbed.lib(i2c_api.o)
    0x00005eec   0x00000082   Code   RO         3277    i.i2c_write         mbed.lib(i2c_api.o)
    0x00005f6e   0x00000002   PAD
    0x00005f70   0x000000e0   Code   RO           13    i.main              main.o
    0x00006050   0x0000004c   Code   RO          573    i.mbed_assert_internal  mbed.lib(assert.o)
    0x0000609c   0x00000074   Code   RO         4258    i.mbed_die          mbed.lib(board.o)
    0x00006110   0x00000002   Code   RO         3499    i.mbed_main         mbed.lib(retarget.o)
    0x00006112   0x00000002   Code   RO         3500    i.mbed_sdk_init     mbed.lib(retarget.o)
    0x00006114   0x00000074   Code   RO         3233    i.pin_function      mbed.lib(pinmap.o)
    0x00006188   0x0000008c   Code   RO         3234    i.pin_mode          mbed.lib(pinmap.o)
    0x00006214   0x00000020   Code   RO         2222    i.pinmap_find_peripheral  mbed.lib(pinmap_common.o)
    0x00006234   0x00000040   Code   RO         2224    i.pinmap_merge      mbed.lib(pinmap_common.o)
    0x00006274   0x0000004c   Code   RO         2225    i.pinmap_peripheral  mbed.lib(pinmap_common.o)
    0x000062c0   0x00000054   Code   RO         2226    i.pinmap_pinout     mbed.lib(pinmap_common.o)
    0x00006314   0x000000f4   Code   RO         3401    i.pwmout_init       mbed.lib(pwmout_api.o)
    0x00006408   0x00000016   Code   RO         3403    i.pwmout_period_ms  mbed.lib(pwmout_api.o)
    0x0000641e   0x00000002   PAD
    0x00006420   0x00000044   Code   RO         3404    i.pwmout_period_us  mbed.lib(pwmout_api.o)
    0x00006464   0x00000068   Code   RO         3409    i.pwmout_write      mbed.lib(pwmout_api.o)
    0x000064cc   0x00000144   Code   RO         4092    i.serial_baud       mbed.lib(serial_api.o)
    0x00006610   0x000000fc   Code   RO         4096    i.serial_format     mbed.lib(serial_api.o)
    0x0000670c   0x000001ac   Code   RO         4099    i.serial_init       mbed.lib(serial_api.o)
    0x000068b8   0x00000018   Code   RO         4103    i.serial_putc       mbed.lib(serial_api.o)
    0x000068d0   0x0000000c   Code   RO         4105    i.serial_writable   mbed.lib(serial_api.o)
    0x000068dc   0x00000050   Code   RO         2272    i.ticker_insert_event  mbed.lib(ticker_api.o)
    0x0000692c   0x0000005a   Code   RO         2273    i.ticker_irq_handler  mbed.lib(ticker_api.o)
    0x00006986   0x0000000c   Code   RO         2274    i.ticker_read       mbed.lib(ticker_api.o)
    0x00006992   0x00000052   Code   RO         2275    i.ticker_remove_event  mbed.lib(ticker_api.o)
    0x000069e4   0x00000012   Code   RO         2276    i.ticker_set_handler  mbed.lib(ticker_api.o)
    0x000069f6   0x00000002   PAD
    0x000069f8   0x0000000c   Code   RO         2616    i.us_ticker_clear_interrupt  mbed.lib(us_ticker.o)
    0x00006a04   0x00000014   Code   RO         2617    i.us_ticker_disable_interrupt  mbed.lib(us_ticker.o)
    0x00006a18   0x00000074   Code   RO         2618    i.us_ticker_init    mbed.lib(us_ticker.o)
    0x00006a8c   0x00000010   Code   RO         2325    i.us_ticker_irq_handler  mbed.lib(us_ticker_api.o)
    0x00006a9c   0x0000001c   Code   RO         2619    i.us_ticker_read    mbed.lib(us_ticker.o)
    0x00006ab8   0x00000014   Code   RO         2620    i.us_ticker_set_interrupt  mbed.lib(us_ticker.o)
    0x00006acc   0x00000028   Code   RO          699    i.wait              mbed.lib(wait_api.o)
    0x00006af4   0x00000012   Code   RO          700    i.wait_ms           mbed.lib(wait_api.o)
    0x00006b06   0x00000018   Code   RO          701    i.wait_us           mbed.lib(wait_api.o)
    0x00006b1e   0x00000002   PAD
    0x00006b20   0x0000002c   Code   RO         5044    locale$$code        c_w.l(lc_numeric_c.o)
    0x00006b4c   0x0000002c   Code   RO         5116    locale$$code        c_w.l(lc_ctype_c.o)
    0x00006b78   0x00000008   Code   RO           92    t._ZN4mbed19FunctionPointerArg1IvvE6attachEPFvvE  main.o
    0x00006b80   0x0000000a   Code   RO         4991    x$fpl$fpinit        fz_wm.l(fpinit.o)
    0x00006b8a   0x00000004   Code   RO         4829    x$fpl$printf1       fz_wm.l(printf1.o)
    0x00006b8e   0x00000004   Code   RO         4831    x$fpl$printf2       fz_wm.l(printf2.o)
    0x00006b92   0x00000000   Code   RO         4839    x$fpl$usenofp       fz_wm.l(usenofp.o)
    0x00006b92   0x00000002   PAD
    0x00006b94   0x0000006c   Data   RO          932    .constdata          mbed.lib(analogin_api.o)
    0x00006c00   0x000004fb   Data   RO         1038    .constdata          ebb.lib(adafruit_gfx.o)
    0x000070fb   0x00000001   PAD
    0x000070fc   0x0000001c   Data   RO         2326    .constdata          mbed.lib(us_ticker_api.o)
    0x00007118   0x00000128   Data   RO         3278    .constdata          mbed.lib(i2c_api.o)
    0x00007240   0x00000190   Data   RO         3410    .constdata          mbed.lib(pwmout_api.o)
    0x000073d0   0x00000017   Data   RO         3542    .constdata          mbed.lib(retarget.o)
    0x000073e7   0x00000001   PAD
    0x000073e8   0x0000012c   Data   RO         4113    .constdata          mbed.lib(serial_api.o)
    0x00007514   0x00000028   Data   RO         4376    .constdata          c_w.l(_printf_hex_int_ll_ptr.o)
    0x0000753c   0x00000011   Data   RO         4396    .constdata          c_w.l(__printf_flags_ss_wp.o)
    0x0000754d   0x00000003   PAD
    0x00007550   0x00000008   Data   RO         4659    .constdata          c_w.l(_printf_wctomb.o)
    0x00007558   0x00000026   Data   RO         4875    .constdata          c_w.l(_printf_fp_hex.o)
    0x0000757e   0x00000002   PAD
    0x00007580   0x00000094   Data   RO         5017    .constdata          c_w.l(bigflt0.o)
    0x00007614   0x0000001c   Data   RO         2989    .constdata__ZTV10EaLcdBoard  ebb.lib(ealcdboard.o)
    0x00007630   0x0000002c   Data   RO         1178    .constdata__ZTV12Adafruit_GFX  ebb.lib(adafruit_gfx.o)
    0x0000765c   0x0000001c   Data   RO         2714    .constdata__ZTV14EaLcdBoardGPIO  ebb.lib(ealcdboardgpio.o)
    0x00007678   0x0000002c   Data   RO         3070    .constdata__ZTV5GFXFb  ebb.lib(gfxfb.o)
    0x000076a4   0x00000070   Data   RO         1989    .constdata__ZTV7Display  ebb.lib(display.o)
    0x00007714   0x0000002c   Data   RO         3708    .constdata__ZTVN4mbed10FileHandleE  mbed.lib(retarget.o)
    0x00007740   0x00000014   Data   RO          915    .constdata__ZTVN4mbed10TimerEventE  mbed.lib(timerevent.o)
    0x00007754   0x00000044   Data   RO         2552    .constdata__ZTVN4mbed6StreamE  mbed.lib(stream.o)
    0x00007798   0x00000014   Data   RO          771    .constdata__ZTVN4mbed6TickerE  mbed.lib(ticker.o)
    0x000077ac   0x00000010   Data   RO         3874    .constdata__ZTVN4mbed8FileBaseE  mbed.lib(filebase.o)
    0x000077bc   0x0000003c   Data   RO         3199    .constdata__ZTVN4mbed8FileLikeE  mbed.lib(filelike.o)
    0x000077f8   0x00000048   Data   RO           26    .conststring        main.o
    0x00007840   0x00000044   Data   RO          933    .conststring        mbed.lib(analogin_api.o)
    0x00007884   0x00000042   Data   RO         3411    .conststring        mbed.lib(pwmout_api.o)
    0x000078c6   0x00000002   PAD
    0x000078c8   0x000000c6   Data   RO         4114    .conststring        mbed.lib(serial_api.o)
    0x0000798e   0x00000002   PAD
    0x00007990   0x00000020   Data   RO         5197    Region$$Table       anon$$obj.o
    0x000079b0   0x0000001c   Data   RO         5043    locale$$data        c_w.l(lc_numeric_c.o)
    0x000079cc   0x00000110   Data   RO         5115    locale$$data        c_w.l(lc_ctype_c.o)
    0x00007adc   0x00000004   Data   RO           28    .init_array         main.o
    0x00007ae0   0x00000000   Data   RO         4464    .init_array         c_w.l(init_aeabi.o)


    Execution Region RW_IRAM1 (Base: 0x100000e8, Size: 0x000008d8, Max: 0x0000ff18, ABSOLUTE)

    Base Addr    Size         Type   Attr      Idx    E Section Name        Object

    0x100000e8   0x00000034   Data   RW           27    .data               main.o
    0x1000011c   0x00000010   Data   RW          498    .data               system_lpc407x_8x_177x_8x.o
    0x1000012c   0x00000008   Data   RW         1951    .data               ebb.lib(display.o)
    0x10000134   0x00000008   Data   RW         2327    .data               mbed.lib(us_ticker_api.o)
    0x1000013c   0x00000004   Data   RW         2371    .data               mbed.lib(i2c.o)
    0x10000140   0x00000004   Data   RW         2621    .data               mbed.lib(us_ticker.o)
    0x10000144   0x00000010   Data   RW         3101    .data               ebb.lib(sdram.o)
    0x10000154   0x00000004   Data   RW         3412    .data               mbed.lib(pwmout_api.o)
    0x10000158   0x00000001   Data   RW         3772    .data               ebb.lib(lcdcontroller.o)
    0x10000159   0x00000003   PAD
    0x1000015c   0x00000004   Data   RW         3837    .data               mbed.lib(filebase.o)
    0x10000160   0x00000010   Data   RW         4115    .data               mbed.lib(serial_api.o)
    0x10000170   0x00000004   Data   RW         4427    .data               c_w.l(stdio_streams.o)
    0x10000174   0x00000004   Data   RW         4428    .data               c_w.l(stdio_streams.o)
    0x10000178   0x00000004   Data   RW         4429    .data               c_w.l(stdio_streams.o)
    0x1000017c   0x00000200   Zero   RW           25    .bss                main.o
    0x1000037c   0x00000400   Zero   RW         2846    .bss                ebb.lib(ealcdboard.o)
    0x1000077c   0x00000040   Zero   RW         3541    .bss                mbed.lib(retarget.o)
    0x100007bc   0x00000054   Zero   RW         4424    .bss                c_w.l(stdio_streams.o)
    0x10000810   0x00000054   Zero   RW         4425    .bss                c_w.l(stdio_streams.o)
    0x10000864   0x00000054   Zero   RW         4426    .bss                c_w.l(stdio_streams.o)
    0x100008b8   0x000000e4   Zero   RW         4444    .bss                c_w.l(rand.o)
    0x1000099c   0x00000004   Zero   RW         4611    .bss                c_w.l(rt_heap_descriptor.o)
    0x100009a0   0x00000004   Zero   RW         4616    .bss                c_w.l(rt_new_handler_addr.o)
    0x100009a4   0x00000014   Zero   RW         4998    .bss                c_w.l(rt_locale.o)
    0x100009b8   0x00000004   Zero   RW         5003    .bss                c_w.l(rt_eh_globals_addr.o)
    0x100009bc   0x00000004   Zero   RW         5008    .bss                c_w.l(rt_errno_addr.o)


    Execution Region RW_IRAM2 (Base: 0x20000000, Size: 0x00000000, Max: 0x00004000, ABSOLUTE)

    **** No section assigned to this execution region ****


    Execution Region RW_IRAM3 (Base: 0x20004000, Size: 0x00000000, Max: 0x00004000, ABSOLUTE)

    **** No section assigned to this execution region ****



  Load Region LR_IROM2 (Base: 0x28000000, Size: 0x00000000, Max: 0x01000000, ABSOLUTE)

    Execution Region ER_IROM2 (Base: 0x28000000, Size: 0x00000000, Max: 0x01000000, ABSOLUTE)

    **** No section assigned to this execution region ****


==============================================================================

Image component sizes


      Code (inc. data)   RO Data    RW Data    ZI Data      Debug   Object Name

        64          6          0          0          0      28209   cmsis_nvic.o
      1110        146         76         52        512      71309   main.o
        40         12        228          0          0       1300   startup_lpc407x_8x_177x_8x.o
        48          6          0          0          0       3317   sys.o
      1040         62          0         16          0       4988   system_lpc407x_8x_177x_8x.o

    ----------------------------------------------------------------------
      2302        232        336         68        512     109123   Object Totals
         0          0         32          0          0          0   (incl. Generated)
         0          0          0          0          0          0   (incl. Padding)

    ----------------------------------------------------------------------

      Code (inc. data)   RO Data    RW Data    ZI Data      Debug   Library Member Name

        60          8          0          0          0         84   __0sscanf.o
        44          6          0          0          0         84   __2sprintf.o
         8          0          0          0          0         68   __main.o
       392          4         17          0          0         92   __printf_flags_ss_wp.o
        14          0          0          0          0         68   __printf_wp.o
         0          0          0          0          0          0   __rtentry.o
        12          0          0          0          0          0   __rtentry2.o
         6          0          0          0          0          0   __rtentry4.o
        52          8          0          0          0          0   __scatter.o
        26          0          0          0          0          0   __scatter_copy.o
        28          0          0          0          0          0   __scatter_zi.o
        28          0          0          0          0         68   _chval.o
         6          0          0          0          0          0   _printf_a.o
         6          0          0          0          0          0   _printf_c.o
        44          0          0          0          0        108   _printf_char.o
        48          6          0          0          0         96   _printf_char_common.o
        36          4          0          0          0         80   _printf_char_file.o
        40          0          0          0          0         68   _printf_charcount.o
         6          0          0          0          0          0   _printf_d.o
       120         16          0          0          0         92   _printf_dec.o
         6          0          0          0          0          0   _printf_e.o
         6          0          0          0          0          0   _printf_f.o
      1050          0          0          0          0        216   _printf_fp_dec.o
       764          8         38          0          0        100   _printf_fp_hex.o
       128         16          0          0          0         84   _printf_fp_infnan.o
         6          0          0          0          0          0   _printf_g.o
       148          4         40          0          0        160   _printf_hex_int_ll_ptr.o
         6          0          0          0          0          0   _printf_i.o
       178          0          0          0          0         88   _printf_intcommon.o
        10          0          0          0          0          0   _printf_l.o
         6          0          0          0          0          0   _printf_lc.o
        10          0          0          0          0          0   _printf_ll.o
         6          0          0          0          0          0   _printf_lld.o
         6          0          0          0          0          0   _printf_lli.o
         6          0          0          0          0          0   _printf_llo.o
         6          0          0          0          0          0   _printf_llu.o
         6          0          0          0          0          0   _printf_llx.o
       124         16          0          0          0         92   _printf_longlong_dec.o
         6          0          0          0          0          0   _printf_ls.o
         6          0          0          0          0          0   _printf_n.o
         6          0          0          0          0          0   _printf_o.o
       112          8          0          0          0        124   _printf_oct_int_ll.o
         6          0          0          0          0          0   _printf_p.o
        78          0          0          0          0        108   _printf_pad.o
         0          0          0          0          0          0   _printf_percent.o
         4          0          0          0          0          0   _printf_percent_end.o
         6          0          0          0          0          0   _printf_s.o
        82          0          0          0          0         80   _printf_str.o
        36          0          0          0          0         84   _printf_truncate.o
         6          0          0          0          0          0   _printf_u.o
        44          0          0          0          0        108   _printf_wchar.o
       188          6          8          0          0         92   _printf_wctomb.o
         6          0          0          0          0          0   _printf_x.o
       884          6          0          0          0        100   _scanf.o
       332          0          0          0          0         96   _scanf_int.o
        64          0          0          0          0         84   _sgetc.o
        10          0          0          0          0         68   _sputc.o
        64          0          0          0          0         92   _wcrtomb.o
        22          0          0          0          0         80   abort.o
       220          4        148          0          0         96   bigflt0.o
      1910        128          0          0          0        672   btod.o
        48         34          0          0          0         76   defsig_abrt_inner.o
        14          0          0          0          0         80   defsig_abrt_outer.o
        10          0          0          0          0         68   defsig_exit.o
        50          0          0          0          0         88   defsig_general.o
        48         34          0          0          0         76   defsig_pvfn_inner.o
        14          0          0          0          0         80   defsig_pvfn_outer.o
        80         58          0          0          0         76   defsig_rtmem_inner.o
        14          0          0          0          0         80   defsig_rtmem_outer.o
        52         38          0          0          0         76   defsig_rtred_inner.o
        14          0          0          0          0         80   defsig_rtred_outer.o
        76          0          0          0          0         88   fclose.o
         8          0          0          0          0         68   ferror.o
       100          4          0          0          0        120   fflush.o
       470          0          0          0          0         88   flsbuf.o
       236          4          0          0          0        128   fopen.o
        26          0          0          0          0         68   fputc.o
       248          6          0          0          0         84   fseek.o
        66          0          0          0          0         76   ftell.o
        94          0          0          0          0         80   h1_alloc.o
        52          0          0          0          0         68   h1_extend.o
        78          0          0          0          0         80   h1_free.o
        14          0          0          0          0         84   h1_init.o
         8          0          0          0          0         84   heapauxmm.o
         4          0          0          0          0        136   hguard.o
         0          0          0          0          0          0   indicate_semi.o
        36         10          0          0          0         80   init_aeabi.o
       138          0          0          0          0        168   init_alloc.o
       312         46          0          0          0        112   initio.o
        18          0          0          0          0         76   isspace.o
        44         10        272          0          0         76   lc_ctype_c.o
        44         10         28          0          0         76   lc_numeric_c.o
         2          0          0          0          0          0   libinit.o
        54          0          0          0          0          0   libinit2.o
         0          0          0          0          0          0   libshutdown2.o
       138          0          0          0          0         80   lludiv10.o
         0          0          0          0          0          0   maybetermalloc1.o
       112         18          0          0        228        160   rand.o
        16          4          0          0          0         76   rt_ctype_table.o
         8          4          0          0          4         68   rt_eh_globals_addr.o
         8          4          0          0          4         68   rt_errno_addr.o
         8          4          0          0          4         68   rt_heap_descriptor.o
         8          4          0          0         20         68   rt_locale.o
        68          0          0          0          0         68   rt_memclr.o
        78          0          0          0          0         80   rt_memclr_w.o
         8          4          0          0          4         68   rt_new_handler_addr.o
        44          8          0          0          0         84   scanf_char.o
        20          0          0          0          0         68   setbuf.o
        70          0          0          0          0         80   setvbuf.o
       240          6          0          0          0        156   stdio.o
         0          0          0         12        252          0   stdio_streams.o
       128          0          0          0          0         68   strcmpv7m.o
        62          0          0          0          0         76   strlen.o
       150          0          0          0          0         80   strncmp.o
        12          4          0          0          0         68   sys_exit.o
        14          0          0          0          0         76   sys_wrch.o
         2          0          0          0          0         68   use_no_semi.o
        10          0          0          0          0         68   vfprintf.o
        80         12          0          0          0        104   arm_exceptions_globs.o
        60          0          0          0          0        108   arm_exceptions_mem.o
        26          0          0          0          0         76   arm_exceptions_terminate.o
         4          0          0          0          0         68   arm_newhandler_noexceptions.o
        16          0          0          0          0         68   cxa_guard_acquire.o
        40          6          0          0          0         76   new.o
         6          0          0          0          0         68   pure_virt.o
      1208         10       1319          0          0      19048   adafruit_gfx.o
       512         74        112          8          0      44600   display.o
      1810         52         28          0       1024      23300   ealcdboard.o
       488         58         28          0          0      14960   ealcdboardgpio.o
       252          4         44          0          0       4944   gfxfb.o
      1026         62          0          1          0       6476   lcdcontroller.o
        44          0          0          0          0      27424   lm75b.o
        36          0          0          0          0      29364   mma7455.o
      1694         98          0         16          0       7428   sdram.o
        10          0          0          0          0        116   fpinit.o
         4          0          0          0          0        116   printf1.o
         4          0          0          0          0        116   printf2.o
         0          0          0          0          0          0   usenofp.o
        48          0          0          0          0        124   fpclassify.o
       172         52        176          0          0       2656   analogin_api.o
        76         54          0          0          0        671   assert.o
       244         82          0          0          0       1227   board.o
        32          4          0          0          0       1108   error.o
       102         12         16          4          0       2008   filebase.o
       102         10         60          0          0       3660   filelike.o
       212          0          0          0          0       6472   filepath.o
       296         82          0          0          0      32560   gpio.o
       330        154          0          0          0       3074   gpio_api.o
       220         22          0          4          0       5016   i2c.o
      1006        122        296          0          0      12009   i2c_api.o
       256        148          0          0          0       1818   pinmap.o
       256         76          0          0          0       3036   pinmap_common.o
       438         68        466          4          0       4219   pwmout_api.o
       686         68         67          0         64      15982   retarget.o
      1040        144        498         16          0       7107   serial_api.o
       144         14         68          0          0       6756   stream.o
        90          0         20          0          0      33708   ticker.o
       282          0          0          0          0       3808   ticker_api.o
        94         10         20          0          0       2660   timerevent.o
       196         48          0          4          0      29848   us_ticker.o
        24         10         28          8          0       1593   us_ticker_api.o
        82          4          0          0          0       3203   wait_api.o

    ----------------------------------------------------------------------
     25010       2122       3808         80       1604     370631   Library Totals
        46          0         11          3          0          0   (incl. Padding)

    ----------------------------------------------------------------------

      Code (inc. data)   RO Data    RW Data    ZI Data      Debug   Library Name

     11216        562        551         12        516       7848   c_w.l
       232         18          0          0          0        568   cpprt_w.l
      7070        358       1531         25       1024     177544   ebb.lib
        18          0          0          0          0        348   fz_wm.l
        48          0          0          0          0        124   m_wm.l
      6380       1184       1715         40         64     184199   mbed.lib

    ----------------------------------------------------------------------
     25010       2122       3808         80       1604     370631   Library Totals

    ----------------------------------------------------------------------

==============================================================================


      Code (inc. data)   RO Data    RW Data    ZI Data      Debug   

     27312       2354       4144        148       2116     456766   Grand Totals
     27312       2354       4144        148       2116     456766   ELF Image Totals
     27312       2354       4144        148          0          0   ROM Totals

==============================================================================

    Total RO  Size (Code + RO Data)                31456 (  30.72kB)
    Total RW  Size (RW Data + ZI Data)              2264 (   2.21kB)
    Total ROM Size (Code + RO Data + RW Data)      31604 (  30.86kB)

==============================================================================

